15:03:51 INFO  : Registering command handlers for SDK TCF services
15:03:52 INFO  : Launching XSCT server: xsct.bat -interactive C:\Users\nmil\1301_w_l\temp_xsdb_launch_script.tcl
15:03:53 INFO  : XSCT server has started successfully.
15:03:53 INFO  : Successfully done setting XSCT server connection channel  
15:03:53 INFO  : Successfully done setting SDK workspace  
15:05:20 INFO  : Project 'design_1_wrapper_hw_platform_0' created. You can now create BSPs and application projects targeting this hardware platform.
15:05:44 INFO  : Project 'design_1_wrapper_hw_platform_1' created. You can now create BSPs and application projects targeting this hardware platform.
15:06:23 INFO  : 'targets -set -filter {jtag_cable_name =~ "Digilent JTAG-SMT2 210251A08870" && level==0} -index 1' command is executed.
15:06:23 INFO  : 'fpga -state' command is executed.
15:06:24 INFO  : Connected to target on host '127.0.0.1' and port '3121'.
15:06:24 WARN  : Part name present in the hardware specification 'xc7z035ffg676-2' doesn't match the one present on the target 'xc7z030'.
15:06:25 INFO  : Jtag cable 'Digilent JTAG-SMT2 210251A08870' is selected.
15:06:25 INFO  : 'jtag frequency' command is executed.
15:06:25 INFO  : Sourcing of 'C:/Users/nmil/1301_w_l/design_1_wrapper_hw_platform_1/ps7_init.tcl' is done.
15:06:25 INFO  : Context for 'APU' is selected.
15:06:25 INFO  : Hardware design information is loaded from 'C:/Users/nmil/1301_w_l/design_1_wrapper_hw_platform_1/system.hdf'.
15:06:25 INFO  : 'configparams force-mem-access 1' command is executed.
15:06:25 INFO  : Context for 'APU' is selected.
15:06:25 INFO  : 'stop' command is executed.
15:06:26 INFO  : 'ps7_init' command is executed.
15:06:26 INFO  : 'ps7_post_config' command is executed.
15:06:26 INFO  : Context for processor 'ps7_cortexa9_0' is selected.
15:06:26 INFO  : Processor reset is completed for 'ps7_cortexa9_0'.
15:06:26 INFO  : Context for processor 'ps7_cortexa9_0' is selected.
15:06:26 INFO  : The application 'C:/Users/nmil/1301_w_l/123/Debug/123.elf' is downloaded to processor 'ps7_cortexa9_0'.
15:06:26 INFO  : 'configparams force-mem-access 0' command is executed.
15:06:26 INFO  : ----------------XSDB Script----------------
connect -url tcp:127.0.0.1:3121
source C:/Users/nmil/1301_w_l/design_1_wrapper_hw_platform_1/ps7_init.tcl
targets -set -nocase -filter {name =~"APU*" && jtag_cable_name =~ "Digilent JTAG-SMT2 210251A08870"} -index 0
loadhw -hw C:/Users/nmil/1301_w_l/design_1_wrapper_hw_platform_1/system.hdf -mem-ranges [list {0x40000000 0xbfffffff}]
configparams force-mem-access 1
targets -set -nocase -filter {name =~"APU*" && jtag_cable_name =~ "Digilent JTAG-SMT2 210251A08870"} -index 0
stop
ps7_init
ps7_post_config
targets -set -nocase -filter {name =~ "ARM*#0" && jtag_cable_name =~ "Digilent JTAG-SMT2 210251A08870"} -index 0
rst -processor
targets -set -nocase -filter {name =~ "ARM*#0" && jtag_cable_name =~ "Digilent JTAG-SMT2 210251A08870"} -index 0
dow C:/Users/nmil/1301_w_l/123/Debug/123.elf
configparams force-mem-access 0
----------------End of Script----------------

15:06:26 INFO  : Memory regions updated for context APU
15:06:26 INFO  : Context for processor 'ps7_cortexa9_0' is selected.
15:06:26 INFO  : 'con' command is executed.
15:06:26 INFO  : ----------------XSDB Script (After Launch)----------------
targets -set -nocase -filter {name =~ "ARM*#0" && jtag_cable_name =~ "Digilent JTAG-SMT2 210251A08870"} -index 0
con
----------------End of Script----------------

15:06:26 INFO  : Launch script is exported to file 'C:\Users\nmil\1301_w_l\.sdk\launch_scripts\xilinx_c-c++_application_(system_debugger)\system_debugger_using_debug_123.elf_on_local.tcl'
15:06:48 INFO  : Disconnected from the channel tcfchan#1.
15:06:50 INFO  : 'targets -set -filter {jtag_cable_name =~ "Digilent JTAG-SMT2 210251A08870" && level==0} -index 1' command is executed.
15:06:50 INFO  : 'fpga -state' command is executed.
15:06:51 INFO  : Connected to target on host '127.0.0.1' and port '3121'.
15:06:51 WARN  : Part name present in the hardware specification 'xc7z035ffg676-2' doesn't match the one present on the target 'xc7z030'.
15:06:51 INFO  : Jtag cable 'Digilent JTAG-SMT2 210251A08870' is selected.
15:06:51 INFO  : 'jtag frequency' command is executed.
15:06:51 INFO  : Sourcing of 'C:/Users/nmil/1301_w_l/design_1_wrapper_hw_platform_1/ps7_init.tcl' is done.
15:06:52 INFO  : Context for 'APU' is selected.
15:06:52 INFO  : Hardware design information is loaded from 'C:/Users/nmil/1301_w_l/design_1_wrapper_hw_platform_1/system.hdf'.
15:06:52 INFO  : 'configparams force-mem-access 1' command is executed.
15:06:52 INFO  : Context for 'APU' is selected.
15:06:52 INFO  : 'stop' command is executed.
15:06:52 INFO  : 'ps7_init' command is executed.
15:06:52 INFO  : 'ps7_post_config' command is executed.
15:06:52 INFO  : Context for processor 'ps7_cortexa9_0' is selected.
15:06:52 INFO  : Processor reset is completed for 'ps7_cortexa9_0'.
15:06:52 INFO  : Context for processor 'ps7_cortexa9_0' is selected.
15:06:52 INFO  : The application 'C:/Users/nmil/1301_w_l/123/Debug/123.elf' is downloaded to processor 'ps7_cortexa9_0'.
15:06:52 INFO  : 'configparams force-mem-access 0' command is executed.
15:06:52 INFO  : ----------------XSDB Script----------------
connect -url tcp:127.0.0.1:3121
source C:/Users/nmil/1301_w_l/design_1_wrapper_hw_platform_1/ps7_init.tcl
targets -set -nocase -filter {name =~"APU*" && jtag_cable_name =~ "Digilent JTAG-SMT2 210251A08870"} -index 0
loadhw -hw C:/Users/nmil/1301_w_l/design_1_wrapper_hw_platform_1/system.hdf -mem-ranges [list {0x40000000 0xbfffffff}]
configparams force-mem-access 1
targets -set -nocase -filter {name =~"APU*" && jtag_cable_name =~ "Digilent JTAG-SMT2 210251A08870"} -index 0
stop
ps7_init
ps7_post_config
targets -set -nocase -filter {name =~ "ARM*#0" && jtag_cable_name =~ "Digilent JTAG-SMT2 210251A08870"} -index 0
rst -processor
targets -set -nocase -filter {name =~ "ARM*#0" && jtag_cable_name =~ "Digilent JTAG-SMT2 210251A08870"} -index 0
dow C:/Users/nmil/1301_w_l/123/Debug/123.elf
configparams force-mem-access 0
----------------End of Script----------------

15:06:52 INFO  : Memory regions updated for context APU
15:06:52 INFO  : Context for processor 'ps7_cortexa9_0' is selected.
15:06:52 INFO  : 'con' command is executed.
15:06:52 INFO  : ----------------XSDB Script (After Launch)----------------
targets -set -nocase -filter {name =~ "ARM*#0" && jtag_cable_name =~ "Digilent JTAG-SMT2 210251A08870"} -index 0
con
----------------End of Script----------------

15:06:52 INFO  : Launch script is exported to file 'C:\Users\nmil\1301_w_l\.sdk\launch_scripts\xilinx_c-c++_application_(system_debugger)\system_debugger_using_debug_123.elf_on_local.tcl'
15:08:10 INFO  : Disconnected from the channel tcfchan#2.
15:08:12 INFO  : 'targets -set -filter {jtag_cable_name =~ "Digilent JTAG-SMT2 210251A08870" && level==0} -index 1' command is executed.
15:08:12 INFO  : 'fpga -state' command is executed.
15:08:13 INFO  : Connected to target on host '127.0.0.1' and port '3121'.
15:08:13 WARN  : Part name present in the hardware specification 'xc7z035ffg676-2' doesn't match the one present on the target 'xc7z030'.
15:08:14 INFO  : Jtag cable 'Digilent JTAG-SMT2 210251A08870' is selected.
15:08:14 INFO  : 'jtag frequency' command is executed.
15:08:14 INFO  : Sourcing of 'C:/Users/nmil/1301_w_l/design_1_wrapper_hw_platform_1/ps7_init.tcl' is done.
15:08:14 INFO  : Context for 'APU' is selected.
15:08:14 INFO  : Hardware design information is loaded from 'C:/Users/nmil/1301_w_l/design_1_wrapper_hw_platform_1/system.hdf'.
15:08:14 INFO  : 'configparams force-mem-access 1' command is executed.
15:08:14 INFO  : Context for 'APU' is selected.
15:08:14 INFO  : 'stop' command is executed.
15:08:14 INFO  : 'ps7_init' command is executed.
15:08:14 INFO  : 'ps7_post_config' command is executed.
15:08:14 INFO  : Context for processor 'ps7_cortexa9_0' is selected.
15:08:14 INFO  : Processor reset is completed for 'ps7_cortexa9_0'.
15:08:14 INFO  : Context for processor 'ps7_cortexa9_0' is selected.
15:08:14 INFO  : The application 'C:/Users/nmil/1301_w_l/123/Debug/123.elf' is downloaded to processor 'ps7_cortexa9_0'.
15:08:14 INFO  : 'configparams force-mem-access 0' command is executed.
15:08:14 INFO  : ----------------XSDB Script----------------
connect -url tcp:127.0.0.1:3121
source C:/Users/nmil/1301_w_l/design_1_wrapper_hw_platform_1/ps7_init.tcl
targets -set -nocase -filter {name =~"APU*" && jtag_cable_name =~ "Digilent JTAG-SMT2 210251A08870"} -index 0
loadhw -hw C:/Users/nmil/1301_w_l/design_1_wrapper_hw_platform_1/system.hdf -mem-ranges [list {0x40000000 0xbfffffff}]
configparams force-mem-access 1
targets -set -nocase -filter {name =~"APU*" && jtag_cable_name =~ "Digilent JTAG-SMT2 210251A08870"} -index 0
stop
ps7_init
ps7_post_config
targets -set -nocase -filter {name =~ "ARM*#0" && jtag_cable_name =~ "Digilent JTAG-SMT2 210251A08870"} -index 0
rst -processor
targets -set -nocase -filter {name =~ "ARM*#0" && jtag_cable_name =~ "Digilent JTAG-SMT2 210251A08870"} -index 0
dow C:/Users/nmil/1301_w_l/123/Debug/123.elf
configparams force-mem-access 0
----------------End of Script----------------

15:08:14 INFO  : Memory regions updated for context APU
15:08:14 INFO  : Context for processor 'ps7_cortexa9_0' is selected.
15:08:14 INFO  : 'con' command is executed.
15:08:14 INFO  : ----------------XSDB Script (After Launch)----------------
targets -set -nocase -filter {name =~ "ARM*#0" && jtag_cable_name =~ "Digilent JTAG-SMT2 210251A08870"} -index 0
con
----------------End of Script----------------

15:08:14 INFO  : Launch script is exported to file 'C:\Users\nmil\1301_w_l\.sdk\launch_scripts\xilinx_c-c++_application_(system_debugger)\system_debugger_using_debug_123.elf_on_local.tcl'
15:24:08 INFO  : Refreshed build settings on project 123
15:38:02 INFO  : Disconnected from the channel tcfchan#3.
15:38:03 INFO  : 'targets -set -filter {jtag_cable_name =~ "Digilent JTAG-SMT2 210251A08870" && level==0} -index 1' command is executed.
15:38:03 INFO  : 'fpga -state' command is executed.
15:38:04 INFO  : Connected to target on host '127.0.0.1' and port '3121'.
15:38:04 WARN  : Part name present in the hardware specification 'xc7z035ffg676-2' doesn't match the one present on the target 'xc7z030'.
15:38:05 INFO  : Jtag cable 'Digilent JTAG-SMT2 210251A08870' is selected.
15:38:05 INFO  : 'jtag frequency' command is executed.
15:38:05 INFO  : Sourcing of 'C:/Users/nmil/1301_w_l/design_1_wrapper_hw_platform_1/ps7_init.tcl' is done.
15:38:05 INFO  : Context for 'APU' is selected.
15:38:05 INFO  : Hardware design information is loaded from 'C:/Users/nmil/1301_w_l/design_1_wrapper_hw_platform_1/system.hdf'.
15:38:05 INFO  : 'configparams force-mem-access 1' command is executed.
15:38:05 INFO  : Context for 'APU' is selected.
15:38:05 INFO  : 'stop' command is executed.
15:38:05 INFO  : 'ps7_init' command is executed.
15:38:05 INFO  : 'ps7_post_config' command is executed.
15:38:05 INFO  : Context for processor 'ps7_cortexa9_0' is selected.
15:38:05 INFO  : Processor reset is completed for 'ps7_cortexa9_0'.
15:38:05 INFO  : Context for processor 'ps7_cortexa9_1' is selected.
15:38:05 INFO  : Processor reset is completed for 'ps7_cortexa9_1'.
15:38:05 INFO  : Context for processor 'ps7_cortexa9_0' is selected.
15:38:06 INFO  : The application 'C:/Users/nmil/1301_w_l/123/Debug/123.elf' is downloaded to processor 'ps7_cortexa9_0'.
15:38:06 INFO  : Context for processor 'ps7_cortexa9_1' is selected.
15:38:06 INFO  : The application 'C:/Users/nmil/1301_w_l/321/Debug/321.elf' is downloaded to processor 'ps7_cortexa9_1'.
15:38:06 INFO  : 'configparams force-mem-access 0' command is executed.
15:38:06 INFO  : ----------------XSDB Script----------------
connect -url tcp:127.0.0.1:3121
source C:/Users/nmil/1301_w_l/design_1_wrapper_hw_platform_1/ps7_init.tcl
targets -set -nocase -filter {name =~"APU*" && jtag_cable_name =~ "Digilent JTAG-SMT2 210251A08870"} -index 0
loadhw -hw C:/Users/nmil/1301_w_l/design_1_wrapper_hw_platform_1/system.hdf -mem-ranges [list {0x40000000 0xbfffffff}]
configparams force-mem-access 1
targets -set -nocase -filter {name =~"APU*" && jtag_cable_name =~ "Digilent JTAG-SMT2 210251A08870"} -index 0
stop
ps7_init
ps7_post_config
targets -set -nocase -filter {name =~ "ARM*#0" && jtag_cable_name =~ "Digilent JTAG-SMT2 210251A08870"} -index 0
rst -processor
targets -set -nocase -filter {name =~ "ARM*#1" && jtag_cable_name =~ "Digilent JTAG-SMT2 210251A08870"} -index 0
rst -processor
targets -set -nocase -filter {name =~ "ARM*#0" && jtag_cable_name =~ "Digilent JTAG-SMT2 210251A08870"} -index 0
dow C:/Users/nmil/1301_w_l/123/Debug/123.elf
targets -set -nocase -filter {name =~ "ARM*#1" && jtag_cable_name =~ "Digilent JTAG-SMT2 210251A08870"} -index 0
dow C:/Users/nmil/1301_w_l/321/Debug/321.elf
configparams force-mem-access 0
----------------End of Script----------------

15:38:06 INFO  : Memory regions updated for context APU
15:38:06 INFO  : Context for processor 'ps7_cortexa9_0' is selected.
15:38:06 INFO  : 'con' command is executed.
15:38:06 INFO  : Context for processor 'ps7_cortexa9_1' is selected.
15:38:06 INFO  : 'con' command is executed.
15:38:06 INFO  : ----------------XSDB Script (After Launch)----------------
targets -set -nocase -filter {name =~ "ARM*#0" && jtag_cable_name =~ "Digilent JTAG-SMT2 210251A08870"} -index 0
con
targets -set -nocase -filter {name =~ "ARM*#1" && jtag_cable_name =~ "Digilent JTAG-SMT2 210251A08870"} -index 0
con
----------------End of Script----------------

15:38:06 INFO  : Launch script is exported to file 'C:\Users\nmil\1301_w_l\.sdk\launch_scripts\xilinx_c-c++_application_(system_debugger)\system_debugger_using_debug_123.elf_on_local.tcl'
15:38:37 INFO  : Disconnected from the channel tcfchan#4.
15:38:38 INFO  : 'targets -set -filter {jtag_cable_name =~ "Digilent JTAG-SMT2 210251A08870" && level==0} -index 1' command is executed.
15:38:38 INFO  : 'fpga -state' command is executed.
15:38:42 INFO  : Connected to target on host '127.0.0.1' and port '3121'.
15:38:42 WARN  : Part name present in the hardware specification 'xc7z035ffg676-2' doesn't match the one present on the target 'xc7z030'.
15:38:43 INFO  : Jtag cable 'Digilent JTAG-SMT2 210251A08870' is selected.
15:38:43 INFO  : 'jtag frequency' command is executed.
15:38:43 INFO  : Sourcing of 'C:/Users/nmil/1301_w_l/design_1_wrapper_hw_platform_1/ps7_init.tcl' is done.
15:38:43 INFO  : Context for 'APU' is selected.
15:38:43 INFO  : Hardware design information is loaded from 'C:/Users/nmil/1301_w_l/design_1_wrapper_hw_platform_1/system.hdf'.
15:38:43 INFO  : 'configparams force-mem-access 1' command is executed.
15:38:43 INFO  : Context for 'APU' is selected.
15:38:43 INFO  : 'stop' command is executed.
15:38:43 INFO  : 'ps7_init' command is executed.
15:38:43 INFO  : 'ps7_post_config' command is executed.
15:38:43 INFO  : Context for processor 'ps7_cortexa9_0' is selected.
15:38:43 INFO  : Processor reset is completed for 'ps7_cortexa9_0'.
15:38:43 INFO  : Context for processor 'ps7_cortexa9_1' is selected.
15:38:43 INFO  : Processor reset is completed for 'ps7_cortexa9_1'.
15:38:43 INFO  : Context for processor 'ps7_cortexa9_0' is selected.
15:38:44 INFO  : The application 'C:/Users/nmil/1301_w_l/123/Debug/123.elf' is downloaded to processor 'ps7_cortexa9_0'.
15:38:44 INFO  : Context for processor 'ps7_cortexa9_1' is selected.
15:38:44 INFO  : The application 'C:/Users/nmil/1301_w_l/321/Debug/321.elf' is downloaded to processor 'ps7_cortexa9_1'.
15:38:44 INFO  : 'configparams force-mem-access 0' command is executed.
15:38:44 INFO  : ----------------XSDB Script----------------
connect -url tcp:127.0.0.1:3121
source C:/Users/nmil/1301_w_l/design_1_wrapper_hw_platform_1/ps7_init.tcl
targets -set -nocase -filter {name =~"APU*" && jtag_cable_name =~ "Digilent JTAG-SMT2 210251A08870"} -index 0
loadhw -hw C:/Users/nmil/1301_w_l/design_1_wrapper_hw_platform_1/system.hdf -mem-ranges [list {0x40000000 0xbfffffff}]
configparams force-mem-access 1
targets -set -nocase -filter {name =~"APU*" && jtag_cable_name =~ "Digilent JTAG-SMT2 210251A08870"} -index 0
stop
ps7_init
ps7_post_config
targets -set -nocase -filter {name =~ "ARM*#0" && jtag_cable_name =~ "Digilent JTAG-SMT2 210251A08870"} -index 0
rst -processor
targets -set -nocase -filter {name =~ "ARM*#1" && jtag_cable_name =~ "Digilent JTAG-SMT2 210251A08870"} -index 0
rst -processor
targets -set -nocase -filter {name =~ "ARM*#0" && jtag_cable_name =~ "Digilent JTAG-SMT2 210251A08870"} -index 0
dow C:/Users/nmil/1301_w_l/123/Debug/123.elf
targets -set -nocase -filter {name =~ "ARM*#1" && jtag_cable_name =~ "Digilent JTAG-SMT2 210251A08870"} -index 0
dow C:/Users/nmil/1301_w_l/321/Debug/321.elf
configparams force-mem-access 0
----------------End of Script----------------

15:38:44 INFO  : Memory regions updated for context APU
15:38:44 INFO  : Context for processor 'ps7_cortexa9_0' is selected.
15:38:44 INFO  : 'con' command is executed.
15:38:44 INFO  : Context for processor 'ps7_cortexa9_1' is selected.
15:38:44 INFO  : 'con' command is executed.
15:38:44 INFO  : ----------------XSDB Script (After Launch)----------------
targets -set -nocase -filter {name =~ "ARM*#0" && jtag_cable_name =~ "Digilent JTAG-SMT2 210251A08870"} -index 0
con
targets -set -nocase -filter {name =~ "ARM*#1" && jtag_cable_name =~ "Digilent JTAG-SMT2 210251A08870"} -index 0
con
----------------End of Script----------------

15:38:44 INFO  : Launch script is exported to file 'C:\Users\nmil\1301_w_l\.sdk\launch_scripts\xilinx_c-c++_application_(system_debugger)\system_debugger_using_debug_123.elf_on_local.tcl'
15:39:03 INFO  : Disconnected from the channel tcfchan#5.
15:39:04 INFO  : 'targets -set -filter {jtag_cable_name =~ "Digilent JTAG-SMT2 210251A08870" && level==0} -index 1' command is executed.
15:39:04 INFO  : 'fpga -state' command is executed.
15:39:04 INFO  : Connected to target on host '127.0.0.1' and port '3121'.
15:39:04 WARN  : Part name present in the hardware specification 'xc7z035ffg676-2' doesn't match the one present on the target 'xc7z030'.
15:39:06 INFO  : Jtag cable 'Digilent JTAG-SMT2 210251A08870' is selected.
15:39:06 INFO  : 'jtag frequency' command is executed.
15:39:06 INFO  : Sourcing of 'C:/Users/nmil/1301_w_l/design_1_wrapper_hw_platform_1/ps7_init.tcl' is done.
15:39:06 INFO  : Context for 'APU' is selected.
15:39:06 INFO  : Hardware design information is loaded from 'C:/Users/nmil/1301_w_l/design_1_wrapper_hw_platform_1/system.hdf'.
15:39:06 INFO  : 'configparams force-mem-access 1' command is executed.
15:39:06 INFO  : Context for 'APU' is selected.
15:39:06 INFO  : 'stop' command is executed.
15:39:06 INFO  : 'ps7_init' command is executed.
15:39:06 INFO  : 'ps7_post_config' command is executed.
15:39:06 INFO  : Context for processor 'ps7_cortexa9_0' is selected.
15:39:06 INFO  : Processor reset is completed for 'ps7_cortexa9_0'.
15:39:06 INFO  : Context for processor 'ps7_cortexa9_0' is selected.
15:39:06 INFO  : The application 'C:/Users/nmil/1301_w_l/123/Debug/123.elf' is downloaded to processor 'ps7_cortexa9_0'.
15:39:06 INFO  : 'configparams force-mem-access 0' command is executed.
15:39:06 INFO  : ----------------XSDB Script----------------
connect -url tcp:127.0.0.1:3121
source C:/Users/nmil/1301_w_l/design_1_wrapper_hw_platform_1/ps7_init.tcl
targets -set -nocase -filter {name =~"APU*" && jtag_cable_name =~ "Digilent JTAG-SMT2 210251A08870"} -index 0
loadhw -hw C:/Users/nmil/1301_w_l/design_1_wrapper_hw_platform_1/system.hdf -mem-ranges [list {0x40000000 0xbfffffff}]
configparams force-mem-access 1
targets -set -nocase -filter {name =~"APU*" && jtag_cable_name =~ "Digilent JTAG-SMT2 210251A08870"} -index 0
stop
ps7_init
ps7_post_config
targets -set -nocase -filter {name =~ "ARM*#0" && jtag_cable_name =~ "Digilent JTAG-SMT2 210251A08870"} -index 0
rst -processor
targets -set -nocase -filter {name =~ "ARM*#0" && jtag_cable_name =~ "Digilent JTAG-SMT2 210251A08870"} -index 0
dow C:/Users/nmil/1301_w_l/123/Debug/123.elf
configparams force-mem-access 0
----------------End of Script----------------

15:39:06 INFO  : Memory regions updated for context APU
15:39:07 INFO  : Context for processor 'ps7_cortexa9_0' is selected.
15:39:07 INFO  : 'con' command is executed.
15:39:07 INFO  : ----------------XSDB Script (After Launch)----------------
targets -set -nocase -filter {name =~ "ARM*#0" && jtag_cable_name =~ "Digilent JTAG-SMT2 210251A08870"} -index 0
con
----------------End of Script----------------

15:39:07 INFO  : Launch script is exported to file 'C:\Users\nmil\1301_w_l\.sdk\launch_scripts\xilinx_c-c++_application_(system_debugger)\system_debugger_using_debug_123.elf_on_local.tcl'
16:08:46 INFO  : 'targets -set -filter {jtag_cable_name =~ "Digilent JTAG-SMT2 210251A08870" && level==0} -index 1' command is executed.
16:08:46 INFO  : 'fpga -state' command is executed.
16:08:46 INFO  : Connected to target on host '127.0.0.1' and port '3121'.
16:08:46 WARN  : Part name present in the hardware specification 'xc7z035ffg676-2' doesn't match the one present on the target 'xc7z030'.
16:08:48 INFO  : Jtag cable 'Digilent JTAG-SMT2 210251A08870' is selected.
16:08:48 INFO  : 'jtag frequency' command is executed.
16:08:48 INFO  : Sourcing of 'C:/Users/nmil/1301_w_l/design_1_wrapper_hw_platform_1/ps7_init.tcl' is done.
16:08:48 INFO  : Context for 'APU' is selected.
16:08:48 INFO  : Hardware design information is loaded from 'C:/Users/nmil/1301_w_l/design_1_wrapper_hw_platform_1/system.hdf'.
16:08:48 INFO  : 'configparams force-mem-access 1' command is executed.
16:08:48 INFO  : Context for 'APU' is selected.
16:08:48 INFO  : 'stop' command is executed.
16:08:48 INFO  : 'ps7_init' command is executed.
16:08:48 INFO  : 'ps7_post_config' command is executed.
16:08:48 INFO  : Context for processor 'ps7_cortexa9_0' is selected.
16:08:48 INFO  : Processor reset is completed for 'ps7_cortexa9_0'.
16:08:48 INFO  : Context for processor 'ps7_cortexa9_0' is selected.
16:08:48 INFO  : The application 'C:/Users/nmil/1301_w_l/123/Debug/123.elf' is downloaded to processor 'ps7_cortexa9_0'.
16:08:48 INFO  : 'configparams force-mem-access 0' command is executed.
16:08:48 INFO  : ----------------XSDB Script----------------
connect -url tcp:127.0.0.1:3121
source C:/Users/nmil/1301_w_l/design_1_wrapper_hw_platform_1/ps7_init.tcl
targets -set -nocase -filter {name =~"APU*" && jtag_cable_name =~ "Digilent JTAG-SMT2 210251A08870"} -index 0
loadhw -hw C:/Users/nmil/1301_w_l/design_1_wrapper_hw_platform_1/system.hdf -mem-ranges [list {0x40000000 0xbfffffff}]
configparams force-mem-access 1
targets -set -nocase -filter {name =~"APU*" && jtag_cable_name =~ "Digilent JTAG-SMT2 210251A08870"} -index 0
stop
ps7_init
ps7_post_config
targets -set -nocase -filter {name =~ "ARM*#0" && jtag_cable_name =~ "Digilent JTAG-SMT2 210251A08870"} -index 0
rst -processor
targets -set -nocase -filter {name =~ "ARM*#0" && jtag_cable_name =~ "Digilent JTAG-SMT2 210251A08870"} -index 0
dow C:/Users/nmil/1301_w_l/123/Debug/123.elf
configparams force-mem-access 0
----------------End of Script----------------

16:08:48 INFO  : Memory regions updated for context APU
16:08:48 INFO  : Context for processor 'ps7_cortexa9_0' is selected.
16:08:48 INFO  : 'con' command is executed.
16:08:48 INFO  : ----------------XSDB Script (After Launch)----------------
targets -set -nocase -filter {name =~ "ARM*#0" && jtag_cable_name =~ "Digilent JTAG-SMT2 210251A08870"} -index 0
con
----------------End of Script----------------

16:08:48 INFO  : Launch script is exported to file 'C:\Users\nmil\1301_w_l\.sdk\launch_scripts\xilinx_c-c++_application_(system_debugger)\system_debugger_using_debug_123.elf_on_local.tcl'
16:08:58 INFO  : Disconnected from the channel tcfchan#6.
16:08:59 INFO  : 'targets -set -filter {jtag_cable_name =~ "Digilent JTAG-SMT2 210251A08870" && level==0} -index 1' command is executed.
16:08:59 INFO  : 'fpga -state' command is executed.
16:08:59 INFO  : Connected to target on host '127.0.0.1' and port '3121'.
16:08:59 WARN  : Part name present in the hardware specification 'xc7z035ffg676-2' doesn't match the one present on the target 'xc7z030'.
16:09:01 INFO  : Jtag cable 'Digilent JTAG-SMT2 210251A08870' is selected.
16:09:01 INFO  : 'jtag frequency' command is executed.
16:09:01 INFO  : Sourcing of 'C:/Users/nmil/1301_w_l/design_1_wrapper_hw_platform_1/ps7_init.tcl' is done.
16:09:01 INFO  : Context for 'APU' is selected.
16:09:01 INFO  : Hardware design information is loaded from 'C:/Users/nmil/1301_w_l/design_1_wrapper_hw_platform_1/system.hdf'.
16:09:01 INFO  : 'configparams force-mem-access 1' command is executed.
16:09:01 INFO  : Context for 'APU' is selected.
16:09:01 INFO  : 'stop' command is executed.
16:09:01 INFO  : 'ps7_init' command is executed.
16:09:01 INFO  : 'ps7_post_config' command is executed.
16:09:01 INFO  : Context for processor 'ps7_cortexa9_0' is selected.
16:09:01 INFO  : Processor reset is completed for 'ps7_cortexa9_0'.
16:09:01 INFO  : Context for processor 'ps7_cortexa9_1' is selected.
16:09:01 INFO  : Processor reset is completed for 'ps7_cortexa9_1'.
16:09:01 INFO  : Context for processor 'ps7_cortexa9_0' is selected.
16:09:01 INFO  : The application 'C:/Users/nmil/1301_w_l/123/Debug/123.elf' is downloaded to processor 'ps7_cortexa9_0'.
16:09:01 INFO  : Context for processor 'ps7_cortexa9_1' is selected.
16:09:02 INFO  : The application 'C:/Users/nmil/1301_w_l/321/Debug/321.elf' is downloaded to processor 'ps7_cortexa9_1'.
16:09:02 INFO  : 'configparams force-mem-access 0' command is executed.
16:09:02 INFO  : ----------------XSDB Script----------------
connect -url tcp:127.0.0.1:3121
source C:/Users/nmil/1301_w_l/design_1_wrapper_hw_platform_1/ps7_init.tcl
targets -set -nocase -filter {name =~"APU*" && jtag_cable_name =~ "Digilent JTAG-SMT2 210251A08870"} -index 0
loadhw -hw C:/Users/nmil/1301_w_l/design_1_wrapper_hw_platform_1/system.hdf -mem-ranges [list {0x40000000 0xbfffffff}]
configparams force-mem-access 1
targets -set -nocase -filter {name =~"APU*" && jtag_cable_name =~ "Digilent JTAG-SMT2 210251A08870"} -index 0
stop
ps7_init
ps7_post_config
targets -set -nocase -filter {name =~ "ARM*#0" && jtag_cable_name =~ "Digilent JTAG-SMT2 210251A08870"} -index 0
rst -processor
targets -set -nocase -filter {name =~ "ARM*#1" && jtag_cable_name =~ "Digilent JTAG-SMT2 210251A08870"} -index 0
rst -processor
targets -set -nocase -filter {name =~ "ARM*#0" && jtag_cable_name =~ "Digilent JTAG-SMT2 210251A08870"} -index 0
dow C:/Users/nmil/1301_w_l/123/Debug/123.elf
targets -set -nocase -filter {name =~ "ARM*#1" && jtag_cable_name =~ "Digilent JTAG-SMT2 210251A08870"} -index 0
dow C:/Users/nmil/1301_w_l/321/Debug/321.elf
configparams force-mem-access 0
----------------End of Script----------------

16:09:02 INFO  : Memory regions updated for context APU
16:09:02 INFO  : Context for processor 'ps7_cortexa9_0' is selected.
16:09:02 INFO  : 'con' command is executed.
16:09:02 INFO  : Context for processor 'ps7_cortexa9_1' is selected.
16:09:02 INFO  : 'con' command is executed.
16:09:02 INFO  : ----------------XSDB Script (After Launch)----------------
targets -set -nocase -filter {name =~ "ARM*#0" && jtag_cable_name =~ "Digilent JTAG-SMT2 210251A08870"} -index 0
con
targets -set -nocase -filter {name =~ "ARM*#1" && jtag_cable_name =~ "Digilent JTAG-SMT2 210251A08870"} -index 0
con
----------------End of Script----------------

16:09:02 INFO  : Launch script is exported to file 'C:\Users\nmil\1301_w_l\.sdk\launch_scripts\xilinx_c-c++_application_(system_debugger)\system_debugger_using_debug_123.elf_on_local.tcl'
16:09:09 INFO  : Disconnected from the channel tcfchan#7.
16:09:10 INFO  : 'targets -set -filter {jtag_cable_name =~ "Digilent JTAG-SMT2 210251A08870" && level==0} -index 1' command is executed.
16:09:10 INFO  : 'fpga -state' command is executed.
16:09:10 INFO  : Connected to target on host '127.0.0.1' and port '3121'.
16:09:10 WARN  : Part name present in the hardware specification 'xc7z035ffg676-2' doesn't match the one present on the target 'xc7z030'.
16:09:11 INFO  : Jtag cable 'Digilent JTAG-SMT2 210251A08870' is selected.
16:09:11 INFO  : 'jtag frequency' command is executed.
16:09:11 INFO  : Sourcing of 'C:/Users/nmil/1301_w_l/design_1_wrapper_hw_platform_1/ps7_init.tcl' is done.
16:09:11 INFO  : Context for 'APU' is selected.
16:09:11 INFO  : Hardware design information is loaded from 'C:/Users/nmil/1301_w_l/design_1_wrapper_hw_platform_1/system.hdf'.
16:09:11 INFO  : 'configparams force-mem-access 1' command is executed.
16:09:11 INFO  : Context for 'APU' is selected.
16:09:11 INFO  : 'stop' command is executed.
16:09:11 INFO  : 'ps7_init' command is executed.
16:09:11 INFO  : 'ps7_post_config' command is executed.
16:09:11 INFO  : Context for processor 'ps7_cortexa9_0' is selected.
16:09:11 INFO  : Processor reset is completed for 'ps7_cortexa9_0'.
16:09:11 INFO  : Context for processor 'ps7_cortexa9_1' is selected.
16:09:11 INFO  : Processor reset is completed for 'ps7_cortexa9_1'.
16:09:11 INFO  : Context for processor 'ps7_cortexa9_0' is selected.
16:09:11 INFO  : The application 'C:/Users/nmil/1301_w_l/123/Debug/123.elf' is downloaded to processor 'ps7_cortexa9_0'.
16:09:12 INFO  : Context for processor 'ps7_cortexa9_1' is selected.
16:09:12 INFO  : The application 'C:/Users/nmil/1301_w_l/321/Debug/321.elf' is downloaded to processor 'ps7_cortexa9_1'.
16:09:12 INFO  : 'configparams force-mem-access 0' command is executed.
16:09:12 INFO  : ----------------XSDB Script----------------
connect -url tcp:127.0.0.1:3121
source C:/Users/nmil/1301_w_l/design_1_wrapper_hw_platform_1/ps7_init.tcl
targets -set -nocase -filter {name =~"APU*" && jtag_cable_name =~ "Digilent JTAG-SMT2 210251A08870"} -index 0
loadhw -hw C:/Users/nmil/1301_w_l/design_1_wrapper_hw_platform_1/system.hdf -mem-ranges [list {0x40000000 0xbfffffff}]
configparams force-mem-access 1
targets -set -nocase -filter {name =~"APU*" && jtag_cable_name =~ "Digilent JTAG-SMT2 210251A08870"} -index 0
stop
ps7_init
ps7_post_config
targets -set -nocase -filter {name =~ "ARM*#0" && jtag_cable_name =~ "Digilent JTAG-SMT2 210251A08870"} -index 0
rst -processor
targets -set -nocase -filter {name =~ "ARM*#1" && jtag_cable_name =~ "Digilent JTAG-SMT2 210251A08870"} -index 0
rst -processor
targets -set -nocase -filter {name =~ "ARM*#0" && jtag_cable_name =~ "Digilent JTAG-SMT2 210251A08870"} -index 0
dow C:/Users/nmil/1301_w_l/123/Debug/123.elf
targets -set -nocase -filter {name =~ "ARM*#1" && jtag_cable_name =~ "Digilent JTAG-SMT2 210251A08870"} -index 0
dow C:/Users/nmil/1301_w_l/321/Debug/321.elf
configparams force-mem-access 0
----------------End of Script----------------

16:09:12 INFO  : Memory regions updated for context APU
16:09:12 INFO  : Context for processor 'ps7_cortexa9_0' is selected.
16:09:12 INFO  : 'con' command is executed.
16:09:12 INFO  : Context for processor 'ps7_cortexa9_1' is selected.
16:09:12 INFO  : 'con' command is executed.
16:09:12 INFO  : ----------------XSDB Script (After Launch)----------------
targets -set -nocase -filter {name =~ "ARM*#0" && jtag_cable_name =~ "Digilent JTAG-SMT2 210251A08870"} -index 0
con
targets -set -nocase -filter {name =~ "ARM*#1" && jtag_cable_name =~ "Digilent JTAG-SMT2 210251A08870"} -index 0
con
----------------End of Script----------------

16:09:12 INFO  : Launch script is exported to file 'C:\Users\nmil\1301_w_l\.sdk\launch_scripts\xilinx_c-c++_application_(system_debugger)\system_debugger_using_debug_123.elf_on_local.tcl'
16:11:00 INFO  : Disconnected from the channel tcfchan#8.
16:11:01 INFO  : 'targets -set -filter {jtag_cable_name =~ "Digilent JTAG-SMT2 210251A08870" && level==0} -index 1' command is executed.
16:11:01 INFO  : 'fpga -state' command is executed.
16:11:01 INFO  : Connected to target on host '127.0.0.1' and port '3121'.
16:11:01 WARN  : Part name present in the hardware specification 'xc7z035ffg676-2' doesn't match the one present on the target 'xc7z030'.
16:11:02 INFO  : Jtag cable 'Digilent JTAG-SMT2 210251A08870' is selected.
16:11:02 INFO  : 'jtag frequency' command is executed.
16:11:02 INFO  : Sourcing of 'C:/Users/nmil/1301_w_l/design_1_wrapper_hw_platform_1/ps7_init.tcl' is done.
16:11:02 INFO  : Context for 'APU' is selected.
16:11:02 INFO  : System reset is completed.
16:11:05 INFO  : 'after 3000' command is executed.
16:11:05 INFO  : Context for 'APU' is selected.
16:11:05 INFO  : Hardware design information is loaded from 'C:/Users/nmil/1301_w_l/design_1_wrapper_hw_platform_1/system.hdf'.
16:11:05 INFO  : 'configparams force-mem-access 1' command is executed.
16:11:05 INFO  : Context for 'APU' is selected.
16:11:05 INFO  : 'ps7_init' command is executed.
16:11:05 INFO  : 'ps7_post_config' command is executed.
16:11:05 INFO  : Context for processor 'ps7_cortexa9_0' is selected.
16:11:06 INFO  : The application 'C:/Users/nmil/1301_w_l/123/Debug/123.elf' is downloaded to processor 'ps7_cortexa9_0'.
16:11:06 INFO  : Context for processor 'ps7_cortexa9_1' is selected.
16:11:06 INFO  : The application 'C:/Users/nmil/1301_w_l/321/Debug/321.elf' is downloaded to processor 'ps7_cortexa9_1'.
16:11:06 INFO  : 'configparams force-mem-access 0' command is executed.
16:11:06 INFO  : ----------------XSDB Script----------------
connect -url tcp:127.0.0.1:3121
source C:/Users/nmil/1301_w_l/design_1_wrapper_hw_platform_1/ps7_init.tcl
targets -set -nocase -filter {name =~"APU*" && jtag_cable_name =~ "Digilent JTAG-SMT2 210251A08870"} -index 0
rst -system
after 3000
targets -set -nocase -filter {name =~"APU*" && jtag_cable_name =~ "Digilent JTAG-SMT2 210251A08870"} -index 0
loadhw -hw C:/Users/nmil/1301_w_l/design_1_wrapper_hw_platform_1/system.hdf -mem-ranges [list {0x40000000 0xbfffffff}]
configparams force-mem-access 1
targets -set -nocase -filter {name =~"APU*" && jtag_cable_name =~ "Digilent JTAG-SMT2 210251A08870"} -index 0
ps7_init
ps7_post_config
targets -set -nocase -filter {name =~ "ARM*#0" && jtag_cable_name =~ "Digilent JTAG-SMT2 210251A08870"} -index 0
dow C:/Users/nmil/1301_w_l/123/Debug/123.elf
targets -set -nocase -filter {name =~ "ARM*#1" && jtag_cable_name =~ "Digilent JTAG-SMT2 210251A08870"} -index 0
dow C:/Users/nmil/1301_w_l/321/Debug/321.elf
configparams force-mem-access 0
----------------End of Script----------------

16:11:06 INFO  : Memory regions updated for context APU
16:11:06 INFO  : Context for processor 'ps7_cortexa9_0' is selected.
16:11:06 INFO  : 'con' command is executed.
16:11:06 INFO  : Context for processor 'ps7_cortexa9_1' is selected.
16:11:06 INFO  : 'con' command is executed.
16:11:06 INFO  : ----------------XSDB Script (After Launch)----------------
targets -set -nocase -filter {name =~ "ARM*#0" && jtag_cable_name =~ "Digilent JTAG-SMT2 210251A08870"} -index 0
con
targets -set -nocase -filter {name =~ "ARM*#1" && jtag_cable_name =~ "Digilent JTAG-SMT2 210251A08870"} -index 0
con
----------------End of Script----------------

16:11:06 INFO  : Launch script is exported to file 'C:\Users\nmil\1301_w_l\.sdk\launch_scripts\xilinx_c-c++_application_(system_debugger)\system_debugger_using_debug_123.elf_on_local.tcl'
16:11:17 INFO  : Disconnected from the channel tcfchan#9.
16:11:18 INFO  : 'targets -set -filter {jtag_cable_name =~ "Digilent JTAG-SMT2 210251A08870" && level==0} -index 1' command is executed.
16:11:18 INFO  : 'fpga -state' command is executed.
16:11:18 INFO  : Connected to target on host '127.0.0.1' and port '3121'.
16:11:19 WARN  : Part name present in the hardware specification 'xc7z035ffg676-2' doesn't match the one present on the target 'xc7z030'.
16:11:20 INFO  : Jtag cable 'Digilent JTAG-SMT2 210251A08870' is selected.
16:11:20 INFO  : 'jtag frequency' command is executed.
16:11:20 INFO  : Sourcing of 'C:/Users/nmil/1301_w_l/design_1_wrapper_hw_platform_1/ps7_init.tcl' is done.
16:11:20 INFO  : Context for 'APU' is selected.
16:11:20 INFO  : System reset is completed.
16:11:23 INFO  : 'after 3000' command is executed.
16:11:23 INFO  : Context for 'APU' is selected.
16:11:23 INFO  : Hardware design information is loaded from 'C:/Users/nmil/1301_w_l/design_1_wrapper_hw_platform_1/system.hdf'.
16:11:23 INFO  : 'configparams force-mem-access 1' command is executed.
16:11:23 INFO  : Context for 'APU' is selected.
16:11:23 INFO  : 'ps7_init' command is executed.
16:11:23 INFO  : 'ps7_post_config' command is executed.
16:11:23 INFO  : Context for processor 'ps7_cortexa9_0' is selected.
16:11:23 INFO  : The application 'C:/Users/nmil/1301_w_l/123/Debug/123.elf' is downloaded to processor 'ps7_cortexa9_0'.
16:11:23 INFO  : 'configparams force-mem-access 0' command is executed.
16:11:23 INFO  : ----------------XSDB Script----------------
connect -url tcp:127.0.0.1:3121
source C:/Users/nmil/1301_w_l/design_1_wrapper_hw_platform_1/ps7_init.tcl
targets -set -nocase -filter {name =~"APU*" && jtag_cable_name =~ "Digilent JTAG-SMT2 210251A08870"} -index 0
rst -system
after 3000
targets -set -nocase -filter {name =~"APU*" && jtag_cable_name =~ "Digilent JTAG-SMT2 210251A08870"} -index 0
loadhw -hw C:/Users/nmil/1301_w_l/design_1_wrapper_hw_platform_1/system.hdf -mem-ranges [list {0x40000000 0xbfffffff}]
configparams force-mem-access 1
targets -set -nocase -filter {name =~"APU*" && jtag_cable_name =~ "Digilent JTAG-SMT2 210251A08870"} -index 0
ps7_init
ps7_post_config
targets -set -nocase -filter {name =~ "ARM*#0" && jtag_cable_name =~ "Digilent JTAG-SMT2 210251A08870"} -index 0
dow C:/Users/nmil/1301_w_l/123/Debug/123.elf
configparams force-mem-access 0
----------------End of Script----------------

16:11:23 INFO  : Memory regions updated for context APU
16:11:23 INFO  : Context for processor 'ps7_cortexa9_0' is selected.
16:11:23 INFO  : 'con' command is executed.
16:11:23 INFO  : ----------------XSDB Script (After Launch)----------------
targets -set -nocase -filter {name =~ "ARM*#0" && jtag_cable_name =~ "Digilent JTAG-SMT2 210251A08870"} -index 0
con
----------------End of Script----------------

16:11:23 INFO  : Launch script is exported to file 'C:\Users\nmil\1301_w_l\.sdk\launch_scripts\xilinx_c-c++_application_(system_debugger)\system_debugger_using_debug_123.elf_on_local.tcl'
16:12:23 INFO  : Disconnected from the channel tcfchan#10.
16:12:25 INFO  : 'targets -set -filter {jtag_cable_name =~ "Digilent JTAG-SMT2 210251A08870" && level==0} -index 1' command is executed.
16:12:25 INFO  : 'fpga -state' command is executed.
16:12:25 INFO  : Connected to target on host '127.0.0.1' and port '3121'.
16:12:25 WARN  : Part name present in the hardware specification 'xc7z035ffg676-2' doesn't match the one present on the target 'xc7z030'.
16:12:26 INFO  : Jtag cable 'Digilent JTAG-SMT2 210251A08870' is selected.
16:12:26 INFO  : 'jtag frequency' command is executed.
16:12:26 INFO  : Sourcing of 'C:/Users/nmil/1301_w_l/design_1_wrapper_hw_platform_1/ps7_init.tcl' is done.
16:12:26 INFO  : Context for 'APU' is selected.
16:12:26 INFO  : System reset is completed.
16:12:29 INFO  : 'after 3000' command is executed.
16:12:29 INFO  : Context for 'APU' is selected.
16:12:29 INFO  : Hardware design information is loaded from 'C:/Users/nmil/1301_w_l/design_1_wrapper_hw_platform_1/system.hdf'.
16:12:29 INFO  : 'configparams force-mem-access 1' command is executed.
16:12:29 INFO  : Context for 'APU' is selected.
16:12:29 INFO  : 'ps7_init' command is executed.
16:12:29 INFO  : 'ps7_post_config' command is executed.
16:12:29 INFO  : Context for processor 'ps7_cortexa9_0' is selected.
16:12:30 INFO  : The application 'C:/Users/nmil/1301_w_l/123/Debug/123.elf' is downloaded to processor 'ps7_cortexa9_0'.
16:12:30 INFO  : Context for processor 'ps7_cortexa9_1' is selected.
16:12:30 INFO  : The application 'C:/Users/nmil/1301_w_l/321/Debug/321.elf' is downloaded to processor 'ps7_cortexa9_1'.
16:12:30 INFO  : 'configparams force-mem-access 0' command is executed.
16:12:30 INFO  : ----------------XSDB Script----------------
connect -url tcp:127.0.0.1:3121
source C:/Users/nmil/1301_w_l/design_1_wrapper_hw_platform_1/ps7_init.tcl
targets -set -nocase -filter {name =~"APU*" && jtag_cable_name =~ "Digilent JTAG-SMT2 210251A08870"} -index 0
rst -system
after 3000
targets -set -nocase -filter {name =~"APU*" && jtag_cable_name =~ "Digilent JTAG-SMT2 210251A08870"} -index 0
loadhw -hw C:/Users/nmil/1301_w_l/design_1_wrapper_hw_platform_1/system.hdf -mem-ranges [list {0x40000000 0xbfffffff}]
configparams force-mem-access 1
targets -set -nocase -filter {name =~"APU*" && jtag_cable_name =~ "Digilent JTAG-SMT2 210251A08870"} -index 0
ps7_init
ps7_post_config
targets -set -nocase -filter {name =~ "ARM*#0" && jtag_cable_name =~ "Digilent JTAG-SMT2 210251A08870"} -index 0
dow C:/Users/nmil/1301_w_l/123/Debug/123.elf
targets -set -nocase -filter {name =~ "ARM*#1" && jtag_cable_name =~ "Digilent JTAG-SMT2 210251A08870"} -index 0
dow C:/Users/nmil/1301_w_l/321/Debug/321.elf
configparams force-mem-access 0
----------------End of Script----------------

16:12:30 INFO  : Memory regions updated for context APU
16:12:30 INFO  : Context for processor 'ps7_cortexa9_0' is selected.
16:12:30 INFO  : 'con' command is executed.
16:12:30 INFO  : Context for processor 'ps7_cortexa9_1' is selected.
16:12:30 INFO  : 'con' command is executed.
16:12:30 INFO  : ----------------XSDB Script (After Launch)----------------
targets -set -nocase -filter {name =~ "ARM*#0" && jtag_cable_name =~ "Digilent JTAG-SMT2 210251A08870"} -index 0
con
targets -set -nocase -filter {name =~ "ARM*#1" && jtag_cable_name =~ "Digilent JTAG-SMT2 210251A08870"} -index 0
con
----------------End of Script----------------

16:12:30 INFO  : Launch script is exported to file 'C:\Users\nmil\1301_w_l\.sdk\launch_scripts\xilinx_c-c++_application_(system_debugger)\system_debugger_using_debug_123.elf_on_local.tcl'
16:14:00 INFO  : Disconnected from the channel tcfchan#11.
16:14:01 INFO  : 'targets -set -filter {jtag_cable_name =~ "Digilent JTAG-SMT2 210251A08870" && level==0} -index 1' command is executed.
16:14:01 INFO  : 'fpga -state' command is executed.
16:14:01 INFO  : Connected to target on host '127.0.0.1' and port '3121'.
16:14:01 WARN  : Part name present in the hardware specification 'xc7z035ffg676-2' doesn't match the one present on the target 'xc7z030'.
16:14:03 INFO  : Jtag cable 'Digilent JTAG-SMT2 210251A08870' is selected.
16:14:03 INFO  : 'jtag frequency' command is executed.
16:14:03 INFO  : Sourcing of 'C:/Users/nmil/1301_w_l/design_1_wrapper_hw_platform_1/ps7_init.tcl' is done.
16:14:03 INFO  : Context for 'APU' is selected.
16:14:03 INFO  : System reset is completed.
16:14:06 INFO  : 'after 3000' command is executed.
16:14:06 INFO  : Context for 'APU' is selected.
16:14:06 INFO  : Hardware design information is loaded from 'C:/Users/nmil/1301_w_l/design_1_wrapper_hw_platform_1/system.hdf'.
16:14:06 INFO  : 'configparams force-mem-access 1' command is executed.
16:14:06 INFO  : Context for 'APU' is selected.
16:14:07 INFO  : 'ps7_init' command is executed.
16:14:07 INFO  : 'ps7_post_config' command is executed.
16:14:07 INFO  : Context for processor 'ps7_cortexa9_0' is selected.
16:14:07 INFO  : The application 'C:/Users/nmil/1301_w_l/123/Debug/123.elf' is downloaded to processor 'ps7_cortexa9_0'.
16:14:07 INFO  : Context for processor 'ps7_cortexa9_1' is selected.
16:14:07 INFO  : The application 'C:/Users/nmil/1301_w_l/321/Debug/321.elf' is downloaded to processor 'ps7_cortexa9_1'.
16:14:07 INFO  : 'configparams force-mem-access 0' command is executed.
16:14:07 INFO  : ----------------XSDB Script----------------
connect -url tcp:127.0.0.1:3121
source C:/Users/nmil/1301_w_l/design_1_wrapper_hw_platform_1/ps7_init.tcl
targets -set -nocase -filter {name =~"APU*" && jtag_cable_name =~ "Digilent JTAG-SMT2 210251A08870"} -index 0
rst -system
after 3000
targets -set -nocase -filter {name =~"APU*" && jtag_cable_name =~ "Digilent JTAG-SMT2 210251A08870"} -index 0
loadhw -hw C:/Users/nmil/1301_w_l/design_1_wrapper_hw_platform_1/system.hdf -mem-ranges [list {0x40000000 0xbfffffff}]
configparams force-mem-access 1
targets -set -nocase -filter {name =~"APU*" && jtag_cable_name =~ "Digilent JTAG-SMT2 210251A08870"} -index 0
ps7_init
ps7_post_config
targets -set -nocase -filter {name =~ "ARM*#0" && jtag_cable_name =~ "Digilent JTAG-SMT2 210251A08870"} -index 0
dow C:/Users/nmil/1301_w_l/123/Debug/123.elf
targets -set -nocase -filter {name =~ "ARM*#1" && jtag_cable_name =~ "Digilent JTAG-SMT2 210251A08870"} -index 0
dow C:/Users/nmil/1301_w_l/321/Debug/321.elf
configparams force-mem-access 0
----------------End of Script----------------

16:14:07 INFO  : Memory regions updated for context APU
16:14:07 INFO  : Context for processor 'ps7_cortexa9_0' is selected.
16:14:07 INFO  : 'con' command is executed.
16:14:07 INFO  : Context for processor 'ps7_cortexa9_1' is selected.
16:14:07 INFO  : 'con' command is executed.
16:14:07 INFO  : ----------------XSDB Script (After Launch)----------------
targets -set -nocase -filter {name =~ "ARM*#0" && jtag_cable_name =~ "Digilent JTAG-SMT2 210251A08870"} -index 0
con
targets -set -nocase -filter {name =~ "ARM*#1" && jtag_cable_name =~ "Digilent JTAG-SMT2 210251A08870"} -index 0
con
----------------End of Script----------------

16:14:07 INFO  : Launch script is exported to file 'C:\Users\nmil\1301_w_l\.sdk\launch_scripts\xilinx_c-c++_application_(system_debugger)\system_debugger_using_debug_123.elf_on_local.tcl'
18:11:26 WARN  : channel "tcfchan#6" closed
18:11:26 INFO  : Disconnected from the channel tcfchan#12.
15:00:09 INFO  : Registering command handlers for SDK TCF services
15:00:10 INFO  : Launching XSCT server: xsct.bat -interactive C:\Users\nmil\1301_w_l\temp_xsdb_launch_script.tcl
15:00:12 INFO  : XSCT server has started successfully.
15:00:12 INFO  : Successfully done setting XSCT server connection channel  
15:00:12 INFO  : Successfully done setting SDK workspace  
18:07:52 INFO  : 'targets -set -filter {jtag_cable_name =~ "Digilent JTAG-SMT2 210251A08870" && level==0} -index 1' command is executed.
18:07:52 INFO  : 'fpga -state' command is executed.
18:07:52 INFO  : Connected to target on host '127.0.0.1' and port '3121'.
18:07:52 WARN  : Part name present in the hardware specification 'xc7z035ffg676-2' doesn't match the one present on the target 'xc7z030'.
18:07:54 INFO  : Jtag cable 'Digilent JTAG-SMT2 210251A08870' is selected.
18:07:54 INFO  : 'jtag frequency' command is executed.
18:07:54 INFO  : Sourcing of 'C:/Users/nmil/1301_w_l/design_1_wrapper_hw_platform_1/ps7_init.tcl' is done.
18:07:54 INFO  : Context for 'APU' is selected.
18:07:54 INFO  : System reset is completed.
18:07:57 INFO  : 'after 3000' command is executed.
18:07:57 INFO  : Context for 'APU' is selected.
18:07:57 INFO  : Hardware design information is loaded from 'C:/Users/nmil/1301_w_l/design_1_wrapper_hw_platform_1/system.hdf'.
18:07:57 INFO  : 'configparams force-mem-access 1' command is executed.
18:07:57 INFO  : Context for 'APU' is selected.
18:07:57 INFO  : 'ps7_init' command is executed.
18:07:57 INFO  : 'ps7_post_config' command is executed.
18:07:57 INFO  : Context for processor 'ps7_cortexa9_0' is selected.
18:07:57 INFO  : The application 'C:/Users/nmil/1301_w_l/123/Debug/123.elf' is downloaded to processor 'ps7_cortexa9_0'.
18:07:57 INFO  : Context for processor 'ps7_cortexa9_1' is selected.
18:07:58 INFO  : The application 'C:/Users/nmil/1301_w_l/321/Debug/321.elf' is downloaded to processor 'ps7_cortexa9_1'.
18:07:58 INFO  : 'configparams force-mem-access 0' command is executed.
18:07:58 INFO  : ----------------XSDB Script----------------
connect -url tcp:127.0.0.1:3121
source C:/Users/nmil/1301_w_l/design_1_wrapper_hw_platform_1/ps7_init.tcl
targets -set -nocase -filter {name =~"APU*" && jtag_cable_name =~ "Digilent JTAG-SMT2 210251A08870"} -index 0
rst -system
after 3000
targets -set -nocase -filter {name =~"APU*" && jtag_cable_name =~ "Digilent JTAG-SMT2 210251A08870"} -index 0
loadhw -hw C:/Users/nmil/1301_w_l/design_1_wrapper_hw_platform_1/system.hdf -mem-ranges [list {0x40000000 0xbfffffff}]
configparams force-mem-access 1
targets -set -nocase -filter {name =~"APU*" && jtag_cable_name =~ "Digilent JTAG-SMT2 210251A08870"} -index 0
ps7_init
ps7_post_config
targets -set -nocase -filter {name =~ "ARM*#0" && jtag_cable_name =~ "Digilent JTAG-SMT2 210251A08870"} -index 0
dow C:/Users/nmil/1301_w_l/123/Debug/123.elf
targets -set -nocase -filter {name =~ "ARM*#1" && jtag_cable_name =~ "Digilent JTAG-SMT2 210251A08870"} -index 0
dow C:/Users/nmil/1301_w_l/321/Debug/321.elf
configparams force-mem-access 0
----------------End of Script----------------

18:07:58 INFO  : Memory regions updated for context APU
18:07:58 INFO  : Context for processor 'ps7_cortexa9_0' is selected.
18:07:58 INFO  : 'con' command is executed.
18:07:58 INFO  : Context for processor 'ps7_cortexa9_1' is selected.
18:07:58 INFO  : 'con' command is executed.
18:07:58 INFO  : ----------------XSDB Script (After Launch)----------------
targets -set -nocase -filter {name =~ "ARM*#0" && jtag_cable_name =~ "Digilent JTAG-SMT2 210251A08870"} -index 0
con
targets -set -nocase -filter {name =~ "ARM*#1" && jtag_cable_name =~ "Digilent JTAG-SMT2 210251A08870"} -index 0
con
----------------End of Script----------------

18:07:58 INFO  : Launch script is exported to file 'C:\Users\nmil\1301_w_l\.sdk\launch_scripts\xilinx_c-c++_application_(system_debugger)\system_debugger_using_debug_123.elf_on_local.tcl'
18:08:27 INFO  : Disconnected from the channel tcfchan#1.
18:08:28 INFO  : 'targets -set -filter {jtag_cable_name =~ "Digilent JTAG-SMT2 210251A08870" && level==0} -index 1' command is executed.
18:08:28 INFO  : 'fpga -state' command is executed.
18:08:28 INFO  : Connected to target on host '127.0.0.1' and port '3121'.
18:08:28 WARN  : Part name present in the hardware specification 'xc7z035ffg676-2' doesn't match the one present on the target 'xc7z030'.
18:08:29 INFO  : Jtag cable 'Digilent JTAG-SMT2 210251A08870' is selected.
18:08:29 INFO  : 'jtag frequency' command is executed.
18:08:29 INFO  : Sourcing of 'C:/Users/nmil/1301_w_l/design_1_wrapper_hw_platform_1/ps7_init.tcl' is done.
18:08:29 INFO  : Context for 'APU' is selected.
18:08:29 INFO  : System reset is completed.
18:08:33 INFO  : 'after 3000' command is executed.
18:08:33 INFO  : Context for 'APU' is selected.
18:08:34 INFO  : Hardware design information is loaded from 'C:/Users/nmil/1301_w_l/design_1_wrapper_hw_platform_1/system.hdf'.
18:08:34 INFO  : 'configparams force-mem-access 1' command is executed.
18:08:34 INFO  : Context for 'APU' is selected.
18:08:34 INFO  : 'ps7_init' command is executed.
18:08:34 INFO  : 'ps7_post_config' command is executed.
18:08:34 INFO  : Context for processor 'ps7_cortexa9_0' is selected.
18:08:34 INFO  : The application 'C:/Users/nmil/1301_w_l/123/Debug/123.elf' is downloaded to processor 'ps7_cortexa9_0'.
18:08:34 INFO  : Context for processor 'ps7_cortexa9_1' is selected.
18:08:35 INFO  : The application 'C:/Users/nmil/1301_w_l/321/Debug/321.elf' is downloaded to processor 'ps7_cortexa9_1'.
18:08:35 INFO  : 'configparams force-mem-access 0' command is executed.
18:08:35 INFO  : ----------------XSDB Script----------------
connect -url tcp:127.0.0.1:3121
source C:/Users/nmil/1301_w_l/design_1_wrapper_hw_platform_1/ps7_init.tcl
targets -set -nocase -filter {name =~"APU*" && jtag_cable_name =~ "Digilent JTAG-SMT2 210251A08870"} -index 0
rst -system
after 3000
targets -set -nocase -filter {name =~"APU*" && jtag_cable_name =~ "Digilent JTAG-SMT2 210251A08870"} -index 0
loadhw -hw C:/Users/nmil/1301_w_l/design_1_wrapper_hw_platform_1/system.hdf -mem-ranges [list {0x40000000 0xbfffffff}]
configparams force-mem-access 1
targets -set -nocase -filter {name =~"APU*" && jtag_cable_name =~ "Digilent JTAG-SMT2 210251A08870"} -index 0
ps7_init
ps7_post_config
targets -set -nocase -filter {name =~ "ARM*#0" && jtag_cable_name =~ "Digilent JTAG-SMT2 210251A08870"} -index 0
dow C:/Users/nmil/1301_w_l/123/Debug/123.elf
targets -set -nocase -filter {name =~ "ARM*#1" && jtag_cable_name =~ "Digilent JTAG-SMT2 210251A08870"} -index 0
dow C:/Users/nmil/1301_w_l/321/Debug/321.elf
configparams force-mem-access 0
----------------End of Script----------------

18:08:35 INFO  : Memory regions updated for context APU
18:08:35 INFO  : Context for processor 'ps7_cortexa9_0' is selected.
18:08:35 INFO  : 'con' command is executed.
18:08:35 INFO  : Context for processor 'ps7_cortexa9_1' is selected.
18:08:35 INFO  : 'con' command is executed.
18:08:35 INFO  : ----------------XSDB Script (After Launch)----------------
targets -set -nocase -filter {name =~ "ARM*#0" && jtag_cable_name =~ "Digilent JTAG-SMT2 210251A08870"} -index 0
con
targets -set -nocase -filter {name =~ "ARM*#1" && jtag_cable_name =~ "Digilent JTAG-SMT2 210251A08870"} -index 0
con
----------------End of Script----------------

18:08:35 INFO  : Launch script is exported to file 'C:\Users\nmil\1301_w_l\.sdk\launch_scripts\xilinx_c-c++_application_(system_debugger)\system_debugger_using_debug_123.elf_on_local.tcl'
18:13:17 INFO  : Disconnected from the channel tcfchan#2.
18:13:18 INFO  : 'targets -set -filter {jtag_cable_name =~ "Digilent JTAG-SMT2 210251A08870" && level==0} -index 1' command is executed.
18:13:18 INFO  : 'fpga -state' command is executed.
18:13:18 INFO  : Connected to target on host '127.0.0.1' and port '3121'.
18:13:18 WARN  : Part name present in the hardware specification 'xc7z035ffg676-2' doesn't match the one present on the target 'xc7z030'.
18:13:19 INFO  : Jtag cable 'Digilent JTAG-SMT2 210251A08870' is selected.
18:13:19 INFO  : 'jtag frequency' command is executed.
18:13:19 INFO  : Sourcing of 'C:/Users/nmil/1301_w_l/design_1_wrapper_hw_platform_1/ps7_init.tcl' is done.
18:13:19 INFO  : Context for 'APU' is selected.
18:13:19 INFO  : System reset is completed.
18:13:22 INFO  : 'after 3000' command is executed.
18:13:22 INFO  : Context for 'APU' is selected.
18:13:22 INFO  : Hardware design information is loaded from 'C:/Users/nmil/1301_w_l/design_1_wrapper_hw_platform_1/system.hdf'.
18:13:22 INFO  : 'configparams force-mem-access 1' command is executed.
18:13:22 INFO  : Context for 'APU' is selected.
18:13:22 INFO  : 'ps7_init' command is executed.
18:13:22 INFO  : 'ps7_post_config' command is executed.
18:13:22 INFO  : Context for processor 'ps7_cortexa9_0' is selected.
18:13:22 INFO  : The application 'C:/Users/nmil/1301_w_l/123/Debug/123.elf' is downloaded to processor 'ps7_cortexa9_0'.
18:13:23 INFO  : Context for processor 'ps7_cortexa9_1' is selected.
18:13:23 INFO  : The application 'C:/Users/nmil/1301_w_l/321/Debug/321.elf' is downloaded to processor 'ps7_cortexa9_1'.
18:13:23 INFO  : 'configparams force-mem-access 0' command is executed.
18:13:23 INFO  : ----------------XSDB Script----------------
connect -url tcp:127.0.0.1:3121
source C:/Users/nmil/1301_w_l/design_1_wrapper_hw_platform_1/ps7_init.tcl
targets -set -nocase -filter {name =~"APU*" && jtag_cable_name =~ "Digilent JTAG-SMT2 210251A08870"} -index 0
rst -system
after 3000
targets -set -nocase -filter {name =~"APU*" && jtag_cable_name =~ "Digilent JTAG-SMT2 210251A08870"} -index 0
loadhw -hw C:/Users/nmil/1301_w_l/design_1_wrapper_hw_platform_1/system.hdf -mem-ranges [list {0x40000000 0xbfffffff}]
configparams force-mem-access 1
targets -set -nocase -filter {name =~"APU*" && jtag_cable_name =~ "Digilent JTAG-SMT2 210251A08870"} -index 0
ps7_init
ps7_post_config
targets -set -nocase -filter {name =~ "ARM*#0" && jtag_cable_name =~ "Digilent JTAG-SMT2 210251A08870"} -index 0
dow C:/Users/nmil/1301_w_l/123/Debug/123.elf
targets -set -nocase -filter {name =~ "ARM*#1" && jtag_cable_name =~ "Digilent JTAG-SMT2 210251A08870"} -index 0
dow C:/Users/nmil/1301_w_l/321/Debug/321.elf
configparams force-mem-access 0
----------------End of Script----------------

18:13:23 INFO  : Memory regions updated for context APU
18:13:23 INFO  : Context for processor 'ps7_cortexa9_0' is selected.
18:13:23 INFO  : 'con' command is executed.
18:13:23 INFO  : Context for processor 'ps7_cortexa9_1' is selected.
18:13:23 INFO  : 'con' command is executed.
18:13:23 INFO  : ----------------XSDB Script (After Launch)----------------
targets -set -nocase -filter {name =~ "ARM*#0" && jtag_cable_name =~ "Digilent JTAG-SMT2 210251A08870"} -index 0
con
targets -set -nocase -filter {name =~ "ARM*#1" && jtag_cable_name =~ "Digilent JTAG-SMT2 210251A08870"} -index 0
con
----------------End of Script----------------

18:13:23 INFO  : Launch script is exported to file 'C:\Users\nmil\1301_w_l\.sdk\launch_scripts\xilinx_c-c++_application_(system_debugger)\system_debugger_using_debug_123.elf_on_local.tcl'
18:19:03 INFO  : Disconnected from the channel tcfchan#3.
18:19:04 INFO  : 'targets -set -filter {jtag_cable_name =~ "Digilent JTAG-SMT2 210251A08870" && level==0} -index 1' command is executed.
18:19:04 INFO  : 'fpga -state' command is executed.
18:19:04 INFO  : Connected to target on host '127.0.0.1' and port '3121'.
18:19:04 WARN  : Part name present in the hardware specification 'xc7z035ffg676-2' doesn't match the one present on the target 'xc7z030'.
18:19:05 INFO  : Jtag cable 'Digilent JTAG-SMT2 210251A08870' is selected.
18:19:05 INFO  : 'jtag frequency' command is executed.
18:19:05 INFO  : Sourcing of 'C:/Users/nmil/1301_w_l/design_1_wrapper_hw_platform_1/ps7_init.tcl' is done.
18:19:05 INFO  : Context for 'APU' is selected.
18:19:05 INFO  : System reset is completed.
18:19:08 INFO  : 'after 3000' command is executed.
18:19:08 INFO  : Context for 'APU' is selected.
18:19:08 INFO  : Hardware design information is loaded from 'C:/Users/nmil/1301_w_l/design_1_wrapper_hw_platform_1/system.hdf'.
18:19:08 INFO  : 'configparams force-mem-access 1' command is executed.
18:19:08 INFO  : Context for 'APU' is selected.
18:19:08 INFO  : 'ps7_init' command is executed.
18:19:08 INFO  : 'ps7_post_config' command is executed.
18:19:08 INFO  : Context for processor 'ps7_cortexa9_0' is selected.
18:19:08 INFO  : The application 'C:/Users/nmil/1301_w_l/123/Debug/123.elf' is downloaded to processor 'ps7_cortexa9_0'.
18:19:08 INFO  : Context for processor 'ps7_cortexa9_1' is selected.
18:19:09 INFO  : The application 'C:/Users/nmil/1301_w_l/321/Debug/321.elf' is downloaded to processor 'ps7_cortexa9_1'.
18:19:09 INFO  : 'configparams force-mem-access 0' command is executed.
18:19:09 INFO  : ----------------XSDB Script----------------
connect -url tcp:127.0.0.1:3121
source C:/Users/nmil/1301_w_l/design_1_wrapper_hw_platform_1/ps7_init.tcl
targets -set -nocase -filter {name =~"APU*" && jtag_cable_name =~ "Digilent JTAG-SMT2 210251A08870"} -index 0
rst -system
after 3000
targets -set -nocase -filter {name =~"APU*" && jtag_cable_name =~ "Digilent JTAG-SMT2 210251A08870"} -index 0
loadhw -hw C:/Users/nmil/1301_w_l/design_1_wrapper_hw_platform_1/system.hdf -mem-ranges [list {0x40000000 0xbfffffff}]
configparams force-mem-access 1
targets -set -nocase -filter {name =~"APU*" && jtag_cable_name =~ "Digilent JTAG-SMT2 210251A08870"} -index 0
ps7_init
ps7_post_config
targets -set -nocase -filter {name =~ "ARM*#0" && jtag_cable_name =~ "Digilent JTAG-SMT2 210251A08870"} -index 0
dow C:/Users/nmil/1301_w_l/123/Debug/123.elf
targets -set -nocase -filter {name =~ "ARM*#1" && jtag_cable_name =~ "Digilent JTAG-SMT2 210251A08870"} -index 0
dow C:/Users/nmil/1301_w_l/321/Debug/321.elf
configparams force-mem-access 0
----------------End of Script----------------

18:19:09 INFO  : Memory regions updated for context APU
18:19:09 INFO  : Context for processor 'ps7_cortexa9_0' is selected.
18:19:09 INFO  : 'con' command is executed.
18:19:09 INFO  : Context for processor 'ps7_cortexa9_1' is selected.
18:19:09 INFO  : 'con' command is executed.
18:19:09 INFO  : ----------------XSDB Script (After Launch)----------------
targets -set -nocase -filter {name =~ "ARM*#0" && jtag_cable_name =~ "Digilent JTAG-SMT2 210251A08870"} -index 0
con
targets -set -nocase -filter {name =~ "ARM*#1" && jtag_cable_name =~ "Digilent JTAG-SMT2 210251A08870"} -index 0
con
----------------End of Script----------------

18:19:09 INFO  : Launch script is exported to file 'C:\Users\nmil\1301_w_l\.sdk\launch_scripts\xilinx_c-c++_application_(system_debugger)\system_debugger_using_debug_123.elf_on_local.tcl'
18:37:27 INFO  : Disconnected from the channel tcfchan#4.
18:37:28 INFO  : 'targets -set -filter {jtag_cable_name =~ "Digilent JTAG-SMT2 210251A08870" && level==0} -index 1' command is executed.
18:37:28 INFO  : 'fpga -state' command is executed.
18:37:28 INFO  : Connected to target on host '127.0.0.1' and port '3121'.
18:37:28 WARN  : Part name present in the hardware specification 'xc7z035ffg676-2' doesn't match the one present on the target 'xc7z030'.
18:37:30 INFO  : Jtag cable 'Digilent JTAG-SMT2 210251A08870' is selected.
18:37:30 INFO  : 'jtag frequency' command is executed.
18:37:30 INFO  : Sourcing of 'C:/Users/nmil/1301_w_l/design_1_wrapper_hw_platform_1/ps7_init.tcl' is done.
18:37:30 INFO  : Context for 'APU' is selected.
18:37:30 INFO  : System reset is completed.
18:37:33 INFO  : 'after 3000' command is executed.
18:37:33 INFO  : Context for 'APU' is selected.
18:37:33 INFO  : Hardware design information is loaded from 'C:/Users/nmil/1301_w_l/design_1_wrapper_hw_platform_1/system.hdf'.
18:37:33 INFO  : 'configparams force-mem-access 1' command is executed.
18:37:34 INFO  : Context for 'APU' is selected.
18:37:34 INFO  : 'ps7_init' command is executed.
18:37:34 INFO  : 'ps7_post_config' command is executed.
18:37:34 INFO  : Context for processor 'ps7_cortexa9_0' is selected.
18:37:34 INFO  : The application 'C:/Users/nmil/1301_w_l/123/Debug/123.elf' is downloaded to processor 'ps7_cortexa9_0'.
18:37:34 INFO  : Context for processor 'ps7_cortexa9_1' is selected.
18:37:34 INFO  : The application 'C:/Users/nmil/1301_w_l/321/Debug/321.elf' is downloaded to processor 'ps7_cortexa9_1'.
18:37:34 INFO  : 'configparams force-mem-access 0' command is executed.
18:37:34 INFO  : ----------------XSDB Script----------------
connect -url tcp:127.0.0.1:3121
source C:/Users/nmil/1301_w_l/design_1_wrapper_hw_platform_1/ps7_init.tcl
targets -set -nocase -filter {name =~"APU*" && jtag_cable_name =~ "Digilent JTAG-SMT2 210251A08870"} -index 0
rst -system
after 3000
targets -set -nocase -filter {name =~"APU*" && jtag_cable_name =~ "Digilent JTAG-SMT2 210251A08870"} -index 0
loadhw -hw C:/Users/nmil/1301_w_l/design_1_wrapper_hw_platform_1/system.hdf -mem-ranges [list {0x40000000 0xbfffffff}]
configparams force-mem-access 1
targets -set -nocase -filter {name =~"APU*" && jtag_cable_name =~ "Digilent JTAG-SMT2 210251A08870"} -index 0
ps7_init
ps7_post_config
targets -set -nocase -filter {name =~ "ARM*#0" && jtag_cable_name =~ "Digilent JTAG-SMT2 210251A08870"} -index 0
dow C:/Users/nmil/1301_w_l/123/Debug/123.elf
targets -set -nocase -filter {name =~ "ARM*#1" && jtag_cable_name =~ "Digilent JTAG-SMT2 210251A08870"} -index 0
dow C:/Users/nmil/1301_w_l/321/Debug/321.elf
configparams force-mem-access 0
----------------End of Script----------------

18:37:34 INFO  : Memory regions updated for context APU
18:37:34 INFO  : Context for processor 'ps7_cortexa9_0' is selected.
18:37:34 INFO  : 'con' command is executed.
18:37:34 INFO  : Context for processor 'ps7_cortexa9_1' is selected.
18:37:34 INFO  : 'con' command is executed.
18:37:34 INFO  : ----------------XSDB Script (After Launch)----------------
targets -set -nocase -filter {name =~ "ARM*#0" && jtag_cable_name =~ "Digilent JTAG-SMT2 210251A08870"} -index 0
con
targets -set -nocase -filter {name =~ "ARM*#1" && jtag_cable_name =~ "Digilent JTAG-SMT2 210251A08870"} -index 0
con
----------------End of Script----------------

18:37:34 INFO  : Launch script is exported to file 'C:\Users\nmil\1301_w_l\.sdk\launch_scripts\xilinx_c-c++_application_(system_debugger)\system_debugger_using_debug_123.elf_on_local.tcl'
18:39:44 INFO  : Disconnected from the channel tcfchan#5.
