#-----------------------------------------------------------
# Webtalk v2019.1 (64-bit)
# SW Build 2552052 on Fri May 24 14:49:42 MDT 2019
# 
# Start of session at: Fri Jan 23 17:57:36 2026
# Process ID: 3480
# Current directory: C:/Users/nmil/1301_w_l/webtalk
# Command line: wbtcv.exe -mode batch -source sdk_webtalk.tcl
# Log file: C:/Users/nmil/1301_w_l/webtalk/webtalk.log
# Journal file: C:/Users/nmil/1301_w_l/webtalk\webtalk.jou
#-----------------------------------------------------------
source sdk_webtalk.tcl
# webtalk_init -webtalk_dir C:\\Users\\nmil\\1301_w_l\\webtalk
# webtalk_register_client -client project
# webtalk_add_data -client project -key date_generated -value "2026-01-23 17:57:34" -context "software_version_and_target_device"
# webtalk_add_data -client project -key product_version -value "SDK v2019.1" -context "software_version_and_target_device"
# webtalk_add_data -client project -key build_version -value "2019.1" -context "software_version_and_target_device"
# webtalk_add_data -client project -key os_platform -value "amd64" -context "software_version_and_target_device"
# webtalk_add_data -client project -key registration_id -value "" -context "software_version_and_target_device"
# webtalk_add_data -client project -key tool_flow -value "SDK" -context "software_version_and_target_device"
# webtalk_add_data -client project -key beta -value "false" -context "software_version_and_target_device"
# webtalk_add_data -client project -key route_design -value "NA" -context "software_version_and_target_device"
# webtalk_add_data -client project -key target_family -value "NA" -context "software_version_and_target_device"
# webtalk_add_data -client project -key target_device -value "NA" -context "software_version_and_target_device"
# webtalk_add_data -client project -key target_package -value "NA" -context "software_version_and_target_device"
# webtalk_add_data -client project -key target_speed -value "NA" -context "software_version_and_target_device"
# webtalk_add_data -client project -key random_id -value "pso9c1os6spr8bc29s9i1b8mr9" -context "software_version_and_target_device"
# webtalk_add_data -client project -key project_id -value "2019.1_28" -context "software_version_and_target_device"
# webtalk_add_data -client project -key project_iteration -value "28" -context "software_version_and_target_device"
# webtalk_add_data -client project -key os_name -value "Microsoft Windows 8 or later , 64-bit" -context "user_environment"
# webtalk_add_data -client project -key os_release -value "major release  (build 9200)" -context "user_environment"
# webtalk_add_data -client project -key cpu_name -value "Intel(R) Core(TM) i7-10700 CPU @ 2.90GHz" -context "user_environment"
# webtalk_add_data -client project -key cpu_speed -value "2904 MHz" -context "user_environment"
# webtalk_add_data -client project -key total_processors -value "1" -context "user_environment"
# webtalk_add_data -client project -key system_ram -value "34.191 GB" -context "user_environment"
# webtalk_register_client -client sdk
# webtalk_add_data -client sdk -key uid -value "1769156619378" -context "sdk\\\\bsp/1769156619378"
# webtalk_add_data -client sdk -key hwid -value "1768892694801" -context "sdk\\\\bsp/1769156619378"
# webtalk_add_data -client sdk -key os -value "freertos10_xilinx" -context "sdk\\\\bsp/1769156619378"
# webtalk_add_data -client sdk -key apptemplate -value "freertos_hello_world" -context "sdk\\\\bsp/1769156619378"
# webtalk_add_data -client sdk -key RecordType -value "BSPCreation" -context "sdk\\\\bsp/1769156619378"
# webtalk_add_data -client sdk -key uid -value "1769156620534" -context "sdk\\\\application/1769156620534"
# webtalk_add_data -client sdk -key hwid -value "1768892694801" -context "sdk\\\\application/1769156620534"
# webtalk_add_data -client sdk -key bspid -value "1769156619378" -context "sdk\\\\application/1769156620534"
# webtalk_add_data -client sdk -key newbsp -value "true" -context "sdk\\\\application/1769156620534"
# webtalk_add_data -client sdk -key os -value "freertos10_xilinx" -context "sdk\\\\application/1769156620534"
# webtalk_add_data -client sdk -key apptemplate -value "freertos_hello_world" -context "sdk\\\\application/1769156620534"
# webtalk_add_data -client sdk -key RecordType -value "APPCreation" -context "sdk\\\\application/1769156620534"
# webtalk_add_data -client sdk -key LangUsed -value "C" -context "sdk\\\\application/1769156620534"
# webtalk_add_data -client sdk -key Procused -value "ps7_cortexa9" -context "sdk\\\\application/1769156620534"
# webtalk_add_data -client sdk -key uid -value "NA" -context "sdk\\\\bsp/1769180254159"
# webtalk_add_data -client sdk -key RecordType -value "ToolUsage" -context "sdk\\\\bsp/1769180254159"
# webtalk_add_data -client sdk -key BootgenCount -value "0" -context "sdk\\\\bsp/1769180254159"
# webtalk_add_data -client sdk -key DebugCount -value "71" -context "sdk\\\\bsp/1769180254159"
# webtalk_add_data -client sdk -key PerfCount -value "0" -context "sdk\\\\bsp/1769180254159"
# webtalk_add_data -client sdk -key FlashCount -value "0" -context "sdk\\\\bsp/1769180254159"
# webtalk_add_data -client sdk -key CrossTriggCount -value "0" -context "sdk\\\\bsp/1769180254159"
# webtalk_add_data -client sdk -key QemuDebugCount -value "0" -context "sdk\\\\bsp/1769180254159"
# webtalk_transmit -clientid 1493617287 -regid "" -xml C:\\Users\\nmil\\1301_w_l\\webtalk\\usage_statistics_ext_sdk.xml -html C:\\Users\\nmil\\1301_w_l\\webtalk\\usage_statistics_ext_sdk.html -wdm C:\\Users\\nmil\\1301_w_l\\webtalk\\sdk_webtalk.wdm -intro "<H3>SDK Usage Report</H3><BR>"
# webtalk_terminate
INFO: [Common 17-206] Exiting Webtalk at Fri Jan 23 17:57:36 2026...
