08:51:10 **** Auto Build of configuration Debug for project 123 ****
make pre-build main-build 
a9-linaro-pre-build-step
' '
'Building file: ../src/lwip.c'
'Invoking: ARM v7 gcc compiler'
arm-none-eabi-gcc -Wall -O0 -g3 -c -fmessage-length=0 -MT"src/lwip.o" -mcpu=cortex-a9 -mfpu=vfpv3 -mfloat-abi=hard -I../../freertos10_xilinx_bsp_0/ps7_cortexa9_0/include -MMD -MP -MF"src/lwip.d" -MT"src/lwip.o" -o "src/lwip.o" "../src/lwip.c"
../src/lwip.c: In function 'lwip_network_setup':
../src/lwip.c:27:10: warning: implicit declaration of function 'xemac_add'; did you mean 'netif_add'? [-Wimplicit-function-declaration]
     if (!xemac_add(&server_netif, &ipaddr, &netmask, &gw, mac, XPAR_XEMACPS_0_BASEADDR))
          ^~~~~~~~~
          netif_add
../src/lwip.c: In function 'udp_package_send':
../src/lwip.c:62:8: warning: unused variable 'err' [-Wunused-variable]
  err_t err = send_udp_data(sender);
        ^~~
../src/lwip.c: In function 'state_tcp_connection':
../src/lwip.c:92:9: warning: statement with no effect [-Wunused-value]
  tcp_pcb->state;
  ~~~~~~~^~~~~~~
../src/lwip.c:93:1: warning: control reaches end of non-void function [-Wreturn-type]
 }
 ^
'Finished building: ../src/lwip.c'
' '
'Building file: ../src/main.c'
'Invoking: ARM v7 gcc compiler'
arm-none-eabi-gcc -Wall -O0 -g3 -c -fmessage-length=0 -MT"src/main.o" -mcpu=cortex-a9 -mfpu=vfpv3 -mfloat-abi=hard -I../../freertos10_xilinx_bsp_0/ps7_cortexa9_0/include -MMD -MP -MF"src/main.d" -MT"src/main.o" -o "src/main.o" "../src/main.c"
../src/main.c: In function 'network_init_task':
../src/main.c:35:87: warning: passing argument 6 of 'xTaskCreate' discards 'volatile' qualifier from pointer target type [-Wdiscarded-qualifiers]
   xTaskCreate(udp_send_task, "UDP SEND Task", THREAD_STACKSIZE, NULL, UDP_TASK_PRIO,  &xIrqTaskHandle);
                                                                                       ^~~~~~~~~~~~~~~
In file included from ../src/main.h:27,
                 from ../src/main.c:10:
../../freertos10_xilinx_bsp_0/ps7_cortexa9_0/include/task.h:327:29: note: expected 'struct tskTaskControlBlock ** const' but argument is of type 'struct tskTaskControlBlock * volatile*'
        TaskHandle_t * const pxCreatedTask ) PRIVILEGED_FUNCTION;
        ~~~~~~~~~~~~~~~~~~~~~^~~~~~~~~~~~~
../src/main.c:39:90: warning: passing argument 6 of 'xTaskCreate' discards 'volatile' qualifier from pointer target type [-Wdiscarded-qualifiers]
   xTaskCreate(tcp_parse_task, "TCP PARSE Task", THREAD_STACKSIZE, NULL, TCP_PARSE_PRIO,  &xTcpParseTaskHandle);
                                                                                          ^~~~~~~~~~~~~~~~~~~~
In file included from ../src/main.h:27,
                 from ../src/main.c:10:
../../freertos10_xilinx_bsp_0/ps7_cortexa9_0/include/task.h:327:29: note: expected 'struct tskTaskControlBlock ** const' but argument is of type 'struct tskTaskControlBlock * volatile*'
        TaskHandle_t * const pxCreatedTask ) PRIVILEGED_FUNCTION;
        ~~~~~~~~~~~~~~~~~~~~~^~~~~~~~~~~~~
../src/main.c: In function 'x1emacif_input_thread':
../src/main.c:124:9: warning: implicit declaration of function 'xemacif_input'; did you mean 'netif_input'? [-Wimplicit-function-declaration]
         xemacif_input(netif);
         ^~~~~~~~~~~~~
         netif_input
'Finished building: ../src/main.c'
' '
'Building file: ../src/platform.c'
'Invoking: ARM v7 gcc compiler'
arm-none-eabi-gcc -Wall -O0 -g3 -c -fmessage-length=0 -MT"src/platform.o" -mcpu=cortex-a9 -mfpu=vfpv3 -mfloat-abi=hard -I../../freertos10_xilinx_bsp_0/ps7_cortexa9_0/include -MMD -MP -MF"src/platform.d" -MT"src/platform.o" -o "src/platform.o" "../src/platform.c"
'Finished building: ../src/platform.c'
' '
'Building file: ../src/udp_stack.c'
'Invoking: ARM v7 gcc compiler'
arm-none-eabi-gcc -Wall -O0 -g3 -c -fmessage-length=0 -MT"src/udp_stack.o" -mcpu=cortex-a9 -mfpu=vfpv3 -mfloat-abi=hard -I../../freertos10_xilinx_bsp_0/ps7_cortexa9_0/include -MMD -MP -MF"src/udp_stack.d" -MT"src/udp_stack.o" -o "src/udp_stack.o" "../src/udp_stack.c"
'Finished building: ../src/udp_stack.c'
' '
'Building target: 123.elf'
'Invoking: ARM v7 gcc linker'
arm-none-eabi-gcc -mcpu=cortex-a9 -mfpu=vfpv3 -mfloat-abi=hard -Wl,-build-id=none -specs=Xilinx.spec -Wl,-T -Wl,../src/lscript.ld -L../../freertos10_xilinx_bsp_0/ps7_cortexa9_0/lib -o "123.elf"  ./src/IntQueueTimer.o ./src/cpu1_init.o ./src/lwip.o ./src/main.o ./src/parser.o ./src/platform.o ./src/udp_stack.o   -Wl,--start-group,-lxil,-lfreertos,-lgcc,-lc,--end-group -Wl,--start-group,-lxil,-llwip4,-lgcc,-lc,--end-group
'Finished building target: 123.elf'
' '
'Invoking: ARM v7 Print Size'
arm-none-eabi-size 123.elf  |tee "123.elf.size"
   text	   data	    bss	    dec	    hex	filename
 163660	  11700	2152752	2328112	 238630	123.elf
'Finished building: 123.elf.size'
' '

08:51:13 Build Finished (took 2s.280ms)

