09:39:46 **** Build of configuration Debug for project 321 ****
make pre-build main-build 
a9-linaro-pre-build-step
' '
'Building file: ../src/main.c'
'Invoking: ARM v7 gcc compiler'
arm-none-eabi-gcc -Wall -O0 -g3 -c -fmessage-length=0 -MT"src/main.o" -mcpu=cortex-a9 -mfpu=vfpv3 -mfloat-abi=hard -I../../321_bsp/ps7_cortexa9_1/include -MMD -MP -MF"src/main.d" -MT"src/main.o" -o "src/main.o" "../src/main.c"
'Finished building: ../src/main.c'
' '
'Building target: 321.elf'
'Invoking: ARM v7 gcc linker'
arm-none-eabi-gcc -mcpu=cortex-a9 -mfpu=vfpv3 -mfloat-abi=hard -Wl,-build-id=none -specs=Xilinx.spec -Wl,-T -Wl,../src/lscript.ld -L../../321_bsp/ps7_cortexa9_1/lib -o "321.elf"  ./src/main.o   -Wl,--start-group,-lxil,-lgcc,-lc,--end-group
'Finished building target: 321.elf'
' '
'Invoking: ARM v7 Print Size'
arm-none-eabi-size 321.elf  |tee "321.elf.size"
   text	   data	    bss	    dec	    hex	filename
  32584	   1544	  23256	  57384	   e028	321.elf
'Finished building: 321.elf.size'
' '

09:39:46 Build Finished (took 468ms)

