12:00:36 **** Build of configuration Debug for project 567 ****
make pre-build main-build 
a9-linaro-pre-build-step
' '
'Building file: ../src/main.c'
'Invoking: ARM v7 gcc compiler'
arm-none-eabi-gcc -Wall -O0 -g3 -c -fmessage-length=0 -MT"src/main.o" -mcpu=cortex-a9 -mfpu=vfpv3 -mfloat-abi=hard -I../../567_bsp/ps7_cortexa9_0/include -MMD -MP -MF"src/main.d" -MT"src/main.o" -o "src/main.o" "../src/main.c"
../src/main.c: In function 'main':
../src/main.c:5:2: warning: implicit declaration of function 'xil_printf' [-Wimplicit-function-declaration]
  xil_printf("Hellow world 52");
  ^~~~~~~~~~
'Finished building: ../src/main.c'
' '
'Building target: 567.elf'
'Invoking: ARM v7 gcc linker'
arm-none-eabi-gcc -mcpu=cortex-a9 -mfpu=vfpv3 -mfloat-abi=hard -Wl,-build-id=none -specs=Xilinx.spec -Wl,-T -Wl,../src/lscript.ld -L../../567_bsp/ps7_cortexa9_0/lib -o "567.elf"  ./src/main.o   -Wl,--start-group,-lxil,-lgcc,-lc,--end-group
'Finished building target: 567.elf'
' '
'Invoking: ARM v7 Print Size'
arm-none-eabi-size 567.elf  |tee "567.elf.size"
   text	   data	    bss	    dec	    hex	filename
  29308	   1544	  23256	  54108	   d35c	567.elf
'Finished building: 567.elf.size'
' '

12:00:37 Build Finished (took 477ms)

