09:02:58 **** Incremental Build of configuration Debug for project 123 ****
make pre-build main-build 
a9-linaro-pre-build-step
' '
make: Nothing to be done for 'main-build'.
09:39:32 **** Auto Build of configuration Debug for project 123 ****
make pre-build main-build 
a9-linaro-pre-build-step
' '
'Building file: ../src/lwip.c'
'Invoking: ARM v7 gcc compiler'
arm-none-eabi-gcc -Wall -O0 -g3 -c -fmessage-length=0 -MT"src/lwip.o" -mcpu=cortex-a9 -mfpu=vfpv3 -mfloat-abi=hard -I../../freertos10_xilinx_bsp_0/ps7_cortexa9_0/include -MMD -MP -MF"src/lwip.d" -MT"src/lwip.o" -o "src/lwip.o" "../src/lwip.c"
../src/lwip.c: In function 'lwip_network_setup':
../src/lwip.c:23:10: warning: implicit declaration of function 'xemac_add'; did you mean 'netif_add'? [-Wimplicit-function-declaration]
     if (!xemac_add(&server_netif, &ipaddr, &netmask, &gw, mac, XPAR_XEMACPS_0_BASEADDR))
          ^~~~~~~~~
          netif_add
../src/lwip.c: In function 'client_connected':
../src/lwip.c:160:16: error: expected expression before ')' token
  tcp_err(tpcb, );
                ^
../src/lwip.c: In function 'error_callback':
../src/lwip.c:97:1: warning: control reaches end of non-void function [-Wreturn-type]
 }
 ^
make: *** [src/subdir.mk:41: src/lwip.o] Error 1
09:40:35 **** Auto Build of configuration Debug for project 123 ****
make pre-build main-build 
a9-linaro-pre-build-step
' '
'Building file: ../src/lwip.c'
'Invoking: ARM v7 gcc compiler'
arm-none-eabi-gcc -Wall -O0 -g3 -c -fmessage-length=0 -MT"src/lwip.o" -mcpu=cortex-a9 -mfpu=vfpv3 -mfloat-abi=hard -I../../freertos10_xilinx_bsp_0/ps7_cortexa9_0/include -MMD -MP -MF"src/lwip.d" -MT"src/lwip.o" -o "src/lwip.o" "../src/lwip.c"
../src/lwip.c: In function 'lwip_network_setup':
../src/lwip.c:23:10: warning: implicit declaration of function 'xemac_add'; did you mean 'netif_add'? [-Wimplicit-function-declaration]
     if (!xemac_add(&server_netif, &ipaddr, &netmask, &gw, mac, XPAR_XEMACPS_0_BASEADDR))
          ^~~~~~~~~
          netif_add
../src/lwip.c: In function 'client_connected':
../src/lwip.c:160:16: warning: passing argument 2 of 'tcp_err' from incompatible pointer type [-Wincompatible-pointer-types]
  tcp_err(tpcb, error_callback);
                ^~~~~~~~~~~~~~
In file included from ../src/lwip.h:10,
                 from ../src/lwip.c:10:
../../freertos10_xilinx_bsp_0/ps7_cortexa9_0/include/lwip/tcp.h:418:63: note: expected 'tcp_err_fn' {aka 'void (*)(void *, signed char)'} but argument is of type 'err_t (*)(void *, struct tcp_pcb *)' {aka 'signed char (*)(void *, struct tcp_pcb *)'}
 void             tcp_err     (struct tcp_pcb *pcb, tcp_err_fn err);
                                                    ~~~~~~~~~~~^~~
../src/lwip.c: In function 'error_callback':
../src/lwip.c:97:1: warning: control reaches end of non-void function [-Wreturn-type]
 }
 ^
'Finished building: ../src/lwip.c'
' '
'Building file: ../src/main.c'
'Invoking: ARM v7 gcc compiler'
arm-none-eabi-gcc -Wall -O0 -g3 -c -fmessage-length=0 -MT"src/main.o" -mcpu=cortex-a9 -mfpu=vfpv3 -mfloat-abi=hard -I../../freertos10_xilinx_bsp_0/ps7_cortexa9_0/include -MMD -MP -MF"src/main.d" -MT"src/main.o" -o "src/main.o" "../src/main.c"
../src/main.c: In function 'network_init_task':
../src/main.c:36:87: warning: passing argument 6 of 'xTaskCreate' discards 'volatile' qualifier from pointer target type [-Wdiscarded-qualifiers]
   xTaskCreate(udp_send_task, "UDP SEND Task", THREAD_STACKSIZE, NULL, UDP_TASK_PRIO,  &xIrqTaskHandle);
                                                                                       ^~~~~~~~~~~~~~~
In file included from ../src/main.h:27,
                 from ../src/main.c:10:
../../freertos10_xilinx_bsp_0/ps7_cortexa9_0/include/task.h:327:29: note: expected 'struct tskTaskControlBlock ** const' but argument is of type 'struct tskTaskControlBlock * volatile*'
        TaskHandle_t * const pxCreatedTask ) PRIVILEGED_FUNCTION;
        ~~~~~~~~~~~~~~~~~~~~~^~~~~~~~~~~~~
../src/main.c:39:90: warning: passing argument 6 of 'xTaskCreate' discards 'volatile' qualifier from pointer target type [-Wdiscarded-qualifiers]
   xTaskCreate(tcp_parse_task, "TCP PARSE Task", THREAD_STACKSIZE, NULL, TCP_PARSE_PRIO,  &xTcpParseTaskHandle);
                                                                                          ^~~~~~~~~~~~~~~~~~~~
In file included from ../src/main.h:27,
                 from ../src/main.c:10:
../../freertos10_xilinx_bsp_0/ps7_cortexa9_0/include/task.h:327:29: note: expected 'struct tskTaskControlBlock ** const' but argument is of type 'struct tskTaskControlBlock * volatile*'
        TaskHandle_t * const pxCreatedTask ) PRIVILEGED_FUNCTION;
        ~~~~~~~~~~~~~~~~~~~~~^~~~~~~~~~~~~
In file included from ../src/main.h:31,
                 from ../src/main.c:10:
../src/main.c: In function 'tcp_parse_task':
../../freertos10_xilinx_bsp_0/ps7_cortexa9_0/include/projdefs.h:41:37: warning: passing argument 4 of 'xStreamBufferReceiveFromISR' makes pointer from integer without a cast [-Wint-conversion]
  #define pdMS_TO_TICKS( xTimeInMs ) ( ( TickType_t ) ( ( ( TickType_t ) ( xTimeInMs ) * ( TickType_t ) configTICK_RATE_HZ ) / ( TickType_t ) 1000 ) )
                                     ^~~~~~~~~~~~~~~~~~~~~~~~~~~~~~~~~~~~~~~~~~~~~~~~~~~~~~~~~~~~~~~~~~~~~~~~~~~~~~~~~~~~~~~~~~~~~~~~~~~~~~~~~~~~~~~~~
../../freertos10_xilinx_bsp_0/ps7_cortexa9_0/include/message_buffer.h:596:213: note: in definition of macro 'xMessageBufferReceiveFromISR'
 #define xMessageBufferReceiveFromISR( xMessageBuffer, pvRxData, xBufferLengthBytes, pxHigherPriorityTaskWoken ) xStreamBufferReceiveFromISR( ( StreamBufferHandle_t ) xMessageBuffer, pvRxData, xBufferLengthBytes, pxHigherPriorityTaskWoken )
                                                                                                                                                                                                                     ^~~~~~~~~~~~~~~~~~~~~~~~~
../src/main.c:82:77: note: in expansion of macro 'pdMS_TO_TICKS'
   size = xMessageBufferReceiveFromISR(xMsgBuffer, payload, sizeof(payload), pdMS_TO_TICKS(20));
                                                                             ^~~~~~~~~~~~~
In file included from ../../freertos10_xilinx_bsp_0/ps7_cortexa9_0/include/message_buffer.h:66,
                 from ../src/main.h:31,
                 from ../src/main.c:10:
../../freertos10_xilinx_bsp_0/ps7_cortexa9_0/include/stream_buffer.h:587:29: note: expected 'BaseType_t * const' {aka 'long int * const'} but argument is of type 'long unsigned int'
          BaseType_t * const pxHigherPriorityTaskWoken ) PRIVILEGED_FUNCTION;
          ~~~~~~~~~~~~~~~~~~~^~~~~~~~~~~~~~~~~~~~~~~~~
../src/main.c: In function 'x1emacif_input_thread':
../src/main.c:143:4: warning: implicit declaration of function 'tcp_fasttmr'; did you mean 'tcp_listen'? [-Wimplicit-function-declaration]
    tcp_fasttmr();
    ^~~~~~~~~~~
    tcp_listen
../src/main.c:148:4: warning: implicit declaration of function 'tcp_slowtmr'; did you mean 'tcp_close'? [-Wimplicit-function-declaration]
    tcp_slowtmr();
    ^~~~~~~~~~~
    tcp_close
../src/main.c:151:3: warning: implicit declaration of function 'xemacif_input'; did you mean 'netif_input'? [-Wimplicit-function-declaration]
   xemacif_input(netif);
   ^~~~~~~~~~~~~
   netif_input
'Finished building: ../src/main.c'
' '
'Building target: 123.elf'
'Invoking: ARM v7 gcc linker'
arm-none-eabi-gcc -mcpu=cortex-a9 -mfpu=vfpv3 -mfloat-abi=hard -Wl,-build-id=none -specs=Xilinx.spec -Wl,-T -Wl,../src/lscript.ld -L../../freertos10_xilinx_bsp_0/ps7_cortexa9_0/lib -o "123.elf"  ./src/IntQueueTimer.o ./src/cpu1_init.o ./src/lwip.o ./src/main.o ./src/platform.o ./src/tcp_stack.o ./src/udp_stack.o   -Wl,--start-group,-lxil,-lfreertos,-lgcc,-lc,--end-group -Wl,--start-group,-lxil,-llwip4,-lgcc,-lc,--end-group
'Finished building target: 123.elf'
' '
'Invoking: ARM v7 Print Size'
arm-none-eabi-size 123.elf  |tee "123.elf.size"
   text	   data	    bss	    dec	    hex	filename
 165484	  11700	2152752	2329936	 238d50	123.elf
'Finished building: 123.elf.size'
' '
09:40:40 **** Incremental Build of configuration Debug for project 123 ****
make pre-build main-build 
a9-linaro-pre-build-step
' '
make: Nothing to be done for 'main-build'.
09:41:41 **** Incremental Build of configuration Debug for project 123 ****
make pre-build main-build 
a9-linaro-pre-build-step
' '
make: Nothing to be done for 'main-build'.
10:46:39 **** Auto Build of configuration Debug for project 123 ****
make pre-build main-build 
a9-linaro-pre-build-step
' '
'Building file: ../src/lwip.c'
'Invoking: ARM v7 gcc compiler'
arm-none-eabi-gcc -Wall -O0 -g3 -c -fmessage-length=0 -MT"src/lwip.o" -mcpu=cortex-a9 -mfpu=vfpv3 -mfloat-abi=hard -I../../freertos10_xilinx_bsp_0/ps7_cortexa9_0/include -MMD -MP -MF"src/lwip.d" -MT"src/lwip.o" -o "src/lwip.o" "../src/lwip.c"
../src/lwip.c: In function 'lwip_network_setup':
../src/lwip.c:23:10: warning: implicit declaration of function 'xemac_add'; did you mean 'netif_add'? [-Wimplicit-function-declaration]
     if (!xemac_add(&server_netif, &ipaddr, &netmask, &gw, mac, XPAR_XEMACPS_0_BASEADDR))
          ^~~~~~~~~
          netif_add
'Finished building: ../src/lwip.c'
' '
'Building target: 123.elf'
'Invoking: ARM v7 gcc linker'
arm-none-eabi-gcc -mcpu=cortex-a9 -mfpu=vfpv3 -mfloat-abi=hard -Wl,-build-id=none -specs=Xilinx.spec -Wl,-T -Wl,../src/lscript.ld -L../../freertos10_xilinx_bsp_0/ps7_cortexa9_0/lib -o "123.elf"  ./src/IntQueueTimer.o ./src/cpu1_init.o ./src/lwip.o ./src/main.o ./src/platform.o ./src/tcp_stack.o ./src/udp_stack.o   -Wl,--start-group,-lxil,-lfreertos,-lgcc,-lc,--end-group -Wl,--start-group,-lxil,-llwip4,-lgcc,-lc,--end-group
'Finished building target: 123.elf'
' '
'Invoking: ARM v7 Print Size'
arm-none-eabi-size 123.elf  |tee "123.elf.size"
   text	   data	    bss	    dec	    hex	filename
 165388	  11700	2152752	2329840	 238cf0	123.elf
'Finished building: 123.elf.size'
' '
10:46:45 **** Incremental Build of configuration Debug for project 123 ****
make pre-build main-build 
a9-linaro-pre-build-step
' '
make: Nothing to be done for 'main-build'.
11:28:33 **** Auto Build of configuration Debug for project 123 ****
make pre-build main-build 
a9-linaro-pre-build-step
' '
'Building file: ../src/lwip.c'
'Invoking: ARM v7 gcc compiler'
arm-none-eabi-gcc -Wall -O0 -g3 -c -fmessage-length=0 -MT"src/lwip.o" -mcpu=cortex-a9 -mfpu=vfpv3 -mfloat-abi=hard -I../../freertos10_xilinx_bsp_0/ps7_cortexa9_0/include -MMD -MP -MF"src/lwip.d" -MT"src/lwip.o" -o "src/lwip.o" "../src/lwip.c"
../src/lwip.c: In function 'lwip_network_setup':
../src/lwip.c:23:10: warning: implicit declaration of function 'xemac_add'; did you mean 'netif_add'? [-Wimplicit-function-declaration]
     if (!xemac_add(&server_netif, &ipaddr, &netmask, &gw, mac, XPAR_XEMACPS_0_BASEADDR))
          ^~~~~~~~~
          netif_add
../src/lwip.c: In function 'parse_msg':
../src/lwip.c:188:11: error: 'monitor' is a pointer; did you mean to use '->'?
    monitor.last_recv_cmd = CMD_TOB_VALUE_REQS;
           ^
           ->
../src/lwip.c:193:11: error: 'monitor' is a pointer; did you mean to use '->'?
    monitor.last_recv_cmd = CMD_WORKTYPE_REQS;
           ^
           ->
../src/lwip.c:198:11: error: 'monitor' is a pointer; did you mean to use '->'?
    monitor.last_recv_cmd = CMD_TOB_POINT;
           ^
           ->
../src/lwip.c:207:12: error: 'monitor' is a pointer; did you mean to use '->'?
     monitor.last_recv_cmd = CMD_STOP;
            ^
            ->
../src/lwip.c:214:12: error: 'monitor' is a pointer; did you mean to use '->'?
     monitor.last_recv_cmd = CMD_START;
            ^
            ->
../src/lwip.c:219:12: error: 'monitor' is a pointer; did you mean to use '->'?
     monitor.last_recv_cmd = CMD_WORKTYPE_SET;
            ^
            ->
../src/lwip.c:224:12: error: 'monitor' is a pointer; did you mean to use '->'?
     monitor.last_recv_cmd = CMD_CTRL_AMPL;
            ^
            ->
../src/lwip.c:229:12: error: 'monitor' is a pointer; did you mean to use '->'?
     monitor.last_recv_cmd = CMD_SEA_FILTER;
            ^
            ->
../src/lwip.c:234:12: error: 'monitor' is a pointer; did you mean to use '->'?
     monitor.last_recv_cmd = CMD_PREC_FILTER;
            ^
            ->
../src/lwip.c:239:12: error: 'monitor' is a pointer; did you mean to use '->'?
     monitor.last_recv_cmd = CMD_VELOCITY;
            ^
            ->
../src/lwip.c:244:12: error: 'monitor' is a pointer; did you mean to use '->'?
     monitor.last_recv_cmd = CMD_FREQ_CHGE;
            ^
            ->
../src/lwip.c:249:12: error: 'monitor' is a pointer; did you mean to use '->'?
     monitor.last_recv_cmd = CMD_TELEMETRY_REQS;
            ^
            ->
../src/lwip.c:254:12: error: 'monitor' is a pointer; did you mean to use '->'?
     monitor.last_recv_cmd = CMD_RESET_FAULTS;
            ^
            ->
../src/lwip.c:267:10: error: 'monitor' is a pointer; did you mean to use '->'?
   monitor.last_recv_cmd = CMD_BLANK_SEC;
          ^
          ->
make: *** [src/subdir.mk:41: src/lwip.o] Error 1
11:29:47 **** Auto Build of configuration Debug for project 123 ****
make pre-build main-build 
a9-linaro-pre-build-step
' '
'Building file: ../src/lwip.c'
'Invoking: ARM v7 gcc compiler'
arm-none-eabi-gcc -Wall -O0 -g3 -c -fmessage-length=0 -MT"src/lwip.o" -mcpu=cortex-a9 -mfpu=vfpv3 -mfloat-abi=hard -I../../freertos10_xilinx_bsp_0/ps7_cortexa9_0/include -MMD -MP -MF"src/lwip.d" -MT"src/lwip.o" -o "src/lwip.o" "../src/lwip.c"
../src/lwip.c: In function 'lwip_network_setup':
../src/lwip.c:23:10: warning: implicit declaration of function 'xemac_add'; did you mean 'netif_add'? [-Wimplicit-function-declaration]
     if (!xemac_add(&server_netif, &ipaddr, &netmask, &gw, mac, XPAR_XEMACPS_0_BASEADDR))
          ^~~~~~~~~
          netif_add
'Finished building: ../src/lwip.c'
' '
'Building file: ../src/main.c'
'Invoking: ARM v7 gcc compiler'
arm-none-eabi-gcc -Wall -O0 -g3 -c -fmessage-length=0 -MT"src/main.o" -mcpu=cortex-a9 -mfpu=vfpv3 -mfloat-abi=hard -I../../freertos10_xilinx_bsp_0/ps7_cortexa9_0/include -MMD -MP -MF"src/main.d" -MT"src/main.o" -o "src/main.o" "../src/main.c"
../src/main.c: In function 'network_init_task':
../src/main.c:36:87: warning: passing argument 6 of 'xTaskCreate' discards 'volatile' qualifier from pointer target type [-Wdiscarded-qualifiers]
   xTaskCreate(udp_send_task, "UDP SEND Task", THREAD_STACKSIZE, NULL, UDP_TASK_PRIO,  &xIrqTaskHandle);
                                                                                       ^~~~~~~~~~~~~~~
In file included from ../src/main.h:27,
                 from ../src/main.c:10:
../../freertos10_xilinx_bsp_0/ps7_cortexa9_0/include/task.h:327:29: note: expected 'struct tskTaskControlBlock ** const' but argument is of type 'struct tskTaskControlBlock * volatile*'
        TaskHandle_t * const pxCreatedTask ) PRIVILEGED_FUNCTION;
        ~~~~~~~~~~~~~~~~~~~~~^~~~~~~~~~~~~
../src/main.c:39:90: warning: passing argument 6 of 'xTaskCreate' discards 'volatile' qualifier from pointer target type [-Wdiscarded-qualifiers]
   xTaskCreate(tcp_parse_task, "TCP PARSE Task", THREAD_STACKSIZE, NULL, TCP_PARSE_PRIO,  &xTcpParseTaskHandle);
                                                                                          ^~~~~~~~~~~~~~~~~~~~
In file included from ../src/main.h:27,
                 from ../src/main.c:10:
../../freertos10_xilinx_bsp_0/ps7_cortexa9_0/include/task.h:327:29: note: expected 'struct tskTaskControlBlock ** const' but argument is of type 'struct tskTaskControlBlock * volatile*'
        TaskHandle_t * const pxCreatedTask ) PRIVILEGED_FUNCTION;
        ~~~~~~~~~~~~~~~~~~~~~^~~~~~~~~~~~~
In file included from ../src/main.h:31,
                 from ../src/main.c:10:
../src/main.c: In function 'tcp_parse_task':
../../freertos10_xilinx_bsp_0/ps7_cortexa9_0/include/projdefs.h:41:37: warning: passing argument 4 of 'xStreamBufferReceiveFromISR' makes pointer from integer without a cast [-Wint-conversion]
  #define pdMS_TO_TICKS( xTimeInMs ) ( ( TickType_t ) ( ( ( TickType_t ) ( xTimeInMs ) * ( TickType_t ) configTICK_RATE_HZ ) / ( TickType_t ) 1000 ) )
                                     ^~~~~~~~~~~~~~~~~~~~~~~~~~~~~~~~~~~~~~~~~~~~~~~~~~~~~~~~~~~~~~~~~~~~~~~~~~~~~~~~~~~~~~~~~~~~~~~~~~~~~~~~~~~~~~~~~
../../freertos10_xilinx_bsp_0/ps7_cortexa9_0/include/message_buffer.h:596:213: note: in definition of macro 'xMessageBufferReceiveFromISR'
 #define xMessageBufferReceiveFromISR( xMessageBuffer, pvRxData, xBufferLengthBytes, pxHigherPriorityTaskWoken ) xStreamBufferReceiveFromISR( ( StreamBufferHandle_t ) xMessageBuffer, pvRxData, xBufferLengthBytes, pxHigherPriorityTaskWoken )
                                                                                                                                                                                                                     ^~~~~~~~~~~~~~~~~~~~~~~~~
../src/main.c:82:77: note: in expansion of macro 'pdMS_TO_TICKS'
   size = xMessageBufferReceiveFromISR(xMsgBuffer, payload, sizeof(payload), pdMS_TO_TICKS(20));
                                                                             ^~~~~~~~~~~~~
In file included from ../../freertos10_xilinx_bsp_0/ps7_cortexa9_0/include/message_buffer.h:66,
                 from ../src/main.h:31,
                 from ../src/main.c:10:
../../freertos10_xilinx_bsp_0/ps7_cortexa9_0/include/stream_buffer.h:587:29: note: expected 'BaseType_t * const' {aka 'long int * const'} but argument is of type 'long unsigned int'
          BaseType_t * const pxHigherPriorityTaskWoken ) PRIVILEGED_FUNCTION;
          ~~~~~~~~~~~~~~~~~~~^~~~~~~~~~~~~~~~~~~~~~~~~
../src/main.c: In function 'vStatsTask':
../src/main.c:113:3: error: too few arguments to function 'need_reconnect'
   need_reconnect(tcp_pcb);
   ^~~~~~~~~~~~~~
In file included from ../src/main.h:44,
                 from ../src/main.c:10:
../src/lwip.h:55:7: note: declared here
 err_t need_reconnect(void* arg, struct tcp_pcb *pcb);
       ^~~~~~~~~~~~~~
../src/main.c: In function 'x1emacif_input_thread':
../src/main.c:143:4: warning: implicit declaration of function 'tcp_fasttmr'; did you mean 'tcp_listen'? [-Wimplicit-function-declaration]
    tcp_fasttmr();
    ^~~~~~~~~~~
    tcp_listen
../src/main.c:148:4: warning: implicit declaration of function 'tcp_slowtmr'; did you mean 'tcp_close'? [-Wimplicit-function-declaration]
    tcp_slowtmr();
    ^~~~~~~~~~~
    tcp_close
../src/main.c:151:3: warning: implicit declaration of function 'xemacif_input'; did you mean 'netif_input'? [-Wimplicit-function-declaration]
   xemacif_input(netif);
   ^~~~~~~~~~~~~
   netif_input
make: *** [src/subdir.mk:41: src/main.o] Error 1
11:30:35 **** Auto Build of configuration Debug for project 123 ****
make pre-build main-build 
a9-linaro-pre-build-step
' '
'Building file: ../src/lwip.c'
'Invoking: ARM v7 gcc compiler'
arm-none-eabi-gcc -Wall -O0 -g3 -c -fmessage-length=0 -MT"src/lwip.o" -mcpu=cortex-a9 -mfpu=vfpv3 -mfloat-abi=hard -I../../freertos10_xilinx_bsp_0/ps7_cortexa9_0/include -MMD -MP -MF"src/lwip.d" -MT"src/lwip.o" -o "src/lwip.o" "../src/lwip.c"
../src/lwip.c: In function 'lwip_network_setup':
../src/lwip.c:23:10: warning: implicit declaration of function 'xemac_add'; did you mean 'netif_add'? [-Wimplicit-function-declaration]
     if (!xemac_add(&server_netif, &ipaddr, &netmask, &gw, mac, XPAR_XEMACPS_0_BASEADDR))
          ^~~~~~~~~
          netif_add
../src/lwip.c: In function 'client_connected':
../src/lwip.c:157:17: warning: passing argument 2 of 'tcp_poll' from incompatible pointer type [-Wincompatible-pointer-types]
  tcp_poll(tpcb, need_reconnect, 20);
                 ^~~~~~~~~~~~~~
In file included from ../src/lwip.h:10,
                 from ../src/lwip.c:10:
../../freertos10_xilinx_bsp_0/ps7_cortexa9_0/include/lwip/tcp.h:421:64: note: expected 'tcp_poll_fn' {aka 'signed char (*)(void *, struct tcp_pcb *)'} but argument is of type 'err_t (*)(struct tcp_pcb *)' {aka 'signed char (*)(struct tcp_pcb *)'}
 void             tcp_poll    (struct tcp_pcb *pcb, tcp_poll_fn poll, u8_t interval);
                                                    ~~~~~~~~~~~~^~~~
'Finished building: ../src/lwip.c'
' '
'Building file: ../src/main.c'
'Invoking: ARM v7 gcc compiler'
arm-none-eabi-gcc -Wall -O0 -g3 -c -fmessage-length=0 -MT"src/main.o" -mcpu=cortex-a9 -mfpu=vfpv3 -mfloat-abi=hard -I../../freertos10_xilinx_bsp_0/ps7_cortexa9_0/include -MMD -MP -MF"src/main.d" -MT"src/main.o" -o "src/main.o" "../src/main.c"
../src/main.c: In function 'network_init_task':
../src/main.c:36:87: warning: passing argument 6 of 'xTaskCreate' discards 'volatile' qualifier from pointer target type [-Wdiscarded-qualifiers]
   xTaskCreate(udp_send_task, "UDP SEND Task", THREAD_STACKSIZE, NULL, UDP_TASK_PRIO,  &xIrqTaskHandle);
                                                                                       ^~~~~~~~~~~~~~~
In file included from ../src/main.h:27,
                 from ../src/main.c:10:
../../freertos10_xilinx_bsp_0/ps7_cortexa9_0/include/task.h:327:29: note: expected 'struct tskTaskControlBlock ** const' but argument is of type 'struct tskTaskControlBlock * volatile*'
        TaskHandle_t * const pxCreatedTask ) PRIVILEGED_FUNCTION;
        ~~~~~~~~~~~~~~~~~~~~~^~~~~~~~~~~~~
../src/main.c:39:90: warning: passing argument 6 of 'xTaskCreate' discards 'volatile' qualifier from pointer target type [-Wdiscarded-qualifiers]
   xTaskCreate(tcp_parse_task, "TCP PARSE Task", THREAD_STACKSIZE, NULL, TCP_PARSE_PRIO,  &xTcpParseTaskHandle);
                                                                                          ^~~~~~~~~~~~~~~~~~~~
In file included from ../src/main.h:27,
                 from ../src/main.c:10:
../../freertos10_xilinx_bsp_0/ps7_cortexa9_0/include/task.h:327:29: note: expected 'struct tskTaskControlBlock ** const' but argument is of type 'struct tskTaskControlBlock * volatile*'
        TaskHandle_t * const pxCreatedTask ) PRIVILEGED_FUNCTION;
        ~~~~~~~~~~~~~~~~~~~~~^~~~~~~~~~~~~
In file included from ../src/main.h:31,
                 from ../src/main.c:10:
../src/main.c: In function 'tcp_parse_task':
../../freertos10_xilinx_bsp_0/ps7_cortexa9_0/include/projdefs.h:41:37: warning: passing argument 4 of 'xStreamBufferReceiveFromISR' makes pointer from integer without a cast [-Wint-conversion]
  #define pdMS_TO_TICKS( xTimeInMs ) ( ( TickType_t ) ( ( ( TickType_t ) ( xTimeInMs ) * ( TickType_t ) configTICK_RATE_HZ ) / ( TickType_t ) 1000 ) )
                                     ^~~~~~~~~~~~~~~~~~~~~~~~~~~~~~~~~~~~~~~~~~~~~~~~~~~~~~~~~~~~~~~~~~~~~~~~~~~~~~~~~~~~~~~~~~~~~~~~~~~~~~~~~~~~~~~~~
../../freertos10_xilinx_bsp_0/ps7_cortexa9_0/include/message_buffer.h:596:213: note: in definition of macro 'xMessageBufferReceiveFromISR'
 #define xMessageBufferReceiveFromISR( xMessageBuffer, pvRxData, xBufferLengthBytes, pxHigherPriorityTaskWoken ) xStreamBufferReceiveFromISR( ( StreamBufferHandle_t ) xMessageBuffer, pvRxData, xBufferLengthBytes, pxHigherPriorityTaskWoken )
                                                                                                                                                                                                                     ^~~~~~~~~~~~~~~~~~~~~~~~~
../src/main.c:82:77: note: in expansion of macro 'pdMS_TO_TICKS'
   size = xMessageBufferReceiveFromISR(xMsgBuffer, payload, sizeof(payload), pdMS_TO_TICKS(20));
                                                                             ^~~~~~~~~~~~~
In file included from ../../freertos10_xilinx_bsp_0/ps7_cortexa9_0/include/message_buffer.h:66,
                 from ../src/main.h:31,
                 from ../src/main.c:10:
../../freertos10_xilinx_bsp_0/ps7_cortexa9_0/include/stream_buffer.h:587:29: note: expected 'BaseType_t * const' {aka 'long int * const'} but argument is of type 'long unsigned int'
          BaseType_t * const pxHigherPriorityTaskWoken ) PRIVILEGED_FUNCTION;
          ~~~~~~~~~~~~~~~~~~~^~~~~~~~~~~~~~~~~~~~~~~~~
../src/main.c: In function 'x1emacif_input_thread':
../src/main.c:143:4: warning: implicit declaration of function 'tcp_fasttmr'; did you mean 'tcp_listen'? [-Wimplicit-function-declaration]
    tcp_fasttmr();
    ^~~~~~~~~~~
    tcp_listen
../src/main.c:148:4: warning: implicit declaration of function 'tcp_slowtmr'; did you mean 'tcp_close'? [-Wimplicit-function-declaration]
    tcp_slowtmr();
    ^~~~~~~~~~~
    tcp_close
../src/main.c:151:3: warning: implicit declaration of function 'xemacif_input'; did you mean 'netif_input'? [-Wimplicit-function-declaration]
   xemacif_input(netif);
   ^~~~~~~~~~~~~
   netif_input
'Finished building: ../src/main.c'
' '
'Building file: ../src/tcp_stack.c'
'Invoking: ARM v7 gcc compiler'
arm-none-eabi-gcc -Wall -O0 -g3 -c -fmessage-length=0 -MT"src/tcp_stack.o" -mcpu=cortex-a9 -mfpu=vfpv3 -mfloat-abi=hard -I../../freertos10_xilinx_bsp_0/ps7_cortexa9_0/include -MMD -MP -MF"src/tcp_stack.d" -MT"src/tcp_stack.o" -o "src/tcp_stack.o" "../src/tcp_stack.c"
../src/tcp_stack.c: In function 'create_tcp_monitor':
../src/tcp_stack.c:28:5: warning: implicit declaration of function 'memset' [-Wimplicit-function-declaration]
     memset(monitor, 0, sizeof(tcp_monitor_t));
     ^~~~~~
../src/tcp_stack.c:28:5: warning: incompatible implicit declaration of built-in function 'memset'
../src/tcp_stack.c:28:5: note: include '<string.h>' or provide a declaration of 'memset'
../src/tcp_stack.c:2:1:
+#include <string.h>
 
../src/tcp_stack.c:28:5:
     memset(monitor, 0, sizeof(tcp_monitor_t));
     ^~~~~~
../src/tcp_stack.c:31:30: warning: implicit declaration of function 'xTaskGetTickCount' [-Wimplicit-function-declaration]
     monitor->creation_time = xTaskGetTickCount();
                              ^~~~~~~~~~~~~~~~~
../src/tcp_stack.c:32:12: error: 'tcp_monitor_t' {aka 'struct <anonymous>'} has no member named 'last_update_time'
     monitor->last_update_time = xTaskGetTickCount();
            ^~
../src/tcp_stack.c:39:13: warning: implicit declaration of function 'strcpy' [-Wimplicit-function-declaration]
             strcpy(monitor->remote_ip_str, "0.0.0.0");
             ^~~~~~
../src/tcp_stack.c:39:13: warning: incompatible implicit declaration of built-in function 'strcpy'
../src/tcp_stack.c:39:13: note: include '<string.h>' or provide a declaration of 'strcpy'
../src/tcp_stack.c: In function 'update_monitor':
../src/tcp_stack.c:54:12: error: 'tcp_monitor_t' {aka 'struct <anonymous>'} has no member named 'last_update_time'
     monitor->last_update_time = xTaskGetTickCount();
            ^~
../src/tcp_stack.c:55:32: error: 'tcp_monitor_t' {aka 'struct <anonymous>'} has no member named 'last_update_time'
     monitor->lifetime = monitor->last_update_time - monitor->creation_time;
                                ^~
../src/tcp_stack.c: In function 'print_status':
../src/tcp_stack.c:65:5: warning: implicit declaration of function 'xil_printf'; did you mean 'viprintf'? [-Wimplicit-function-declaration]
     xil_printf("\n======== TCP Connection Monitor ========\n");
     ^~~~~~~~~~
     viprintf
make: *** [src/subdir.mk:41: src/tcp_stack.o] Error 1
11:31:50 **** Auto Build of configuration Debug for project 123 ****
make pre-build main-build 
a9-linaro-pre-build-step
' '
'Building file: ../src/lwip.c'
'Invoking: ARM v7 gcc compiler'
arm-none-eabi-gcc -Wall -O0 -g3 -c -fmessage-length=0 -MT"src/lwip.o" -mcpu=cortex-a9 -mfpu=vfpv3 -mfloat-abi=hard -I../../freertos10_xilinx_bsp_0/ps7_cortexa9_0/include -MMD -MP -MF"src/lwip.d" -MT"src/lwip.o" -o "src/lwip.o" "../src/lwip.c"
../src/lwip.c: In function 'lwip_network_setup':
../src/lwip.c:23:10: warning: implicit declaration of function 'xemac_add'; did you mean 'netif_add'? [-Wimplicit-function-declaration]
     if (!xemac_add(&server_netif, &ipaddr, &netmask, &gw, mac, XPAR_XEMACPS_0_BASEADDR))
          ^~~~~~~~~
          netif_add
../src/lwip.c: In function 'client_connected':
../src/lwip.c:157:17: warning: passing argument 2 of 'tcp_poll' from incompatible pointer type [-Wincompatible-pointer-types]
  tcp_poll(tpcb, need_reconnect, 20);
                 ^~~~~~~~~~~~~~
In file included from ../src/lwip.h:10,
                 from ../src/lwip.c:10:
../../freertos10_xilinx_bsp_0/ps7_cortexa9_0/include/lwip/tcp.h:421:64: note: expected 'tcp_poll_fn' {aka 'signed char (*)(void *, struct tcp_pcb *)'} but argument is of type 'err_t (*)(struct tcp_pcb *)' {aka 'signed char (*)(struct tcp_pcb *)'}
 void             tcp_poll    (struct tcp_pcb *pcb, tcp_poll_fn poll, u8_t interval);
                                                    ~~~~~~~~~~~~^~~~
'Finished building: ../src/lwip.c'
' '
'Building file: ../src/main.c'
'Invoking: ARM v7 gcc compiler'
arm-none-eabi-gcc -Wall -O0 -g3 -c -fmessage-length=0 -MT"src/main.o" -mcpu=cortex-a9 -mfpu=vfpv3 -mfloat-abi=hard -I../../freertos10_xilinx_bsp_0/ps7_cortexa9_0/include -MMD -MP -MF"src/main.d" -MT"src/main.o" -o "src/main.o" "../src/main.c"
../src/main.c: In function 'network_init_task':
../src/main.c:36:87: warning: passing argument 6 of 'xTaskCreate' discards 'volatile' qualifier from pointer target type [-Wdiscarded-qualifiers]
   xTaskCreate(udp_send_task, "UDP SEND Task", THREAD_STACKSIZE, NULL, UDP_TASK_PRIO,  &xIrqTaskHandle);
                                                                                       ^~~~~~~~~~~~~~~
In file included from ../src/main.h:27,
                 from ../src/main.c:10:
../../freertos10_xilinx_bsp_0/ps7_cortexa9_0/include/task.h:327:29: note: expected 'struct tskTaskControlBlock ** const' but argument is of type 'struct tskTaskControlBlock * volatile*'
        TaskHandle_t * const pxCreatedTask ) PRIVILEGED_FUNCTION;
        ~~~~~~~~~~~~~~~~~~~~~^~~~~~~~~~~~~
../src/main.c:39:90: warning: passing argument 6 of 'xTaskCreate' discards 'volatile' qualifier from pointer target type [-Wdiscarded-qualifiers]
   xTaskCreate(tcp_parse_task, "TCP PARSE Task", THREAD_STACKSIZE, NULL, TCP_PARSE_PRIO,  &xTcpParseTaskHandle);
                                                                                          ^~~~~~~~~~~~~~~~~~~~
In file included from ../src/main.h:27,
                 from ../src/main.c:10:
../../freertos10_xilinx_bsp_0/ps7_cortexa9_0/include/task.h:327:29: note: expected 'struct tskTaskControlBlock ** const' but argument is of type 'struct tskTaskControlBlock * volatile*'
        TaskHandle_t * const pxCreatedTask ) PRIVILEGED_FUNCTION;
        ~~~~~~~~~~~~~~~~~~~~~^~~~~~~~~~~~~
In file included from ../src/main.h:31,
                 from ../src/main.c:10:
../src/main.c: In function 'tcp_parse_task':
../../freertos10_xilinx_bsp_0/ps7_cortexa9_0/include/projdefs.h:41:37: warning: passing argument 4 of 'xStreamBufferReceiveFromISR' makes pointer from integer without a cast [-Wint-conversion]
  #define pdMS_TO_TICKS( xTimeInMs ) ( ( TickType_t ) ( ( ( TickType_t ) ( xTimeInMs ) * ( TickType_t ) configTICK_RATE_HZ ) / ( TickType_t ) 1000 ) )
                                     ^~~~~~~~~~~~~~~~~~~~~~~~~~~~~~~~~~~~~~~~~~~~~~~~~~~~~~~~~~~~~~~~~~~~~~~~~~~~~~~~~~~~~~~~~~~~~~~~~~~~~~~~~~~~~~~~~
../../freertos10_xilinx_bsp_0/ps7_cortexa9_0/include/message_buffer.h:596:213: note: in definition of macro 'xMessageBufferReceiveFromISR'
 #define xMessageBufferReceiveFromISR( xMessageBuffer, pvRxData, xBufferLengthBytes, pxHigherPriorityTaskWoken ) xStreamBufferReceiveFromISR( ( StreamBufferHandle_t ) xMessageBuffer, pvRxData, xBufferLengthBytes, pxHigherPriorityTaskWoken )
                                                                                                                                                                                                                     ^~~~~~~~~~~~~~~~~~~~~~~~~
../src/main.c:82:77: note: in expansion of macro 'pdMS_TO_TICKS'
   size = xMessageBufferReceiveFromISR(xMsgBuffer, payload, sizeof(payload), pdMS_TO_TICKS(20));
                                                                             ^~~~~~~~~~~~~
In file included from ../../freertos10_xilinx_bsp_0/ps7_cortexa9_0/include/message_buffer.h:66,
                 from ../src/main.h:31,
                 from ../src/main.c:10:
../../freertos10_xilinx_bsp_0/ps7_cortexa9_0/include/stream_buffer.h:587:29: note: expected 'BaseType_t * const' {aka 'long int * const'} but argument is of type 'long unsigned int'
          BaseType_t * const pxHigherPriorityTaskWoken ) PRIVILEGED_FUNCTION;
          ~~~~~~~~~~~~~~~~~~~^~~~~~~~~~~~~~~~~~~~~~~~~
../src/main.c: In function 'x1emacif_input_thread':
../src/main.c:143:4: warning: implicit declaration of function 'tcp_fasttmr'; did you mean 'tcp_listen'? [-Wimplicit-function-declaration]
    tcp_fasttmr();
    ^~~~~~~~~~~
    tcp_listen
../src/main.c:148:4: warning: implicit declaration of function 'tcp_slowtmr'; did you mean 'tcp_close'? [-Wimplicit-function-declaration]
    tcp_slowtmr();
    ^~~~~~~~~~~
    tcp_close
../src/main.c:151:3: warning: implicit declaration of function 'xemacif_input'; did you mean 'netif_input'? [-Wimplicit-function-declaration]
   xemacif_input(netif);
   ^~~~~~~~~~~~~
   netif_input
'Finished building: ../src/main.c'
' '
'Building file: ../src/tcp_stack.c'
'Invoking: ARM v7 gcc compiler'
arm-none-eabi-gcc -Wall -O0 -g3 -c -fmessage-length=0 -MT"src/tcp_stack.o" -mcpu=cortex-a9 -mfpu=vfpv3 -mfloat-abi=hard -I../../freertos10_xilinx_bsp_0/ps7_cortexa9_0/include -MMD -MP -MF"src/tcp_stack.d" -MT"src/tcp_stack.o" -o "src/tcp_stack.o" "../src/tcp_stack.c"
../src/tcp_stack.c: In function 'create_tcp_monitor':
../src/tcp_stack.c:28:5: warning: implicit declaration of function 'memset' [-Wimplicit-function-declaration]
     memset(monitor, 0, sizeof(tcp_monitor_t));
     ^~~~~~
../src/tcp_stack.c:28:5: warning: incompatible implicit declaration of built-in function 'memset'
../src/tcp_stack.c:28:5: note: include '<string.h>' or provide a declaration of 'memset'
../src/tcp_stack.c:2:1:
+#include <string.h>
 
../src/tcp_stack.c:28:5:
     memset(monitor, 0, sizeof(tcp_monitor_t));
     ^~~~~~
../src/tcp_stack.c:31:30: warning: implicit declaration of function 'xTaskGetTickCount' [-Wimplicit-function-declaration]
     monitor->creation_time = xTaskGetTickCount();
                              ^~~~~~~~~~~~~~~~~
../src/tcp_stack.c:39:13: warning: implicit declaration of function 'strcpy' [-Wimplicit-function-declaration]
             strcpy(monitor->remote_ip_str, "0.0.0.0");
             ^~~~~~
../src/tcp_stack.c:39:13: warning: incompatible implicit declaration of built-in function 'strcpy'
../src/tcp_stack.c:39:13: note: include '<string.h>' or provide a declaration of 'strcpy'
../src/tcp_stack.c: In function 'print_status':
../src/tcp_stack.c:65:5: warning: implicit declaration of function 'xil_printf'; did you mean 'viprintf'? [-Wimplicit-function-declaration]
     xil_printf("\n======== TCP Connection Monitor ========\n");
     ^~~~~~~~~~
     viprintf
'Finished building: ../src/tcp_stack.c'
' '
'Building target: 123.elf'
'Invoking: ARM v7 gcc linker'
arm-none-eabi-gcc -mcpu=cortex-a9 -mfpu=vfpv3 -mfloat-abi=hard -Wl,-build-id=none -specs=Xilinx.spec -Wl,-T -Wl,../src/lscript.ld -L../../freertos10_xilinx_bsp_0/ps7_cortexa9_0/lib -o "123.elf"  ./src/IntQueueTimer.o ./src/cpu1_init.o ./src/lwip.o ./src/main.o ./src/platform.o ./src/tcp_stack.o ./src/udp_stack.o   -Wl,--start-group,-lxil,-lfreertos,-lgcc,-lc,--end-group -Wl,--start-group,-lxil,-llwip4,-lgcc,-lc,--end-group
'Finished building target: 123.elf'
' '
'Invoking: ARM v7 Print Size'
arm-none-eabi-size 123.elf  |tee "123.elf.size"
   text	   data	    bss	    dec	    hex	filename
 165520	  11700	2152752	2329972	 238d74	123.elf
'Finished building: 123.elf.size'
' '
11:33:26 **** Auto Build of configuration Debug for project 123 ****
make pre-build main-build 
a9-linaro-pre-build-step
' '
'Building file: ../src/tcp_stack.c'
'Invoking: ARM v7 gcc compiler'
arm-none-eabi-gcc -Wall -O0 -g3 -c -fmessage-length=0 -MT"src/tcp_stack.o" -mcpu=cortex-a9 -mfpu=vfpv3 -mfloat-abi=hard -I../../freertos10_xilinx_bsp_0/ps7_cortexa9_0/include -MMD -MP -MF"src/tcp_stack.d" -MT"src/tcp_stack.o" -o "src/tcp_stack.o" "../src/tcp_stack.c"
../src/tcp_stack.c: In function 'create_tcp_monitor':
../src/tcp_stack.c:28:5: warning: implicit declaration of function 'memset' [-Wimplicit-function-declaration]
     memset(monitor, 0, sizeof(tcp_monitor_t));
     ^~~~~~
../src/tcp_stack.c:28:5: warning: incompatible implicit declaration of built-in function 'memset'
../src/tcp_stack.c:28:5: note: include '<string.h>' or provide a declaration of 'memset'
../src/tcp_stack.c:2:1:
+#include <string.h>
 
../src/tcp_stack.c:28:5:
     memset(monitor, 0, sizeof(tcp_monitor_t));
     ^~~~~~
../src/tcp_stack.c:31:30: warning: implicit declaration of function 'xTaskGetTickCount' [-Wimplicit-function-declaration]
     monitor->creation_time = xTaskGetTickCount();
                              ^~~~~~~~~~~~~~~~~
../src/tcp_stack.c:39:13: warning: implicit declaration of function 'strcpy' [-Wimplicit-function-declaration]
             strcpy(monitor->remote_ip_str, "0.0.0.0");
             ^~~~~~
../src/tcp_stack.c:39:13: warning: incompatible implicit declaration of built-in function 'strcpy'
../src/tcp_stack.c:39:13: note: include '<string.h>' or provide a declaration of 'strcpy'
../src/tcp_stack.c: In function 'print_status':
../src/tcp_stack.c:65:5: warning: implicit declaration of function 'xil_printf'; did you mean 'viprintf'? [-Wimplicit-function-declaration]
     xil_printf("\n======== TCP Connection Monitor ========\n");
     ^~~~~~~~~~
     viprintf
'Finished building: ../src/tcp_stack.c'
' '
'Building target: 123.elf'
'Invoking: ARM v7 gcc linker'
arm-none-eabi-gcc -mcpu=cortex-a9 -mfpu=vfpv3 -mfloat-abi=hard -Wl,-build-id=none -specs=Xilinx.spec -Wl,-T -Wl,../src/lscript.ld -L../../freertos10_xilinx_bsp_0/ps7_cortexa9_0/lib -o "123.elf"  ./src/IntQueueTimer.o ./src/cpu1_init.o ./src/lwip.o ./src/main.o ./src/platform.o ./src/tcp_stack.o ./src/udp_stack.o   -Wl,--start-group,-lxil,-lfreertos,-lgcc,-lc,--end-group -Wl,--start-group,-lxil,-llwip4,-lgcc,-lc,--end-group
'Finished building target: 123.elf'
' '
'Invoking: ARM v7 Print Size'
arm-none-eabi-size 123.elf  |tee "123.elf.size"
   text	   data	    bss	    dec	    hex	filename
 165604	  11700	2152752	2330056	 238dc8	123.elf
'Finished building: 123.elf.size'
' '
11:33:30 **** Incremental Build of configuration Debug for project 123 ****
make pre-build main-build 
a9-linaro-pre-build-step
' '
make: Nothing to be done for 'main-build'.
11:37:52 **** Auto Build of configuration Debug for project 123 ****
make pre-build main-build 
a9-linaro-pre-build-step
' '
'Building file: ../src/lwip.c'
'Invoking: ARM v7 gcc compiler'
arm-none-eabi-gcc -Wall -O0 -g3 -c -fmessage-length=0 -MT"src/lwip.o" -mcpu=cortex-a9 -mfpu=vfpv3 -mfloat-abi=hard -I../../freertos10_xilinx_bsp_0/ps7_cortexa9_0/include -MMD -MP -MF"src/lwip.d" -MT"src/lwip.o" -o "src/lwip.o" "../src/lwip.c"
../src/lwip.c: In function 'lwip_network_setup':
../src/lwip.c:23:10: warning: implicit declaration of function 'xemac_add'; did you mean 'netif_add'? [-Wimplicit-function-declaration]
     if (!xemac_add(&server_netif, &ipaddr, &netmask, &gw, mac, XPAR_XEMACPS_0_BASEADDR))
          ^~~~~~~~~
          netif_add
../src/lwip.c: In function 'client_connected':
../src/lwip.c:157:17: warning: passing argument 2 of 'tcp_poll' from incompatible pointer type [-Wincompatible-pointer-types]
  tcp_poll(tpcb, need_reconnect, 20);
                 ^~~~~~~~~~~~~~
In file included from ../src/lwip.h:10,
                 from ../src/lwip.c:10:
../../freertos10_xilinx_bsp_0/ps7_cortexa9_0/include/lwip/tcp.h:421:64: note: expected 'tcp_poll_fn' {aka 'signed char (*)(void *, struct tcp_pcb *)'} but argument is of type 'err_t (*)(struct tcp_pcb *)' {aka 'signed char (*)(struct tcp_pcb *)'}
 void             tcp_poll    (struct tcp_pcb *pcb, tcp_poll_fn poll, u8_t interval);
                                                    ~~~~~~~~~~~~^~~~
../src/lwip.c: At top level:
../src/lwip.c:172:13: error: redefinition of 'flag_tcp'
 volatile u8 flag_tcp = 0;  // static for plaicing in header?
             ^~~~~~~~
In file included from ../src/lwip.c:10:
../src/lwip.h:42:13: note: previous definition of 'flag_tcp' was here
 volatile u8 flag_tcp = 0;  // static for plaicing in header?
             ^~~~~~~~
../src/lwip.c:173:13: error: redefinition of 'status_udp_sender'
 volatile u8 status_udp_sender = 0;
             ^~~~~~~~~~~~~~~~~
In file included from ../src/lwip.c:10:
../src/lwip.h:43:13: note: previous definition of 'status_udp_sender' was here
 volatile u8 status_udp_sender = 0;
             ^~~~~~~~~~~~~~~~~
make: *** [src/subdir.mk:41: src/lwip.o] Error 1
11:38:17 **** Auto Build of configuration Debug for project 123 ****
make pre-build main-build 
a9-linaro-pre-build-step
' '
'Building file: ../src/lwip.c'
'Invoking: ARM v7 gcc compiler'
arm-none-eabi-gcc -Wall -O0 -g3 -c -fmessage-length=0 -MT"src/lwip.o" -mcpu=cortex-a9 -mfpu=vfpv3 -mfloat-abi=hard -I../../freertos10_xilinx_bsp_0/ps7_cortexa9_0/include -MMD -MP -MF"src/lwip.d" -MT"src/lwip.o" -o "src/lwip.o" "../src/lwip.c"
../src/lwip.c: In function 'lwip_network_setup':
../src/lwip.c:23:10: warning: implicit declaration of function 'xemac_add'; did you mean 'netif_add'? [-Wimplicit-function-declaration]
     if (!xemac_add(&server_netif, &ipaddr, &netmask, &gw, mac, XPAR_XEMACPS_0_BASEADDR))
          ^~~~~~~~~
          netif_add
../src/lwip.c: In function 'client_connected':
../src/lwip.c:157:17: warning: passing argument 2 of 'tcp_poll' from incompatible pointer type [-Wincompatible-pointer-types]
  tcp_poll(tpcb, need_reconnect, 20);
                 ^~~~~~~~~~~~~~
In file included from ../src/lwip.h:10,
                 from ../src/lwip.c:10:
../../freertos10_xilinx_bsp_0/ps7_cortexa9_0/include/lwip/tcp.h:421:64: note: expected 'tcp_poll_fn' {aka 'signed char (*)(void *, struct tcp_pcb *)'} but argument is of type 'err_t (*)(struct tcp_pcb *)' {aka 'signed char (*)(struct tcp_pcb *)'}
 void             tcp_poll    (struct tcp_pcb *pcb, tcp_poll_fn poll, u8_t interval);
                                                    ~~~~~~~~~~~~^~~~
'Finished building: ../src/lwip.c'
' '
'Building file: ../src/main.c'
'Invoking: ARM v7 gcc compiler'
arm-none-eabi-gcc -Wall -O0 -g3 -c -fmessage-length=0 -MT"src/main.o" -mcpu=cortex-a9 -mfpu=vfpv3 -mfloat-abi=hard -I../../freertos10_xilinx_bsp_0/ps7_cortexa9_0/include -MMD -MP -MF"src/main.d" -MT"src/main.o" -o "src/main.o" "../src/main.c"
../src/main.c: In function 'network_init_task':
../src/main.c:36:87: warning: passing argument 6 of 'xTaskCreate' discards 'volatile' qualifier from pointer target type [-Wdiscarded-qualifiers]
   xTaskCreate(udp_send_task, "UDP SEND Task", THREAD_STACKSIZE, NULL, UDP_TASK_PRIO,  &xIrqTaskHandle);
                                                                                       ^~~~~~~~~~~~~~~
In file included from ../src/main.h:27,
                 from ../src/main.c:10:
../../freertos10_xilinx_bsp_0/ps7_cortexa9_0/include/task.h:327:29: note: expected 'struct tskTaskControlBlock ** const' but argument is of type 'struct tskTaskControlBlock * volatile*'
        TaskHandle_t * const pxCreatedTask ) PRIVILEGED_FUNCTION;
        ~~~~~~~~~~~~~~~~~~~~~^~~~~~~~~~~~~
../src/main.c:39:90: warning: passing argument 6 of 'xTaskCreate' discards 'volatile' qualifier from pointer target type [-Wdiscarded-qualifiers]
   xTaskCreate(tcp_parse_task, "TCP PARSE Task", THREAD_STACKSIZE, NULL, TCP_PARSE_PRIO,  &xTcpParseTaskHandle);
                                                                                          ^~~~~~~~~~~~~~~~~~~~
In file included from ../src/main.h:27,
                 from ../src/main.c:10:
../../freertos10_xilinx_bsp_0/ps7_cortexa9_0/include/task.h:327:29: note: expected 'struct tskTaskControlBlock ** const' but argument is of type 'struct tskTaskControlBlock * volatile*'
        TaskHandle_t * const pxCreatedTask ) PRIVILEGED_FUNCTION;
        ~~~~~~~~~~~~~~~~~~~~~^~~~~~~~~~~~~
In file included from ../src/main.h:31,
                 from ../src/main.c:10:
../src/main.c: In function 'tcp_parse_task':
../../freertos10_xilinx_bsp_0/ps7_cortexa9_0/include/projdefs.h:41:37: warning: passing argument 4 of 'xStreamBufferReceiveFromISR' makes pointer from integer without a cast [-Wint-conversion]
  #define pdMS_TO_TICKS( xTimeInMs ) ( ( TickType_t ) ( ( ( TickType_t ) ( xTimeInMs ) * ( TickType_t ) configTICK_RATE_HZ ) / ( TickType_t ) 1000 ) )
                                     ^~~~~~~~~~~~~~~~~~~~~~~~~~~~~~~~~~~~~~~~~~~~~~~~~~~~~~~~~~~~~~~~~~~~~~~~~~~~~~~~~~~~~~~~~~~~~~~~~~~~~~~~~~~~~~~~~
../../freertos10_xilinx_bsp_0/ps7_cortexa9_0/include/message_buffer.h:596:213: note: in definition of macro 'xMessageBufferReceiveFromISR'
 #define xMessageBufferReceiveFromISR( xMessageBuffer, pvRxData, xBufferLengthBytes, pxHigherPriorityTaskWoken ) xStreamBufferReceiveFromISR( ( StreamBufferHandle_t ) xMessageBuffer, pvRxData, xBufferLengthBytes, pxHigherPriorityTaskWoken )
                                                                                                                                                                                                                     ^~~~~~~~~~~~~~~~~~~~~~~~~
../src/main.c:80:77: note: in expansion of macro 'pdMS_TO_TICKS'
   size = xMessageBufferReceiveFromISR(xMsgBuffer, payload, sizeof(payload), pdMS_TO_TICKS(20));
                                                                             ^~~~~~~~~~~~~
In file included from ../../freertos10_xilinx_bsp_0/ps7_cortexa9_0/include/message_buffer.h:66,
                 from ../src/main.h:31,
                 from ../src/main.c:10:
../../freertos10_xilinx_bsp_0/ps7_cortexa9_0/include/stream_buffer.h:587:29: note: expected 'BaseType_t * const' {aka 'long int * const'} but argument is of type 'long unsigned int'
          BaseType_t * const pxHigherPriorityTaskWoken ) PRIVILEGED_FUNCTION;
          ~~~~~~~~~~~~~~~~~~~^~~~~~~~~~~~~~~~~~~~~~~~~
../src/main.c: In function 'x1emacif_input_thread':
../src/main.c:141:4: warning: implicit declaration of function 'tcp_fasttmr'; did you mean 'tcp_listen'? [-Wimplicit-function-declaration]
    tcp_fasttmr();
    ^~~~~~~~~~~
    tcp_listen
../src/main.c:146:4: warning: implicit declaration of function 'tcp_slowtmr'; did you mean 'tcp_close'? [-Wimplicit-function-declaration]
    tcp_slowtmr();
    ^~~~~~~~~~~
    tcp_close
../src/main.c:149:3: warning: implicit declaration of function 'xemacif_input'; did you mean 'netif_input'? [-Wimplicit-function-declaration]
   xemacif_input(netif);
   ^~~~~~~~~~~~~
   netif_input
'Finished building: ../src/main.c'
' '
'Building target: 123.elf'
'Invoking: ARM v7 gcc linker'
arm-none-eabi-gcc -mcpu=cortex-a9 -mfpu=vfpv3 -mfloat-abi=hard -Wl,-build-id=none -specs=Xilinx.spec -Wl,-T -Wl,../src/lscript.ld -L../../freertos10_xilinx_bsp_0/ps7_cortexa9_0/lib -o "123.elf"  ./src/IntQueueTimer.o ./src/cpu1_init.o ./src/lwip.o ./src/main.o ./src/platform.o ./src/tcp_stack.o ./src/udp_stack.o   -Wl,--start-group,-lxil,-lfreertos,-lgcc,-lc,--end-group -Wl,--start-group,-lxil,-llwip4,-lgcc,-lc,--end-group
c:/xilinx/sdk/2019.1/gnu/aarch32/nt/gcc-arm-none-eabi/bin/../lib/gcc/arm-none-eabi/8.2.0/../../../../arm-none-eabi/bin/ld.exe: ./src/main.o:C:\Users\mgre\Desktop\Zynq-lwip-FRTOS\123\Debug/../src/lwip.h:42: multiple definition of `flag_tcp'; ./src/lwip.o:C:\Users\mgre\Desktop\Zynq-lwip-FRTOS\123\Debug/../src/lwip.h:42: first defined here
c:/xilinx/sdk/2019.1/gnu/aarch32/nt/gcc-arm-none-eabi/bin/../lib/gcc/arm-none-eabi/8.2.0/../../../../arm-none-eabi/bin/ld.exe: ./src/main.o:C:\Users\mgre\Desktop\Zynq-lwip-FRTOS\123\Debug/../src/lwip.h:43: multiple definition of `status_udp_sender'; ./src/lwip.o:C:\Users\mgre\Desktop\Zynq-lwip-FRTOS\123\Debug/../src/lwip.h:43: first defined here
collect2.exe: error: ld returned 1 exit status
make: *** [makefile:41: 123.elf] Error 1
11:48:46 **** Auto Build of configuration Debug for project 123 ****
make pre-build main-build 
a9-linaro-pre-build-step
' '
'Building file: ../src/IntQueueTimer.c'
'Invoking: ARM v7 gcc compiler'
arm-none-eabi-gcc -Wall -O0 -g3 -c -fmessage-length=0 -MT"src/IntQueueTimer.o" -mcpu=cortex-a9 -mfpu=vfpv3 -mfloat-abi=hard -I../../freertos10_xilinx_bsp_0/ps7_cortexa9_0/include -MMD -MP -MF"src/IntQueueTimer.d" -MT"src/IntQueueTimer.o" -o "src/IntQueueTimer.o" "../src/IntQueueTimer.c"
../src/IntQueueTimer.c: In function 'vInitialiseTimer':
../src/IntQueueTimer.c:75:2: error: unknown type name 'BaseType_t'
  BaseType_t xStatus;
  ^~~~~~~~~~
../src/IntQueueTimer.c:76:2: error: unknown type name 'TmrCntrSetup'
  TmrCntrSetup *pxTimerSettings;
  ^~~~~~~~~~~~
../src/IntQueueTimer.c:77:9: error: unknown type name 'XScuGic'
  extern XScuGic xInterruptController;
         ^~~~~~~
../src/IntQueueTimer.c:78:2: error: unknown type name 'BaseType_t'
  BaseType_t xTimer;
  ^~~~~~~~~~
../src/IntQueueTimer.c:79:2: error: unknown type name 'XTtcPs'
  XTtcPs *pxTimerInstance;
  ^~~~~~
../src/IntQueueTimer.c:80:2: error: unknown type name 'XTtcPs_Config'
  XTtcPs_Config *pxTimerConfiguration;
  ^~~~~~~~~~~~~
../src/IntQueueTimer.c:81:8: error: unknown type name 'uint8_t'
  const uint8_t ucRisingEdge = 3;
        ^~~~~~~
../src/IntQueueTimer.c:85:24: error: 'xTimerInstances' undeclared (first use in this function); did you mean 'pxTimerInstance'?
   pxTimerInstance = &( xTimerInstances[ xTimer ] );
                        ^~~~~~~~~~~~~~~
                        pxTimerInstance
../src/IntQueueTimer.c:85:24: note: each undeclared identifier is reported only once for each function it appears in
../src/IntQueueTimer.c:86:26: warning: implicit declaration of function 'XTtcPs_LookupConfig' [-Wimplicit-function-declaration]
   pxTimerConfiguration = XTtcPs_LookupConfig( xDeviceIDs[ xTimer ] );
                          ^~~~~~~~~~~~~~~~~~~
../src/IntQueueTimer.c:86:47: error: 'xDeviceIDs' undeclared (first use in this function)
   pxTimerConfiguration = XTtcPs_LookupConfig( xDeviceIDs[ xTimer ] );
                                               ^~~~~~~~~~
../src/IntQueueTimer.c:87:3: warning: implicit declaration of function 'configASSERT' [-Wimplicit-function-declaration]
   configASSERT( pxTimerConfiguration );
   ^~~~~~~~~~~~
../src/IntQueueTimer.c:89:24: error: 'xTimerSettings' undeclared (first use in this function); did you mean 'pxTimerSettings'?
   pxTimerSettings = &( xTimerSettings[ xTimer ] );
                        ^~~~~~~~~~~~~~
                        pxTimerSettings
../src/IntQueueTimer.c:91:13: warning: implicit declaration of function 'XTtcPs_CfgInitialize' [-Wimplicit-function-declaration]
   xStatus = XTtcPs_CfgInitialize( pxTimerInstance, pxTimerConfiguration, pxTimerConfiguration->BaseAddress );
             ^~~~~~~~~~~~~~~~~~~~
../src/IntQueueTimer.c:91:94: error: request for member 'BaseAddress' in something not a structure or union
   xStatus = XTtcPs_CfgInitialize( pxTimerInstance, pxTimerConfiguration, pxTimerConfiguration->BaseAddress );
                                                                                              ^~
../src/IntQueueTimer.c:92:18: error: 'XST_SUCCESS' undeclared (first use in this function)
   if( xStatus != XST_SUCCESS )
                  ^~~~~~~~~~~
../src/IntQueueTimer.c:94:4: warning: implicit declaration of function 'XTtcPs_Stop' [-Wimplicit-function-declaration]
    XTtcPs_Stop( pxTimerInstance );
    ^~~~~~~~~~~
../src/IntQueueTimer.c:95:95: error: request for member 'BaseAddress' in something not a structure or union
    xStatus = XTtcPs_CfgInitialize( pxTimerInstance, pxTimerConfiguration, pxTimerConfiguration->BaseAddress );
                                                                                               ^~
../src/IntQueueTimer.c:99:3: warning: implicit declaration of function 'XTtcPs_SetOptions' [-Wimplicit-function-declaration]
   XTtcPs_SetOptions( pxTimerInstance, pxTimerSettings->Options );
   ^~~~~~~~~~~~~~~~~
../src/IntQueueTimer.c:99:54: error: request for member 'Options' in something not a structure or union
   XTtcPs_SetOptions( pxTimerInstance, pxTimerSettings->Options );
                                                      ^~
../src/IntQueueTimer.c:101:3: warning: implicit declaration of function 'XTtcPs_CalcIntervalFromFreq' [-Wimplicit-function-declaration]
   XTtcPs_CalcIntervalFromFreq( pxTimerInstance, pxTimerSettings->OutputHz, &( pxTimerSettings->Interval ), &( pxTimerSettings->Prescaler ) );
   ^~~~~~~~~~~~~~~~~~~~~~~~~~~
../src/IntQueueTimer.c:101:64: error: request for member 'OutputHz' in something not a structure or union
   XTtcPs_CalcIntervalFromFreq( pxTimerInstance, pxTimerSettings->OutputHz, &( pxTimerSettings->Interval ), &( pxTimerSettings->Prescaler ) );
                                                                ^~
../src/IntQueueTimer.c:101:94: error: request for member 'Interval' in something not a structure or union
   XTtcPs_CalcIntervalFromFreq( pxTimerInstance, pxTimerSettings->OutputHz, &( pxTimerSettings->Interval ), &( pxTimerSettings->Prescaler ) );
                                                                                              ^~
../src/IntQueueTimer.c:101:126: error: request for member 'Prescaler' in something not a structure or union
   XTtcPs_CalcIntervalFromFreq( pxTimerInstance, pxTimerSettings->OutputHz, &( pxTimerSettings->Interval ), &( pxTimerSettings->Prescaler ) );
                                                                                                                              ^~
../src/IntQueueTimer.c:103:3: warning: implicit declaration of function 'XTtcPs_SetInterval' [-Wimplicit-function-declaration]
   XTtcPs_SetInterval( pxTimerInstance, pxTimerSettings->Interval );
   ^~~~~~~~~~~~~~~~~~
../src/IntQueueTimer.c:103:55: error: request for member 'Interval' in something not a structure or union
   XTtcPs_SetInterval( pxTimerInstance, pxTimerSettings->Interval );
                                                       ^~
../src/IntQueueTimer.c:104:3: warning: implicit declaration of function 'XTtcPs_SetPrescaler' [-Wimplicit-function-declaration]
   XTtcPs_SetPrescaler( pxTimerInstance, pxTimerSettings->Prescaler );
   ^~~~~~~~~~~~~~~~~~~
../src/IntQueueTimer.c:104:56: error: request for member 'Prescaler' in something not a structure or union
   XTtcPs_SetPrescaler( pxTimerInstance, pxTimerSettings->Prescaler );
                                                        ^~
../src/IntQueueTimer.c:105:3: warning: implicit declaration of function 'xil_printf' [-Wimplicit-function-declaration]
   xil_printf("Interval   %u\r\n", pxTimerSettings->Interval );
   ^~~~~~~~~~
../src/IntQueueTimer.c:105:50: error: request for member 'Interval' in something not a structure or union
   xil_printf("Interval   %u\r\n", pxTimerSettings->Interval );
                                                  ^~
../src/IntQueueTimer.c:106:50: error: request for member 'Prescaler' in something not a structure or union
   xil_printf("Prescaler  %u\r\n", pxTimerSettings->Prescaler );
                                                  ^~
../src/IntQueueTimer.c:110:4: warning: implicit declaration of function 'XScuGic_SetPriorityTriggerType' [-Wimplicit-function-declaration]
    XScuGic_SetPriorityTriggerType( &xInterruptController, xInterruptIDs[ xTimer ], uxInterruptPriorities[ xTimer ] << portPRIORITY_SHIFT, ucRisingEdge );
    ^~~~~~~~~~~~~~~~~~~~~~~~~~~~~~
../src/IntQueueTimer.c:110:59: error: 'xInterruptIDs' undeclared (first use in this function)
    XScuGic_SetPriorityTriggerType( &xInterruptController, xInterruptIDs[ xTimer ], uxInterruptPriorities[ xTimer ] << portPRIORITY_SHIFT, ucRisingEdge );
                                                           ^~~~~~~~~~~~~
../src/IntQueueTimer.c:110:84: error: 'uxInterruptPriorities' undeclared (first use in this function); did you mean 'xInterruptController'?
    XScuGic_SetPriorityTriggerType( &xInterruptController, xInterruptIDs[ xTimer ], uxInterruptPriorities[ xTimer ] << portPRIORITY_SHIFT, ucRisingEdge );
                                                                                    ^~~~~~~~~~~~~~~~~~~~~
                                                                                    xInterruptController
../src/IntQueueTimer.c:110:119: error: 'portPRIORITY_SHIFT' undeclared (first use in this function)
    XScuGic_SetPriorityTriggerType( &xInterruptController, xInterruptIDs[ xTimer ], uxInterruptPriorities[ xTimer ] << portPRIORITY_SHIFT, ucRisingEdge );
                                                                                                                       ^~~~~~~~~~~~~~~~~~
../src/IntQueueTimer.c:112:14: warning: implicit declaration of function 'XScuGic_Connect' [-Wimplicit-function-declaration]
    xStatus = XScuGic_Connect( &xInterruptController, xInterruptIDs[ xTimer ], ( Xil_InterruptHandler ) prvTimerHandler, ( void * ) pxTimerInstance );
              ^~~~~~~~~~~~~~~
../src/IntQueueTimer.c:112:81: error: 'Xil_InterruptHandler' undeclared (first use in this function); did you mean 'xInterruptController'?
    xStatus = XScuGic_Connect( &xInterruptController, xInterruptIDs[ xTimer ], ( Xil_InterruptHandler ) prvTimerHandler, ( void * ) pxTimerInstance );
                                                                                 ^~~~~~~~~~~~~~~~~~~~
                                                                                 xInterruptController
../src/IntQueueTimer.c:112:103: error: expected ')' before 'prvTimerHandler'
    xStatus = XScuGic_Connect( &xInterruptController, xInterruptIDs[ xTimer ], ( Xil_InterruptHandler ) prvTimerHandler, ( void * ) pxTimerInstance );
                                                                                                       ^~~~~~~~~~~~~~~~
                                                                                                       )
../src/IntQueueTimer.c:115:4: warning: implicit declaration of function 'XScuGic_Enable' [-Wimplicit-function-declaration]
    XScuGic_Enable( &xInterruptController, xInterruptIDs[ xTimer ] );
    ^~~~~~~~~~~~~~
../src/IntQueueTimer.c:117:4: warning: implicit declaration of function 'XTtcPs_EnableInterrupts' [-Wimplicit-function-declaration]
    XTtcPs_EnableInterrupts( pxTimerInstance, XTTCPS_IXR_INTERVAL_MASK );
    ^~~~~~~~~~~~~~~~~~~~~~~
../src/IntQueueTimer.c:117:46: error: 'XTTCPS_IXR_INTERVAL_MASK' undeclared (first use in this function)
    XTtcPs_EnableInterrupts( pxTimerInstance, XTTCPS_IXR_INTERVAL_MASK );
                                              ^~~~~~~~~~~~~~~~~~~~~~~~
../src/IntQueueTimer.c:119:4: warning: implicit declaration of function 'XTtcPs_Start' [-Wimplicit-function-declaration]
    XTtcPs_Start( pxTimerInstance );
    ^~~~~~~~~~~~
../src/IntQueueTimer.c: At top level:
../src/IntQueueTimer.c:125:27: error: unknown type name 'uint8_t'
 void start_stop_ttc_timer(uint8_t timer_ch_id, uint8_t flag_start_stop)
                           ^~~~~~~
../src/IntQueueTimer.c:125:48: error: unknown type name 'uint8_t'
 void start_stop_ttc_timer(uint8_t timer_ch_id, uint8_t flag_start_stop)
                                                ^~~~~~~
../src/IntQueueTimer.c:141:1: error: unknown type name 'uint16_t'
 uint16_t get_ttc_counter_value(uint8_t timer_ch_id)
 ^~~~~~~~
../src/IntQueueTimer.c:141:32: error: unknown type name 'uint8_t'
 uint16_t get_ttc_counter_value(uint8_t timer_ch_id)
                                ^~~~~~~
In file included from ../src/IntQueueTimer.c:148:
../../freertos10_xilinx_bsp_0/ps7_cortexa9_0/include/task.h:33:3: error: #error "include FreeRTOS.h must appear in source files before include task.h"
  #error "include FreeRTOS.h must appear in source files before include task.h"
   ^~~~~
In file included from ../../freertos10_xilinx_bsp_0/ps7_cortexa9_0/include/task.h:36,
                 from ../src/IntQueueTimer.c:148:
../../freertos10_xilinx_bsp_0/ps7_cortexa9_0/include/list.h:57:3: error: #error FreeRTOS.h must be included before list.h
  #error FreeRTOS.h must be included before list.h
   ^~~~~
In file included from ../../freertos10_xilinx_bsp_0/ps7_cortexa9_0/include/task.h:36,
                 from ../src/IntQueueTimer.c:148:
../../freertos10_xilinx_bsp_0/ps7_cortexa9_0/include/list.h:143:22: error: unknown type name 'TickType_t'
  configLIST_VOLATILE TickType_t xItemValue;   /*< The value being listed.  In most cases this is used to sort the list in descending order. */
                      ^~~~~~~~~~
../../freertos10_xilinx_bsp_0/ps7_cortexa9_0/include/list.h:155:22: error: unknown type name 'TickType_t'
  configLIST_VOLATILE TickType_t xItemValue;
                      ^~~~~~~~~~
../../freertos10_xilinx_bsp_0/ps7_cortexa9_0/include/list.h:167:11: error: unknown type name 'UBaseType_t'
  volatile UBaseType_t uxNumberOfItems;
           ^~~~~~~~~~~
../../freertos10_xilinx_bsp_0/ps7_cortexa9_0/include/list.h: In function 'vListInitialise':
../../freertos10_xilinx_bsp_0/ps7_cortexa9_0/include/list.h:345:47: error: expected declaration specifiers before 'PRIVILEGED_FUNCTION'
 void vListInitialise( List_t * const pxList ) PRIVILEGED_FUNCTION;
                                               ^~~~~~~~~~~~~~~~~~~
../../freertos10_xilinx_bsp_0/ps7_cortexa9_0/include/list.h:356:55: error: expected '=', ',', ';', 'asm' or '__attribute__' before 'PRIVILEGED_FUNCTION'
 void vListInitialiseItem( ListItem_t * const pxItem ) PRIVILEGED_FUNCTION;
                                                       ^~~~~~~~~~~~~~~~~~~
../../freertos10_xilinx_bsp_0/ps7_cortexa9_0/include/list.h:369:77: error: expected '=', ',', ';', 'asm' or '__attribute__' before 'PRIVILEGED_FUNCTION'
 void vListInsert( List_t * const pxList, ListItem_t * const pxNewListItem ) PRIVILEGED_FUNCTION;
                                                                             ^~~~~~~~~~~~~~~~~~~
../../freertos10_xilinx_bsp_0/ps7_cortexa9_0/include/list.h:390:80: error: expected '=', ',', ';', 'asm' or '__attribute__' before 'PRIVILEGED_FUNCTION'
 void vListInsertEnd( List_t * const pxList, ListItem_t * const pxNewListItem ) PRIVILEGED_FUNCTION;
                                                                                ^~~~~~~~~~~~~~~~~~~
../../freertos10_xilinx_bsp_0/ps7_cortexa9_0/include/list.h:405:1: error: unknown type name 'UBaseType_t'
 UBaseType_t uxListRemove( ListItem_t * const pxItemToRemove ) PRIVILEGED_FUNCTION;
 ^~~~~~~~~~~
../../freertos10_xilinx_bsp_0/ps7_cortexa9_0/include/list.h:405:63: error: expected '=', ',', ';', 'asm' or '__attribute__' before 'PRIVILEGED_FUNCTION'
 UBaseType_t uxListRemove( ListItem_t * const pxItemToRemove ) PRIVILEGED_FUNCTION;
                                                               ^~~~~~~~~~~~~~~~~~~
In file included from ../src/IntQueueTimer.c:148:
../../freertos10_xilinx_bsp_0/ps7_cortexa9_0/include/task.h:61:1: warning: empty declaration
 struct tskTaskControlBlock; /* The old naming convention is used to prevent breaking kernel aware debuggers. */
 ^~~~~~
../../freertos10_xilinx_bsp_0/ps7_cortexa9_0/include/task.h:62:37: error: storage class specified for parameter 'TaskHandle_t'
 typedef struct tskTaskControlBlock* TaskHandle_t;
                                     ^~~~~~~~~~~~
../../freertos10_xilinx_bsp_0/ps7_cortexa9_0/include/task.h:68:21: error: expected declaration specifiers or '...' before '*' token
 typedef BaseType_t (*TaskHookFunction_t)( void * );
                     ^
../../freertos10_xilinx_bsp_0/ps7_cortexa9_0/include/task.h:79:3: error: storage class specified for parameter 'eTaskState'
 } eTaskState;
   ^~~~~~~~~~
In file included from ../src/IntQueueTimer.c:148:
../../freertos10_xilinx_bsp_0/ps7_cortexa9_0/include/task.h:89:3: error: storage class specified for parameter 'eNotifyAction'
 } eNotifyAction;
   ^~~~~~~~~~~~~
../../freertos10_xilinx_bsp_0/ps7_cortexa9_0/include/task.h:96:2: error: unknown type name 'BaseType_t'
  BaseType_t xOverflowCount;
  ^~~~~~~~~~
../../freertos10_xilinx_bsp_0/ps7_cortexa9_0/include/task.h:97:2: error: unknown type name 'TickType_t'
  TickType_t xTimeOnEntering;
  ^~~~~~~~~~
../../freertos10_xilinx_bsp_0/ps7_cortexa9_0/include/task.h:98:3: error: storage class specified for parameter 'TimeOut_t'
 } TimeOut_t;
   ^~~~~~~~~
../../freertos10_xilinx_bsp_0/ps7_cortexa9_0/include/task.h:106:2: error: unknown type name 'uint32_t'
  uint32_t ulLengthInBytes;
  ^~~~~~~~
../../freertos10_xilinx_bsp_0/ps7_cortexa9_0/include/task.h:107:2: error: unknown type name 'uint32_t'
  uint32_t ulParameters;
  ^~~~~~~~
../../freertos10_xilinx_bsp_0/ps7_cortexa9_0/include/task.h:108:3: error: storage class specified for parameter 'MemoryRegion_t'
 } MemoryRegion_t;
   ^~~~~~~~~~~~~~
../../freertos10_xilinx_bsp_0/ps7_cortexa9_0/include/task.h:115:2: error: unknown type name 'TaskFunction_t'
  TaskFunction_t pvTaskCode;
  ^~~~~~~~~~~~~~
../../freertos10_xilinx_bsp_0/ps7_cortexa9_0/include/task.h:117:2: error: unknown type name 'uint16_t'
  uint16_t usStackDepth;
  ^~~~~~~~
../../freertos10_xilinx_bsp_0/ps7_cortexa9_0/include/task.h:119:2: error: unknown type name 'UBaseType_t'
  UBaseType_t uxPriority;
  ^~~~~~~~~~~
../../freertos10_xilinx_bsp_0/ps7_cortexa9_0/include/task.h:120:2: error: unknown type name 'StackType_t'
  StackType_t *puxStackBuffer;
  ^~~~~~~~~~~
../../freertos10_xilinx_bsp_0/ps7_cortexa9_0/include/task.h:121:2: error: expected specifier-qualifier-list before 'MemoryRegion_t'
  MemoryRegion_t xRegions[ portNUM_CONFIGURABLE_REGIONS ];
  ^~~~~~~~~~~~~~
../../freertos10_xilinx_bsp_0/ps7_cortexa9_0/include/task.h:125:3: error: storage class specified for parameter 'TaskParameters_t'
 } TaskParameters_t;
   ^~~~~~~~~~~~~~~~
../../freertos10_xilinx_bsp_0/ps7_cortexa9_0/include/task.h:131:2: error: expected specifier-qualifier-list before 'TaskHandle_t'
  TaskHandle_t xHandle;   /* The handle of the task to which the rest of the information in the structure relates. */
  ^~~~~~~~~~~~
In file included from ../src/IntQueueTimer.c:148:
../../freertos10_xilinx_bsp_0/ps7_cortexa9_0/include/task.h:140:3: error: storage class specified for parameter 'TaskStatus_t'
 } TaskStatus_t;
   ^~~~~~~~~~~~
../../freertos10_xilinx_bsp_0/ps7_cortexa9_0/include/task.h:148:3: error: storage class specified for parameter 'eSleepModeStatus'
 } eSleepModeStatus;
   ^~~~~~~~~~~~~~~~
../../freertos10_xilinx_bsp_0/ps7_cortexa9_0/include/task.h:657:31: error: expected declaration specifiers or '...' before 'TaskHandle_t'
 void vTaskAllocateMPURegions( TaskHandle_t xTask, const MemoryRegion_t * const pxRegions ) PRIVILEGED_FUNCTION;
                               ^~~~~~~~~~~~
../../freertos10_xilinx_bsp_0/ps7_cortexa9_0/include/task.h:657:57: warning: type defaults to 'int' in declaration of 'MemoryRegion_t' [-Wimplicit-int]
 void vTaskAllocateMPURegions( TaskHandle_t xTask, const MemoryRegion_t * const pxRegions ) PRIVILEGED_FUNCTION;
                                                         ^~~~~~~~~~~~~~
../../freertos10_xilinx_bsp_0/ps7_cortexa9_0/include/task.h:657:72: error: expected ';', ',' or ')' before '*' token
 void vTaskAllocateMPURegions( TaskHandle_t xTask, const MemoryRegion_t * const pxRegions ) PRIVILEGED_FUNCTION;
                                                                        ^
../../freertos10_xilinx_bsp_0/ps7_cortexa9_0/include/task.h:698:19: error: expected declaration specifiers or '...' before 'TaskHandle_t'
 void vTaskDelete( TaskHandle_t xTaskToDelete ) PRIVILEGED_FUNCTION;
                   ^~~~~~~~~~~~
../../freertos10_xilinx_bsp_0/ps7_cortexa9_0/include/task.h:750:24: error: unknown type name 'TickType_t'
 void vTaskDelay( const TickType_t xTicksToDelay ) PRIVILEGED_FUNCTION;
                        ^~~~~~~~~~
../../freertos10_xilinx_bsp_0/ps7_cortexa9_0/include/task.h:750:51: error: expected '=', ',', ';', 'asm' or '__attribute__' before 'PRIVILEGED_FUNCTION'
 void vTaskDelay( const TickType_t xTicksToDelay ) PRIVILEGED_FUNCTION;
                                                   ^~~~~~~~~~~~~~~~~~~
../../freertos10_xilinx_bsp_0/ps7_cortexa9_0/include/task.h:809:23: error: unknown type name 'TickType_t'
 void vTaskDelayUntil( TickType_t * const pxPreviousWakeTime, const TickType_t xTimeIncrement ) PRIVILEGED_FUNCTION;
                       ^~~~~~~~~~
../../freertos10_xilinx_bsp_0/ps7_cortexa9_0/include/task.h:809:68: error: unknown type name 'TickType_t'
 void vTaskDelayUntil( TickType_t * const pxPreviousWakeTime, const TickType_t xTimeIncrement ) PRIVILEGED_FUNCTION;
                                                                    ^~~~~~~~~~
../../freertos10_xilinx_bsp_0/ps7_cortexa9_0/include/task.h:834:1: error: unknown type name 'BaseType_t'
 BaseType_t xTaskAbortDelay( TaskHandle_t xTask ) PRIVILEGED_FUNCTION;
 ^~~~~~~~~~
../../freertos10_xilinx_bsp_0/ps7_cortexa9_0/include/task.h:834:29: error: expected declaration specifiers or '...' before 'TaskHandle_t'
 BaseType_t xTaskAbortDelay( TaskHandle_t xTask ) PRIVILEGED_FUNCTION;
                             ^~~~~~~~~~~~
../../freertos10_xilinx_bsp_0/ps7_cortexa9_0/include/task.h:881:1: error: unknown type name 'UBaseType_t'
 UBaseType_t uxTaskPriorityGet( const TaskHandle_t xTask ) PRIVILEGED_FUNCTION;
 ^~~~~~~~~~~
../../freertos10_xilinx_bsp_0/ps7_cortexa9_0/include/task.h:881:38: warning: type defaults to 'int' in declaration of 'TaskHandle_t' [-Wimplicit-int]
 UBaseType_t uxTaskPriorityGet( const TaskHandle_t xTask ) PRIVILEGED_FUNCTION;
                                      ^~~~~~~~~~~~
../../freertos10_xilinx_bsp_0/ps7_cortexa9_0/include/task.h:881:51: error: expected ';', ',' or ')' before 'xTask'
 UBaseType_t uxTaskPriorityGet( const TaskHandle_t xTask ) PRIVILEGED_FUNCTION;
                                                   ^~~~~
../../freertos10_xilinx_bsp_0/ps7_cortexa9_0/include/task.h:889:1: error: unknown type name 'UBaseType_t'
 UBaseType_t uxTaskPriorityGetFromISR( const TaskHandle_t xTask ) PRIVILEGED_FUNCTION;
 ^~~~~~~~~~~
../../freertos10_xilinx_bsp_0/ps7_cortexa9_0/include/task.h:889:45: warning: type defaults to 'int' in declaration of 'TaskHandle_t' [-Wimplicit-int]
 UBaseType_t uxTaskPriorityGetFromISR( const TaskHandle_t xTask ) PRIVILEGED_FUNCTION;
                                             ^~~~~~~~~~~~
../../freertos10_xilinx_bsp_0/ps7_cortexa9_0/include/task.h:889:58: error: expected ';', ',' or ')' before 'xTask'
 UBaseType_t uxTaskPriorityGetFromISR( const TaskHandle_t xTask ) PRIVILEGED_FUNCTION;
                                                          ^~~~~
../../freertos10_xilinx_bsp_0/ps7_cortexa9_0/include/task.h:907:1: error: expected declaration specifiers before 'eTaskState'
 eTaskState eTaskGetState( TaskHandle_t xTask ) PRIVILEGED_FUNCTION;
 ^~~~~~~~~~
../../freertos10_xilinx_bsp_0/ps7_cortexa9_0/include/task.h:963:20: error: expected declaration specifiers or '...' before 'TaskHandle_t'
 void vTaskGetInfo( TaskHandle_t xTask, TaskStatus_t *pxTaskStatus, BaseType_t xGetFreeStackSpace, eTaskState eState ) PRIVILEGED_FUNCTION;
                    ^~~~~~~~~~~~
../../freertos10_xilinx_bsp_0/ps7_cortexa9_0/include/task.h:963:40: error: expected declaration specifiers or '...' before 'TaskStatus_t'
 void vTaskGetInfo( TaskHandle_t xTask, TaskStatus_t *pxTaskStatus, BaseType_t xGetFreeStackSpace, eTaskState eState ) PRIVILEGED_FUNCTION;
                                        ^~~~~~~~~~~~
../../freertos10_xilinx_bsp_0/ps7_cortexa9_0/include/task.h:963:68: error: unknown type name 'BaseType_t'
 void vTaskGetInfo( TaskHandle_t xTask, TaskStatus_t *pxTaskStatus, BaseType_t xGetFreeStackSpace, eTaskState eState ) PRIVILEGED_FUNCTION;
                                                                    ^~~~~~~~~~
../../freertos10_xilinx_bsp_0/ps7_cortexa9_0/include/task.h:963:99: error: expected declaration specifiers or '...' before 'eTaskState'
 void vTaskGetInfo( TaskHandle_t xTask, TaskStatus_t *pxTaskStatus, BaseType_t xGetFreeStackSpace, eTaskState eState ) PRIVILEGED_FUNCTION;
                                                                                                   ^~~~~~~~~~
../../freertos10_xilinx_bsp_0/ps7_cortexa9_0/include/task.h:1005:24: error: expected declaration specifiers or '...' before 'TaskHandle_t'
 void vTaskPrioritySet( TaskHandle_t xTask, UBaseType_t uxNewPriority ) PRIVILEGED_FUNCTION;
                        ^~~~~~~~~~~~
../../freertos10_xilinx_bsp_0/ps7_cortexa9_0/include/task.h:1005:44: error: unknown type name 'UBaseType_t'
 void vTaskPrioritySet( TaskHandle_t xTask, UBaseType_t uxNewPriority ) PRIVILEGED_FUNCTION;
                                            ^~~~~~~~~~~
../../freertos10_xilinx_bsp_0/ps7_cortexa9_0/include/task.h:1056:20: error: expected declaration specifiers or '...' before 'TaskHandle_t'
 void vTaskSuspend( TaskHandle_t xTaskToSuspend ) PRIVILEGED_FUNCTION;
                    ^~~~~~~~~~~~
../../freertos10_xilinx_bsp_0/ps7_cortexa9_0/include/task.h:1105:19: error: expected declaration specifiers or '...' before 'TaskHandle_t'
 void vTaskResume( TaskHandle_t xTaskToResume ) PRIVILEGED_FUNCTION;
                   ^~~~~~~~~~~~
../../freertos10_xilinx_bsp_0/ps7_cortexa9_0/include/task.h:1134:1: error: unknown type name 'BaseType_t'
 BaseType_t xTaskResumeFromISR( TaskHandle_t xTaskToResume ) PRIVILEGED_FUNCTION;
 ^~~~~~~~~~
../../freertos10_xilinx_bsp_0/ps7_cortexa9_0/include/task.h:1134:32: error: expected declaration specifiers or '...' before 'TaskHandle_t'
 BaseType_t xTaskResumeFromISR( TaskHandle_t xTaskToResume ) PRIVILEGED_FUNCTION;
                                ^~~~~~~~~~~~
../../freertos10_xilinx_bsp_0/ps7_cortexa9_0/include/task.h:1167:34: error: expected '=', ',', ';', 'asm' or '__attribute__' before 'PRIVILEGED_FUNCTION'
 void vTaskStartScheduler( void ) PRIVILEGED_FUNCTION;
                                  ^~~~~~~~~~~~~~~~~~~
../../freertos10_xilinx_bsp_0/ps7_cortexa9_0/include/task.h:1223:32: error: expected '=', ',', ';', 'asm' or '__attribute__' before 'PRIVILEGED_FUNCTION'
 void vTaskEndScheduler( void ) PRIVILEGED_FUNCTION;
                                ^~~~~~~~~~~~~~~~~~~
../../freertos10_xilinx_bsp_0/ps7_cortexa9_0/include/task.h:1274:30: error: expected '=', ',', ';', 'asm' or '__attribute__' before 'PRIVILEGED_FUNCTION'
 void vTaskSuspendAll( void ) PRIVILEGED_FUNCTION;
                              ^~~~~~~~~~~~~~~~~~~
../../freertos10_xilinx_bsp_0/ps7_cortexa9_0/include/task.h:1328:1: error: unknown type name 'BaseType_t'
 BaseType_t xTaskResumeAll( void ) PRIVILEGED_FUNCTION;
 ^~~~~~~~~~
../../freertos10_xilinx_bsp_0/ps7_cortexa9_0/include/task.h:1328:35: error: expected '=', ',', ';', 'asm' or '__attribute__' before 'PRIVILEGED_FUNCTION'
 BaseType_t xTaskResumeAll( void ) PRIVILEGED_FUNCTION;
                                   ^~~~~~~~~~~~~~~~~~~
../../freertos10_xilinx_bsp_0/ps7_cortexa9_0/include/task.h:1343:1: error: unknown type name 'TickType_t'
 TickType_t xTaskGetTickCount( void ) PRIVILEGED_FUNCTION;
 ^~~~~~~~~~
../../freertos10_xilinx_bsp_0/ps7_cortexa9_0/include/task.h:1343:38: error: expected '=', ',', ';', 'asm' or '__attribute__' before 'PRIVILEGED_FUNCTION'
 TickType_t xTaskGetTickCount( void ) PRIVILEGED_FUNCTION;
                                      ^~~~~~~~~~~~~~~~~~~
../../freertos10_xilinx_bsp_0/ps7_cortexa9_0/include/task.h:1359:1: error: unknown type name 'TickType_t'
 TickType_t xTaskGetTickCountFromISR( void ) PRIVILEGED_FUNCTION;
 ^~~~~~~~~~
../../freertos10_xilinx_bsp_0/ps7_cortexa9_0/include/task.h:1359:45: error: expected '=', ',', ';', 'asm' or '__attribute__' before 'PRIVILEGED_FUNCTION'
 TickType_t xTaskGetTickCountFromISR( void ) PRIVILEGED_FUNCTION;
                                             ^~~~~~~~~~~~~~~~~~~
../../freertos10_xilinx_bsp_0/ps7_cortexa9_0/include/task.h:1373:1: error: unknown type name 'UBaseType_t'
 UBaseType_t uxTaskGetNumberOfTasks( void ) PRIVILEGED_FUNCTION;
 ^~~~~~~~~~~
../../freertos10_xilinx_bsp_0/ps7_cortexa9_0/include/task.h:1373:44: error: expected '=', ',', ';', 'asm' or '__attribute__' before 'PRIVILEGED_FUNCTION'
 UBaseType_t uxTaskGetNumberOfTasks( void ) PRIVILEGED_FUNCTION;
                                            ^~~~~~~~~~~~~~~~~~~
../../freertos10_xilinx_bsp_0/ps7_cortexa9_0/include/task.h:1386:22: error: expected declaration specifiers or '...' before 'TaskHandle_t'
 char *pcTaskGetName( TaskHandle_t xTaskToQuery ) PRIVILEGED_FUNCTION; /*lint !e971 Unqualified char types are allowed for strings and single characters only. */
                      ^~~~~~~~~~~~
../../freertos10_xilinx_bsp_0/ps7_cortexa9_0/include/task.h:1402:1: error: expected declaration specifiers before 'TaskHandle_t'
 TaskHandle_t xTaskGetHandle( const char *pcNameToQuery ) PRIVILEGED_FUNCTION; /*lint !e971 Unqualified char types are allowed for strings and single characters only. */
 ^~~~~~~~~~~~
../../freertos10_xilinx_bsp_0/ps7_cortexa9_0/include/task.h:1423:1: error: unknown type name 'UBaseType_t'
 UBaseType_t uxTaskGetStackHighWaterMark( TaskHandle_t xTask ) PRIVILEGED_FUNCTION;
 ^~~~~~~~~~~
../../freertos10_xilinx_bsp_0/ps7_cortexa9_0/include/task.h:1423:42: error: expected declaration specifiers or '...' before 'TaskHandle_t'
 UBaseType_t uxTaskGetStackHighWaterMark( TaskHandle_t xTask ) PRIVILEGED_FUNCTION;
                                          ^~~~~~~~~~~~
../../freertos10_xilinx_bsp_0/ps7_cortexa9_0/include/task.h:1476:1: error: unknown type name 'BaseType_t'
 BaseType_t xTaskCallApplicationTaskHook( TaskHandle_t xTask, void *pvParameter ) PRIVILEGED_FUNCTION;
 ^~~~~~~~~~
../../freertos10_xilinx_bsp_0/ps7_cortexa9_0/include/task.h:1476:42: error: expected declaration specifiers or '...' before 'TaskHandle_t'
 BaseType_t xTaskCallApplicationTaskHook( TaskHandle_t xTask, void *pvParameter ) PRIVILEGED_FUNCTION;
                                          ^~~~~~~~~~~~
../../freertos10_xilinx_bsp_0/ps7_cortexa9_0/include/task.h:1485:1: error: expected declaration specifiers before 'TaskHandle_t'
 TaskHandle_t xTaskGetIdleTaskHandle( void ) PRIVILEGED_FUNCTION;
 ^~~~~~~~~~~~
../../freertos10_xilinx_bsp_0/ps7_cortexa9_0/include/task.h:1584:1: error: unknown type name 'UBaseType_t'
 UBaseType_t uxTaskGetSystemState( TaskStatus_t * const pxTaskStatusArray, const UBaseType_t uxArraySize, uint32_t * const pulTotalRunTime ) PRIVILEGED_FUNCTION;
 ^~~~~~~~~~~
../../freertos10_xilinx_bsp_0/ps7_cortexa9_0/include/task.h:1584:35: error: expected declaration specifiers or '...' before 'TaskStatus_t'
 UBaseType_t uxTaskGetSystemState( TaskStatus_t * const pxTaskStatusArray, const UBaseType_t uxArraySize, uint32_t * const pulTotalRunTime ) PRIVILEGED_FUNCTION;
                                   ^~~~~~~~~~~~
../../freertos10_xilinx_bsp_0/ps7_cortexa9_0/include/task.h:1584:81: error: unknown type name 'UBaseType_t'
 UBaseType_t uxTaskGetSystemState( TaskStatus_t * const pxTaskStatusArray, const UBaseType_t uxArraySize, uint32_t * const pulTotalRunTime ) PRIVILEGED_FUNCTION;
                                                                                 ^~~~~~~~~~~
../../freertos10_xilinx_bsp_0/ps7_cortexa9_0/include/task.h:1584:106: error: unknown type name 'uint32_t'; did you mean 'List_t'?
 UBaseType_t uxTaskGetSystemState( TaskStatus_t * const pxTaskStatusArray, const UBaseType_t uxArraySize, uint32_t * const pulTotalRunTime ) PRIVILEGED_FUNCTION;
                                                                                                          ^~~~~~~~
                                                                                                          List_t
../../freertos10_xilinx_bsp_0/ps7_cortexa9_0/include/task.h:1631:40: error: expected '=', ',', ';', 'asm' or '__attribute__' before 'PRIVILEGED_FUNCTION'
 void vTaskList( char * pcWriteBuffer ) PRIVILEGED_FUNCTION; /*lint !e971 Unqualified char types are allowed for strings and single characters only. */
                                        ^~~~~~~~~~~~~~~~~~~
[...]
../src/main.c:80:77: note: in expansion of macro 'pdMS_TO_TICKS'
   size = xMessageBufferReceiveFromISR(xMsgBuffer, payload, sizeof(payload), pdMS_TO_TICKS(20));
                                                                             ^~~~~~~~~~~~~
In file included from ../../freertos10_xilinx_bsp_0/ps7_cortexa9_0/include/message_buffer.h:66,
                 from ../src/main.h:31,
                 from ../src/main.c:10:
../../freertos10_xilinx_bsp_0/ps7_cortexa9_0/include/stream_buffer.h:587:29: note: expected 'BaseType_t * const' {aka 'long int * const'} but argument is of type 'long unsigned int'
          BaseType_t * const pxHigherPriorityTaskWoken ) PRIVILEGED_FUNCTION;
          ~~~~~~~~~~~~~~~~~~~^~~~~~~~~~~~~~~~~~~~~~~~~
../src/main.c: In function 'x1emacif_input_thread':
../src/main.c:141:4: warning: implicit declaration of function 'tcp_fasttmr'; did you mean 'tcp_listen'? [-Wimplicit-function-declaration]
    tcp_fasttmr();
    ^~~~~~~~~~~
    tcp_listen
../src/main.c:146:4: warning: implicit declaration of function 'tcp_slowtmr'; did you mean 'tcp_close'? [-Wimplicit-function-declaration]
    tcp_slowtmr();
    ^~~~~~~~~~~
    tcp_close
../src/main.c:149:3: warning: implicit declaration of function 'xemacif_input'; did you mean 'netif_input'? [-Wimplicit-function-declaration]
   xemacif_input(netif);
   ^~~~~~~~~~~~~
   netif_input
'Finished building: ../src/main.c'
' '
'Building target: 123.elf'
'Invoking: ARM v7 gcc linker'
arm-none-eabi-gcc -mcpu=cortex-a9 -mfpu=vfpv3 -mfloat-abi=hard -Wl,-build-id=none -specs=Xilinx.spec -Wl,-T -Wl,../src/lscript.ld -L../../freertos10_xilinx_bsp_0/ps7_cortexa9_0/lib -o "123.elf"  ./src/IntQueueTimer.o ./src/cpu1_init.o ./src/lwip.o ./src/main.o ./src/platform.o ./src/tcp_stack.o ./src/udp_stack.o   -Wl,--start-group,-lxil,-lfreertos,-lgcc,-lc,--end-group -Wl,--start-group,-lxil,-llwip4,-lgcc,-lc,--end-group
'Finished building target: 123.elf'
' '
'Invoking: ARM v7 Print Size'
arm-none-eabi-size 123.elf  |tee "123.elf.size"
   text	   data	    bss	    dec	    hex	filename
 165536	  11700	2152752	2329988	 238d84	123.elf
'Finished building: 123.elf.size'
' '
11:53:34 **** Auto Build of configuration Debug for project 123 ****
make pre-build main-build 
a9-linaro-pre-build-step
' '
'Building file: ../src/main.c'
'Invoking: ARM v7 gcc compiler'
arm-none-eabi-gcc -Wall -O0 -g3 -c -fmessage-length=0 -MT"src/main.o" -mcpu=cortex-a9 -mfpu=vfpv3 -mfloat-abi=hard -I../../freertos10_xilinx_bsp_0/ps7_cortexa9_0/include -MMD -MP -MF"src/main.d" -MT"src/main.o" -o "src/main.o" "../src/main.c"
../src/main.c: In function 'network_init_task':
../src/main.c:36:87: warning: passing argument 6 of 'xTaskCreate' discards 'volatile' qualifier from pointer target type [-Wdiscarded-qualifiers]
   xTaskCreate(udp_send_task, "UDP SEND Task", THREAD_STACKSIZE, NULL, UDP_TASK_PRIO,  &xIrqTaskHandle);
                                                                                       ^~~~~~~~~~~~~~~
In file included from ../src/main.h:23,
                 from ../src/main.c:10:
../../freertos10_xilinx_bsp_0/ps7_cortexa9_0/include/task.h:327:29: note: expected 'struct tskTaskControlBlock ** const' but argument is of type 'struct tskTaskControlBlock * volatile*'
        TaskHandle_t * const pxCreatedTask ) PRIVILEGED_FUNCTION;
        ~~~~~~~~~~~~~~~~~~~~~^~~~~~~~~~~~~
../src/main.c:39:90: warning: passing argument 6 of 'xTaskCreate' discards 'volatile' qualifier from pointer target type [-Wdiscarded-qualifiers]
   xTaskCreate(tcp_parse_task, "TCP PARSE Task", THREAD_STACKSIZE, NULL, TCP_PARSE_PRIO,  &xTcpParseTaskHandle);
                                                                                          ^~~~~~~~~~~~~~~~~~~~
In file included from ../src/main.h:23,
                 from ../src/main.c:10:
../../freertos10_xilinx_bsp_0/ps7_cortexa9_0/include/task.h:327:29: note: expected 'struct tskTaskControlBlock ** const' but argument is of type 'struct tskTaskControlBlock * volatile*'
        TaskHandle_t * const pxCreatedTask ) PRIVILEGED_FUNCTION;
        ~~~~~~~~~~~~~~~~~~~~~^~~~~~~~~~~~~
In file included from ../src/main.h:27,
                 from ../src/main.c:10:
../src/main.c: In function 'tcp_parse_task':
../../freertos10_xilinx_bsp_0/ps7_cortexa9_0/include/projdefs.h:41:37: warning: passing argument 4 of 'xStreamBufferReceiveFromISR' makes pointer from integer without a cast [-Wint-conversion]
  #define pdMS_TO_TICKS( xTimeInMs ) ( ( TickType_t ) ( ( ( TickType_t ) ( xTimeInMs ) * ( TickType_t ) configTICK_RATE_HZ ) / ( TickType_t ) 1000 ) )
                                     ^~~~~~~~~~~~~~~~~~~~~~~~~~~~~~~~~~~~~~~~~~~~~~~~~~~~~~~~~~~~~~~~~~~~~~~~~~~~~~~~~~~~~~~~~~~~~~~~~~~~~~~~~~~~~~~~~
../../freertos10_xilinx_bsp_0/ps7_cortexa9_0/include/message_buffer.h:596:213: note: in definition of macro 'xMessageBufferReceiveFromISR'
 #define xMessageBufferReceiveFromISR( xMessageBuffer, pvRxData, xBufferLengthBytes, pxHigherPriorityTaskWoken ) xStreamBufferReceiveFromISR( ( StreamBufferHandle_t ) xMessageBuffer, pvRxData, xBufferLengthBytes, pxHigherPriorityTaskWoken )
                                                                                                                                                                                                                     ^~~~~~~~~~~~~~~~~~~~~~~~~
../src/main.c:80:77: note: in expansion of macro 'pdMS_TO_TICKS'
   size = xMessageBufferReceiveFromISR(xMsgBuffer, payload, sizeof(payload), pdMS_TO_TICKS(20));
                                                                             ^~~~~~~~~~~~~
In file included from ../../freertos10_xilinx_bsp_0/ps7_cortexa9_0/include/message_buffer.h:66,
                 from ../src/main.h:27,
                 from ../src/main.c:10:
../../freertos10_xilinx_bsp_0/ps7_cortexa9_0/include/stream_buffer.h:587:29: note: expected 'BaseType_t * const' {aka 'long int * const'} but argument is of type 'long unsigned int'
          BaseType_t * const pxHigherPriorityTaskWoken ) PRIVILEGED_FUNCTION;
          ~~~~~~~~~~~~~~~~~~~^~~~~~~~~~~~~~~~~~~~~~~~~
../src/main.c: In function 'x1emacif_input_thread':
../src/main.c:141:4: warning: implicit declaration of function 'tcp_fasttmr'; did you mean 'tcp_listen'? [-Wimplicit-function-declaration]
    tcp_fasttmr();
    ^~~~~~~~~~~
    tcp_listen
../src/main.c:146:4: warning: implicit declaration of function 'tcp_slowtmr'; did you mean 'tcp_close'? [-Wimplicit-function-declaration]
    tcp_slowtmr();
    ^~~~~~~~~~~
    tcp_close
../src/main.c:149:3: warning: implicit declaration of function 'xemacif_input'; did you mean 'netif_input'? [-Wimplicit-function-declaration]
   xemacif_input(netif);
   ^~~~~~~~~~~~~
   netif_input
'Finished building: ../src/main.c'
' '
'Building target: 123.elf'
'Invoking: ARM v7 gcc linker'
arm-none-eabi-gcc -mcpu=cortex-a9 -mfpu=vfpv3 -mfloat-abi=hard -Wl,-build-id=none -specs=Xilinx.spec -Wl,-T -Wl,../src/lscript.ld -L../../freertos10_xilinx_bsp_0/ps7_cortexa9_0/lib -o "123.elf"  ./src/IntQueueTimer.o ./src/cpu1_init.o ./src/lwip.o ./src/main.o ./src/platform.o ./src/tcp_stack.o ./src/udp_stack.o   -Wl,--start-group,-lxil,-lfreertos,-lgcc,-lc,--end-group -Wl,--start-group,-lxil,-llwip4,-lgcc,-lc,--end-group
'Finished building target: 123.elf'
' '
'Invoking: ARM v7 Print Size'
arm-none-eabi-size 123.elf  |tee "123.elf.size"
   text	   data	    bss	    dec	    hex	filename
 165536	  11700	2152752	2329988	 238d84	123.elf
'Finished building: 123.elf.size'
' '
12:00:26 **** Auto Build of configuration Debug for project 123 ****
make pre-build main-build 
a9-linaro-pre-build-step
' '
'Building file: ../src/lwip.c'
'Invoking: ARM v7 gcc compiler'
arm-none-eabi-gcc -Wall -O0 -g3 -c -fmessage-length=0 -MT"src/lwip.o" -mcpu=cortex-a9 -mfpu=vfpv3 -mfloat-abi=hard -I../../freertos10_xilinx_bsp_0/ps7_cortexa9_0/include -MMD -MP -MF"src/lwip.d" -MT"src/lwip.o" -o "src/lwip.o" "../src/lwip.c"
../src/lwip.c: In function 'lwip_network_setup':
../src/lwip.c:23:10: warning: implicit declaration of function 'xemac_add'; did you mean 'netif_add'? [-Wimplicit-function-declaration]
     if (!xemac_add(&server_netif, &ipaddr, &netmask, &gw, mac, XPAR_XEMACPS_0_BASEADDR))
          ^~~~~~~~~
          netif_add
../src/lwip.c: In function 'client_connected':
../src/lwip.c:157:17: warning: passing argument 2 of 'tcp_poll' from incompatible pointer type [-Wincompatible-pointer-types]
  tcp_poll(tpcb, need_reconnect, 20);
                 ^~~~~~~~~~~~~~
In file included from ../src/lwip.h:10,
                 from ../src/lwip.c:10:
../../freertos10_xilinx_bsp_0/ps7_cortexa9_0/include/lwip/tcp.h:421:64: note: expected 'tcp_poll_fn' {aka 'signed char (*)(void *, struct tcp_pcb *)'} but argument is of type 'err_t (*)(struct tcp_pcb *)' {aka 'signed char (*)(struct tcp_pcb *)'}
 void             tcp_poll    (struct tcp_pcb *pcb, tcp_poll_fn poll, u8_t interval);
                                                    ~~~~~~~~~~~~^~~~
'Finished building: ../src/lwip.c'
' '
'Building file: ../src/main.c'
'Invoking: ARM v7 gcc compiler'
arm-none-eabi-gcc -Wall -O0 -g3 -c -fmessage-length=0 -MT"src/main.o" -mcpu=cortex-a9 -mfpu=vfpv3 -mfloat-abi=hard -I../../freertos10_xilinx_bsp_0/ps7_cortexa9_0/include -MMD -MP -MF"src/main.d" -MT"src/main.o" -o "src/main.o" "../src/main.c"
../src/main.c: In function 'network_init_task':
../src/main.c:36:87: warning: passing argument 6 of 'xTaskCreate' discards 'volatile' qualifier from pointer target type [-Wdiscarded-qualifiers]
   xTaskCreate(udp_send_task, "UDP SEND Task", THREAD_STACKSIZE, NULL, UDP_TASK_PRIO,  &xIrqTaskHandle);
                                                                                       ^~~~~~~~~~~~~~~
In file included from ../src/main.h:23,
                 from ../src/main.c:10:
../../freertos10_xilinx_bsp_0/ps7_cortexa9_0/include/task.h:327:29: note: expected 'struct tskTaskControlBlock ** const' but argument is of type 'struct tskTaskControlBlock * volatile*'
        TaskHandle_t * const pxCreatedTask ) PRIVILEGED_FUNCTION;
        ~~~~~~~~~~~~~~~~~~~~~^~~~~~~~~~~~~
../src/main.c:39:90: warning: passing argument 6 of 'xTaskCreate' discards 'volatile' qualifier from pointer target type [-Wdiscarded-qualifiers]
   xTaskCreate(tcp_parse_task, "TCP PARSE Task", THREAD_STACKSIZE, NULL, TCP_PARSE_PRIO,  &xTcpParseTaskHandle);
                                                                                          ^~~~~~~~~~~~~~~~~~~~
In file included from ../src/main.h:23,
                 from ../src/main.c:10:
../../freertos10_xilinx_bsp_0/ps7_cortexa9_0/include/task.h:327:29: note: expected 'struct tskTaskControlBlock ** const' but argument is of type 'struct tskTaskControlBlock * volatile*'
        TaskHandle_t * const pxCreatedTask ) PRIVILEGED_FUNCTION;
        ~~~~~~~~~~~~~~~~~~~~~^~~~~~~~~~~~~
In file included from ../src/main.h:27,
                 from ../src/main.c:10:
../src/main.c: In function 'tcp_parse_task':
../../freertos10_xilinx_bsp_0/ps7_cortexa9_0/include/projdefs.h:41:37: warning: passing argument 4 of 'xStreamBufferReceiveFromISR' makes pointer from integer without a cast [-Wint-conversion]
  #define pdMS_TO_TICKS( xTimeInMs ) ( ( TickType_t ) ( ( ( TickType_t ) ( xTimeInMs ) * ( TickType_t ) configTICK_RATE_HZ ) / ( TickType_t ) 1000 ) )
                                     ^~~~~~~~~~~~~~~~~~~~~~~~~~~~~~~~~~~~~~~~~~~~~~~~~~~~~~~~~~~~~~~~~~~~~~~~~~~~~~~~~~~~~~~~~~~~~~~~~~~~~~~~~~~~~~~~~
../../freertos10_xilinx_bsp_0/ps7_cortexa9_0/include/message_buffer.h:596:213: note: in definition of macro 'xMessageBufferReceiveFromISR'
 #define xMessageBufferReceiveFromISR( xMessageBuffer, pvRxData, xBufferLengthBytes, pxHigherPriorityTaskWoken ) xStreamBufferReceiveFromISR( ( StreamBufferHandle_t ) xMessageBuffer, pvRxData, xBufferLengthBytes, pxHigherPriorityTaskWoken )
                                                                                                                                                                                                                     ^~~~~~~~~~~~~~~~~~~~~~~~~
../src/main.c:80:77: note: in expansion of macro 'pdMS_TO_TICKS'
   size = xMessageBufferReceiveFromISR(xMsgBuffer, payload, sizeof(payload), pdMS_TO_TICKS(20));
                                                                             ^~~~~~~~~~~~~
In file included from ../../freertos10_xilinx_bsp_0/ps7_cortexa9_0/include/message_buffer.h:66,
                 from ../src/main.h:27,
                 from ../src/main.c:10:
../../freertos10_xilinx_bsp_0/ps7_cortexa9_0/include/stream_buffer.h:587:29: note: expected 'BaseType_t * const' {aka 'long int * const'} but argument is of type 'long unsigned int'
          BaseType_t * const pxHigherPriorityTaskWoken ) PRIVILEGED_FUNCTION;
          ~~~~~~~~~~~~~~~~~~~^~~~~~~~~~~~~~~~~~~~~~~~~
../src/main.c: In function 'x1emacif_input_thread':
../src/main.c:141:4: warning: implicit declaration of function 'tcp_fasttmr'; did you mean 'tcp_listen'? [-Wimplicit-function-declaration]
    tcp_fasttmr();
    ^~~~~~~~~~~
    tcp_listen
../src/main.c:146:4: warning: implicit declaration of function 'tcp_slowtmr'; did you mean 'tcp_close'? [-Wimplicit-function-declaration]
    tcp_slowtmr();
    ^~~~~~~~~~~
    tcp_close
../src/main.c:149:3: warning: implicit declaration of function 'xemacif_input'; did you mean 'netif_input'? [-Wimplicit-function-declaration]
   xemacif_input(netif);
   ^~~~~~~~~~~~~
   netif_input
'Finished building: ../src/main.c'
' '
'Building target: 123.elf'
'Invoking: ARM v7 gcc linker'
arm-none-eabi-gcc -mcpu=cortex-a9 -mfpu=vfpv3 -mfloat-abi=hard -Wl,-build-id=none -specs=Xilinx.spec -Wl,-T -Wl,../src/lscript.ld -L../../freertos10_xilinx_bsp_0/ps7_cortexa9_0/lib -o "123.elf"  ./src/IntQueueTimer.o ./src/cpu1_init.o ./src/lwip.o ./src/main.o ./src/platform.o ./src/tcp_stack.o ./src/udp_stack.o   -Wl,--start-group,-lxil,-lfreertos,-lgcc,-lc,--end-group -Wl,--start-group,-lxil,-llwip4,-lgcc,-lc,--end-group
'Finished building target: 123.elf'
' '
'Invoking: ARM v7 Print Size'
arm-none-eabi-size 123.elf  |tee "123.elf.size"
   text	   data	    bss	    dec	    hex	filename
 165536	  11700	2152752	2329988	 238d84	123.elf
'Finished building: 123.elf.size'
' '
12:10:47 **** Auto Build of configuration Debug for project 123 ****
make pre-build main-build 
a9-linaro-pre-build-step
' '
'Building file: ../src/main.c'
'Invoking: ARM v7 gcc compiler'
arm-none-eabi-gcc -Wall -O0 -g3 -c -fmessage-length=0 -MT"src/main.o" -mcpu=cortex-a9 -mfpu=vfpv3 -mfloat-abi=hard -I../../freertos10_xilinx_bsp_0/ps7_cortexa9_0/include -MMD -MP -MF"src/main.d" -MT"src/main.o" -o "src/main.o" "../src/main.c"
../src/main.c: In function 'network_init_task':
../src/main.c:37:87: warning: passing argument 6 of 'xTaskCreate' discards 'volatile' qualifier from pointer target type [-Wdiscarded-qualifiers]
   xTaskCreate(udp_send_task, "UDP SEND Task", THREAD_STACKSIZE, NULL, UDP_TASK_PRIO,  &xIrqTaskHandle);
                                                                                       ^~~~~~~~~~~~~~~
In file included from ../src/main.h:23,
                 from ../src/main.c:10:
../../freertos10_xilinx_bsp_0/ps7_cortexa9_0/include/task.h:327:29: note: expected 'struct tskTaskControlBlock ** const' but argument is of type 'struct tskTaskControlBlock * volatile*'
        TaskHandle_t * const pxCreatedTask ) PRIVILEGED_FUNCTION;
        ~~~~~~~~~~~~~~~~~~~~~^~~~~~~~~~~~~
../src/main.c:40:90: warning: passing argument 6 of 'xTaskCreate' discards 'volatile' qualifier from pointer target type [-Wdiscarded-qualifiers]
   xTaskCreate(tcp_parse_task, "TCP PARSE Task", THREAD_STACKSIZE, NULL, TCP_PARSE_PRIO,  &xTcpParseTaskHandle);
                                                                                          ^~~~~~~~~~~~~~~~~~~~
In file included from ../src/main.h:23,
                 from ../src/main.c:10:
../../freertos10_xilinx_bsp_0/ps7_cortexa9_0/include/task.h:327:29: note: expected 'struct tskTaskControlBlock ** const' but argument is of type 'struct tskTaskControlBlock * volatile*'
        TaskHandle_t * const pxCreatedTask ) PRIVILEGED_FUNCTION;
        ~~~~~~~~~~~~~~~~~~~~~^~~~~~~~~~~~~
In file included from ../src/main.h:27,
                 from ../src/main.c:10:
../src/main.c: In function 'tcp_parse_task':
../../freertos10_xilinx_bsp_0/ps7_cortexa9_0/include/projdefs.h:41:37: warning: passing argument 4 of 'xStreamBufferReceiveFromISR' makes pointer from integer without a cast [-Wint-conversion]
  #define pdMS_TO_TICKS( xTimeInMs ) ( ( TickType_t ) ( ( ( TickType_t ) ( xTimeInMs ) * ( TickType_t ) configTICK_RATE_HZ ) / ( TickType_t ) 1000 ) )
                                     ^~~~~~~~~~~~~~~~~~~~~~~~~~~~~~~~~~~~~~~~~~~~~~~~~~~~~~~~~~~~~~~~~~~~~~~~~~~~~~~~~~~~~~~~~~~~~~~~~~~~~~~~~~~~~~~~~
../../freertos10_xilinx_bsp_0/ps7_cortexa9_0/include/message_buffer.h:596:213: note: in definition of macro 'xMessageBufferReceiveFromISR'
 #define xMessageBufferReceiveFromISR( xMessageBuffer, pvRxData, xBufferLengthBytes, pxHigherPriorityTaskWoken ) xStreamBufferReceiveFromISR( ( StreamBufferHandle_t ) xMessageBuffer, pvRxData, xBufferLengthBytes, pxHigherPriorityTaskWoken )
                                                                                                                                                                                                                     ^~~~~~~~~~~~~~~~~~~~~~~~~
../src/main.c:81:77: note: in expansion of macro 'pdMS_TO_TICKS'
   size = xMessageBufferReceiveFromISR(xMsgBuffer, payload, sizeof(payload), pdMS_TO_TICKS(20));
                                                                             ^~~~~~~~~~~~~
In file included from ../../freertos10_xilinx_bsp_0/ps7_cortexa9_0/include/message_buffer.h:66,
                 from ../src/main.h:27,
                 from ../src/main.c:10:
../../freertos10_xilinx_bsp_0/ps7_cortexa9_0/include/stream_buffer.h:587:29: note: expected 'BaseType_t * const' {aka 'long int * const'} but argument is of type 'long unsigned int'
          BaseType_t * const pxHigherPriorityTaskWoken ) PRIVILEGED_FUNCTION;
          ~~~~~~~~~~~~~~~~~~~^~~~~~~~~~~~~~~~~~~~~~~~~
../src/main.c: In function 'x1emacif_input_thread':
../src/main.c:142:4: warning: implicit declaration of function 'tcp_fasttmr'; did you mean 'tcp_listen'? [-Wimplicit-function-declaration]
    tcp_fasttmr();
    ^~~~~~~~~~~
    tcp_listen
../src/main.c:147:4: warning: implicit declaration of function 'tcp_slowtmr'; did you mean 'tcp_close'? [-Wimplicit-function-declaration]
    tcp_slowtmr();
    ^~~~~~~~~~~
    tcp_close
../src/main.c:150:3: warning: implicit declaration of function 'xemacif_input'; did you mean 'netif_input'? [-Wimplicit-function-declaration]
   xemacif_input(netif);
   ^~~~~~~~~~~~~
   netif_input
'Finished building: ../src/main.c'
' '
'Building target: 123.elf'
'Invoking: ARM v7 gcc linker'
arm-none-eabi-gcc -mcpu=cortex-a9 -mfpu=vfpv3 -mfloat-abi=hard -Wl,-build-id=none -specs=Xilinx.spec -Wl,-T -Wl,../src/lscript.ld -L../../freertos10_xilinx_bsp_0/ps7_cortexa9_0/lib -o "123.elf"  ./src/IntQueueTimer.o ./src/cpu1_init.o ./src/lwip.o ./src/main.o ./src/platform.o ./src/tcp_stack.o ./src/udp_stack.o   -Wl,--start-group,-lxil,-lfreertos,-lgcc,-lc,--end-group -Wl,--start-group,-lxil,-llwip4,-lgcc,-lc,--end-group
'Finished building target: 123.elf'
' '
'Invoking: ARM v7 Print Size'
arm-none-eabi-size 123.elf  |tee "123.elf.size"
   text	   data	    bss	    dec	    hex	filename
 165612	  11700	2152752	2330064	 238dd0	123.elf
'Finished building: 123.elf.size'
' '
12:10:51 **** Incremental Build of configuration Debug for project 123 ****
make pre-build main-build 
a9-linaro-pre-build-step
' '
make: Nothing to be done for 'main-build'.
12:11:10 **** Incremental Build of configuration Debug for project 123 ****
make pre-build main-build 
a9-linaro-pre-build-step
' '
make: Nothing to be done for 'main-build'.
