15:23:08 **** Incremental Build of configuration Debug for project 123 ****
make pre-build main-build 
a9-linaro-pre-build-step
' '
'Building file: ../src/lwip.c'
'Invoking: ARM v7 gcc compiler'
arm-none-eabi-gcc -Wall -O0 -g3 -c -fmessage-length=0 -MT"src/lwip.o" -mcpu=cortex-a9 -mfpu=vfpv3 -mfloat-abi=hard -I../../freertos10_xilinx_bsp_0/ps7_cortexa9_0/include -MMD -MP -MF"src/lwip.d" -MT"src/lwip.o" -o "src/lwip.o" "../src/lwip.c"
../src/lwip.c: In function 'lwip_network_setup':
../src/lwip.c:23:10: warning: implicit declaration of function 'xemac_add'; did you mean 'netif_add'? [-Wimplicit-function-declaration]
     if (!xemac_add(&server_netif, &ipaddr, &netmask, &gw, mac, XPAR_XEMACPS_0_BASEADDR))
          ^~~~~~~~~
          netif_add
../src/lwip.c: In function 'udp_package_send':
../src/lwip.c:57:8: warning: unused variable 'err' [-Wunused-variable]
  err_t err = send_udp_data(sender);
        ^~~
../src/lwip.c: In function 'parse_msg':
../src/lwip.c:149:11: warning: unused variable 'test_tetrada' [-Wunused-variable]
   uint8_t test_tetrada = 0x0F;
           ^~~~~~~~~~~~
../src/lwip.c: In function 'state_tcp_connection':
../src/lwip.c:93:1: warning: control reaches end of non-void function [-Wreturn-type]
 }
 ^
'Finished building: ../src/lwip.c'
' '
'Building target: 123.elf'
'Invoking: ARM v7 gcc linker'
arm-none-eabi-gcc -mcpu=cortex-a9 -mfpu=vfpv3 -mfloat-abi=hard -Wl,-build-id=none -specs=Xilinx.spec -Wl,-T -Wl,../src/lscript.ld -L../../freertos10_xilinx_bsp_0/ps7_cortexa9_0/lib -o "123.elf"  ./src/IntQueueTimer.o ./src/cpu1_init.o ./src/lwip.o ./src/main.o ./src/platform.o ./src/tcp_stack.o ./src/udp_stack.o   -Wl,--start-group,-lxil,-lfreertos,-lgcc,-lc,--end-group -Wl,--start-group,-lxil,-llwip4,-lgcc,-lc,--end-group
'Finished building target: 123.elf'
' '
'Invoking: ARM v7 Print Size'
arm-none-eabi-size 123.elf  |tee "123.elf.size"
   text	   data	    bss	    dec	    hex	filename
 164132	  11700	2152752	2328584	 238808	123.elf
'Finished building: 123.elf.size'
' '
15:23:40 **** Incremental Build of configuration Debug for project 123 ****
make pre-build main-build 
a9-linaro-pre-build-step
' '
make: Nothing to be done for 'main-build'.
15:26:09 **** Auto Build of configuration Debug for project 123 ****
make pre-build main-build 
a9-linaro-pre-build-step
' '
'Building file: ../src/main.c'
'Invoking: ARM v7 gcc compiler'
arm-none-eabi-gcc -Wall -O0 -g3 -c -fmessage-length=0 -MT"src/main.o" -mcpu=cortex-a9 -mfpu=vfpv3 -mfloat-abi=hard -I../../freertos10_xilinx_bsp_0/ps7_cortexa9_0/include -MMD -MP -MF"src/main.d" -MT"src/main.o" -o "src/main.o" "../src/main.c"
../src/main.c: In function 'network_init_task':
../src/main.c:35:87: warning: passing argument 6 of 'xTaskCreate' discards 'volatile' qualifier from pointer target type [-Wdiscarded-qualifiers]
   xTaskCreate(udp_send_task, "UDP SEND Task", THREAD_STACKSIZE, NULL, UDP_TASK_PRIO,  &xIrqTaskHandle);
                                                                                       ^~~~~~~~~~~~~~~
In file included from ../src/main.h:27,
                 from ../src/main.c:10:
../../freertos10_xilinx_bsp_0/ps7_cortexa9_0/include/task.h:327:29: note: expected 'struct tskTaskControlBlock ** const' but argument is of type 'struct tskTaskControlBlock * volatile*'
        TaskHandle_t * const pxCreatedTask ) PRIVILEGED_FUNCTION;
        ~~~~~~~~~~~~~~~~~~~~~^~~~~~~~~~~~~
../src/main.c:39:90: warning: passing argument 6 of 'xTaskCreate' discards 'volatile' qualifier from pointer target type [-Wdiscarded-qualifiers]
   xTaskCreate(tcp_parse_task, "TCP PARSE Task", THREAD_STACKSIZE, NULL, TCP_PARSE_PRIO,  &xTcpParseTaskHandle);
                                                                                          ^~~~~~~~~~~~~~~~~~~~
In file included from ../src/main.h:27,
                 from ../src/main.c:10:
../../freertos10_xilinx_bsp_0/ps7_cortexa9_0/include/task.h:327:29: note: expected 'struct tskTaskControlBlock ** const' but argument is of type 'struct tskTaskControlBlock * volatile*'
        TaskHandle_t * const pxCreatedTask ) PRIVILEGED_FUNCTION;
        ~~~~~~~~~~~~~~~~~~~~~^~~~~~~~~~~~~
In file included from ../src/main.h:31,
                 from ../src/main.c:10:
../src/main.c: In function 'tcp_parse_task':
../../freertos10_xilinx_bsp_0/ps7_cortexa9_0/include/portmacro.h:62:23: warning: passing argument 4 of 'xStreamBufferReceiveFromISR' makes pointer from integer without a cast [-Wint-conversion]
 #define portMAX_DELAY ( TickType_t ) 0xffffffffUL
                       ^~~~~~~~~~~~~~~~~~~~~~~~~~~
../../freertos10_xilinx_bsp_0/ps7_cortexa9_0/include/message_buffer.h:596:213: note: in definition of macro 'xMessageBufferReceiveFromISR'
 #define xMessageBufferReceiveFromISR( xMessageBuffer, pvRxData, xBufferLengthBytes, pxHigherPriorityTaskWoken ) xStreamBufferReceiveFromISR( ( StreamBufferHandle_t ) xMessageBuffer, pvRxData, xBufferLengthBytes, pxHigherPriorityTaskWoken )
                                                                                                                                                                                                                     ^~~~~~~~~~~~~~~~~~~~~~~~~
../src/main.c:82:77: note: in expansion of macro 'portMAX_DELAY'
   size = xMessageBufferReceiveFromISR(xMsgBuffer, payload, sizeof(payload), portMAX_DELAY);
                                                                             ^~~~~~~~~~~~~
In file included from ../../freertos10_xilinx_bsp_0/ps7_cortexa9_0/include/message_buffer.h:66,
                 from ../src/main.h:31,
                 from ../src/main.c:10:
../../freertos10_xilinx_bsp_0/ps7_cortexa9_0/include/stream_buffer.h:587:29: note: expected 'BaseType_t * const' {aka 'long int * const'} but argument is of type 'long unsigned int'
          BaseType_t * const pxHigherPriorityTaskWoken ) PRIVILEGED_FUNCTION;
          ~~~~~~~~~~~~~~~~~~~^~~~~~~~~~~~~~~~~~~~~~~~~
../src/main.c: In function 'vTcpStatTask':
../src/main.c:118:29: warning: initialization of 'TickType_t' {aka 'const long unsigned int'} from 'TickType_t (*)(void)' {aka 'long unsigned int (*)(void)'} makes integer from pointer without a cast [-Wint-conversion]
  const TickType_t wike_up = xTaskGetTickCount;
                             ^~~~~~~~~~~~~~~~~
../src/main.c:119:19: warning: unused variable 'monitor_interval' [-Wunused-variable]
  const TickType_t monitor_interval = pdMS_TO_TICKS(3000);
                   ^~~~~~~~~~~~~~~~
../src/main.c:118:19: warning: unused variable 'wike_up' [-Wunused-variable]
  const TickType_t wike_up = xTaskGetTickCount;
                   ^~~~~~~
../src/main.c: In function 'x1emacif_input_thread':
../src/main.c:129:9: warning: implicit declaration of function 'xemacif_input'; did you mean 'netif_input'? [-Wimplicit-function-declaration]
         xemacif_input(netif);
         ^~~~~~~~~~~~~
         netif_input
'Finished building: ../src/main.c'
' '
'Building target: 123.elf'
'Invoking: ARM v7 gcc linker'
arm-none-eabi-gcc -mcpu=cortex-a9 -mfpu=vfpv3 -mfloat-abi=hard -Wl,-build-id=none -specs=Xilinx.spec -Wl,-T -Wl,../src/lscript.ld -L../../freertos10_xilinx_bsp_0/ps7_cortexa9_0/lib -o "123.elf"  ./src/IntQueueTimer.o ./src/cpu1_init.o ./src/lwip.o ./src/main.o ./src/platform.o ./src/tcp_stack.o ./src/udp_stack.o   -Wl,--start-group,-lxil,-lfreertos,-lgcc,-lc,--end-group -Wl,--start-group,-lxil,-llwip4,-lgcc,-lc,--end-group
'Finished building target: 123.elf'
' '
'Invoking: ARM v7 Print Size'
arm-none-eabi-size 123.elf  |tee "123.elf.size"
   text	   data	    bss	    dec	    hex	filename
 164300	  11700	2152752	2328752	 2388b0	123.elf
'Finished building: 123.elf.size'
' '
15:26:13 **** Incremental Build of configuration Debug for project 123 ****
make pre-build main-build 
a9-linaro-pre-build-step
' '
make: Nothing to be done for 'main-build'.
15:27:16 **** Incremental Build of configuration Debug for project 123 ****
make pre-build main-build 
a9-linaro-pre-build-step
' '
make: Nothing to be done for 'main-build'.
15:28:28 **** Auto Build of configuration Debug for project 123 ****
make pre-build main-build 
a9-linaro-pre-build-step
' '
'Building file: ../src/main.c'
'Invoking: ARM v7 gcc compiler'
arm-none-eabi-gcc -Wall -O0 -g3 -c -fmessage-length=0 -MT"src/main.o" -mcpu=cortex-a9 -mfpu=vfpv3 -mfloat-abi=hard -I../../freertos10_xilinx_bsp_0/ps7_cortexa9_0/include -MMD -MP -MF"src/main.d" -MT"src/main.o" -o "src/main.o" "../src/main.c"
../src/main.c: In function 'network_init_task':
../src/main.c:35:87: warning: passing argument 6 of 'xTaskCreate' discards 'volatile' qualifier from pointer target type [-Wdiscarded-qualifiers]
   xTaskCreate(udp_send_task, "UDP SEND Task", THREAD_STACKSIZE, NULL, UDP_TASK_PRIO,  &xIrqTaskHandle);
                                                                                       ^~~~~~~~~~~~~~~
In file included from ../src/main.h:27,
                 from ../src/main.c:10:
../../freertos10_xilinx_bsp_0/ps7_cortexa9_0/include/task.h:327:29: note: expected 'struct tskTaskControlBlock ** const' but argument is of type 'struct tskTaskControlBlock * volatile*'
        TaskHandle_t * const pxCreatedTask ) PRIVILEGED_FUNCTION;
        ~~~~~~~~~~~~~~~~~~~~~^~~~~~~~~~~~~
../src/main.c:39:90: warning: passing argument 6 of 'xTaskCreate' discards 'volatile' qualifier from pointer target type [-Wdiscarded-qualifiers]
   xTaskCreate(tcp_parse_task, "TCP PARSE Task", THREAD_STACKSIZE, NULL, TCP_PARSE_PRIO,  &xTcpParseTaskHandle);
                                                                                          ^~~~~~~~~~~~~~~~~~~~
In file included from ../src/main.h:27,
                 from ../src/main.c:10:
../../freertos10_xilinx_bsp_0/ps7_cortexa9_0/include/task.h:327:29: note: expected 'struct tskTaskControlBlock ** const' but argument is of type 'struct tskTaskControlBlock * volatile*'
        TaskHandle_t * const pxCreatedTask ) PRIVILEGED_FUNCTION;
        ~~~~~~~~~~~~~~~~~~~~~^~~~~~~~~~~~~
In file included from ../src/main.h:31,
                 from ../src/main.c:10:
../src/main.c: In function 'tcp_parse_task':
../../freertos10_xilinx_bsp_0/ps7_cortexa9_0/include/portmacro.h:62:23: warning: passing argument 4 of 'xStreamBufferReceiveFromISR' makes pointer from integer without a cast [-Wint-conversion]
 #define portMAX_DELAY ( TickType_t ) 0xffffffffUL
                       ^~~~~~~~~~~~~~~~~~~~~~~~~~~
../../freertos10_xilinx_bsp_0/ps7_cortexa9_0/include/message_buffer.h:596:213: note: in definition of macro 'xMessageBufferReceiveFromISR'
 #define xMessageBufferReceiveFromISR( xMessageBuffer, pvRxData, xBufferLengthBytes, pxHigherPriorityTaskWoken ) xStreamBufferReceiveFromISR( ( StreamBufferHandle_t ) xMessageBuffer, pvRxData, xBufferLengthBytes, pxHigherPriorityTaskWoken )
                                                                                                                                                                                                                     ^~~~~~~~~~~~~~~~~~~~~~~~~
../src/main.c:82:77: note: in expansion of macro 'portMAX_DELAY'
   size = xMessageBufferReceiveFromISR(xMsgBuffer, payload, sizeof(payload), portMAX_DELAY);
                                                                             ^~~~~~~~~~~~~
In file included from ../../freertos10_xilinx_bsp_0/ps7_cortexa9_0/include/message_buffer.h:66,
                 from ../src/main.h:31,
                 from ../src/main.c:10:
../../freertos10_xilinx_bsp_0/ps7_cortexa9_0/include/stream_buffer.h:587:29: note: expected 'BaseType_t * const' {aka 'long int * const'} but argument is of type 'long unsigned int'
          BaseType_t * const pxHigherPriorityTaskWoken ) PRIVILEGED_FUNCTION;
          ~~~~~~~~~~~~~~~~~~~^~~~~~~~~~~~~~~~~~~~~~~~~
../src/main.c: In function 'vTcpStatTask':
../src/main.c:118:29: warning: initialization of 'TickType_t' {aka 'const long unsigned int'} from 'TickType_t (*)(void)' {aka 'long unsigned int (*)(void)'} makes integer from pointer without a cast [-Wint-conversion]
  const TickType_t wike_up = xTaskGetTickCount;
                             ^~~~~~~~~~~~~~~~~
../src/main.c:119:19: warning: unused variable 'monitor_interval' [-Wunused-variable]
  const TickType_t monitor_interval = pdMS_TO_TICKS(3000);
                   ^~~~~~~~~~~~~~~~
../src/main.c:118:19: warning: unused variable 'wike_up' [-Wunused-variable]
  const TickType_t wike_up = xTaskGetTickCount;
                   ^~~~~~~
../src/main.c: In function 'x1emacif_input_thread':
../src/main.c:129:9: warning: implicit declaration of function 'xemacif_input'; did you mean 'netif_input'? [-Wimplicit-function-declaration]
         xemacif_input(netif);
         ^~~~~~~~~~~~~
         netif_input
'Finished building: ../src/main.c'
' '
'Building target: 123.elf'
'Invoking: ARM v7 gcc linker'
arm-none-eabi-gcc -mcpu=cortex-a9 -mfpu=vfpv3 -mfloat-abi=hard -Wl,-build-id=none -specs=Xilinx.spec -Wl,-T -Wl,../src/lscript.ld -L../../freertos10_xilinx_bsp_0/ps7_cortexa9_0/lib -o "123.elf"  ./src/IntQueueTimer.o ./src/cpu1_init.o ./src/lwip.o ./src/main.o ./src/platform.o ./src/tcp_stack.o ./src/udp_stack.o   -Wl,--start-group,-lxil,-lfreertos,-lgcc,-lc,--end-group -Wl,--start-group,-lxil,-llwip4,-lgcc,-lc,--end-group
'Finished building target: 123.elf'
' '
'Invoking: ARM v7 Print Size'
arm-none-eabi-size 123.elf  |tee "123.elf.size"
   text	   data	    bss	    dec	    hex	filename
 164300	  11700	2152752	2328752	 2388b0	123.elf
'Finished building: 123.elf.size'
' '
15:28:43 **** Incremental Build of configuration Debug for project 123 ****
make pre-build main-build 
a9-linaro-pre-build-step
' '
make: Nothing to be done for 'main-build'.
15:29:13 **** Auto Build of configuration Debug for project 123 ****
make pre-build main-build 
a9-linaro-pre-build-step
' '
'Building file: ../src/main.c'
'Invoking: ARM v7 gcc compiler'
arm-none-eabi-gcc -Wall -O0 -g3 -c -fmessage-length=0 -MT"src/main.o" -mcpu=cortex-a9 -mfpu=vfpv3 -mfloat-abi=hard -I../../freertos10_xilinx_bsp_0/ps7_cortexa9_0/include -MMD -MP -MF"src/main.d" -MT"src/main.o" -o "src/main.o" "../src/main.c"
../src/main.c: In function 'network_init_task':
../src/main.c:35:87: warning: passing argument 6 of 'xTaskCreate' discards 'volatile' qualifier from pointer target type [-Wdiscarded-qualifiers]
   xTaskCreate(udp_send_task, "UDP SEND Task", THREAD_STACKSIZE, NULL, UDP_TASK_PRIO,  &xIrqTaskHandle);
                                                                                       ^~~~~~~~~~~~~~~
In file included from ../src/main.h:27,
                 from ../src/main.c:10:
../../freertos10_xilinx_bsp_0/ps7_cortexa9_0/include/task.h:327:29: note: expected 'struct tskTaskControlBlock ** const' but argument is of type 'struct tskTaskControlBlock * volatile*'
        TaskHandle_t * const pxCreatedTask ) PRIVILEGED_FUNCTION;
        ~~~~~~~~~~~~~~~~~~~~~^~~~~~~~~~~~~
../src/main.c:39:90: warning: passing argument 6 of 'xTaskCreate' discards 'volatile' qualifier from pointer target type [-Wdiscarded-qualifiers]
   xTaskCreate(tcp_parse_task, "TCP PARSE Task", THREAD_STACKSIZE, NULL, TCP_PARSE_PRIO,  &xTcpParseTaskHandle);
                                                                                          ^~~~~~~~~~~~~~~~~~~~
In file included from ../src/main.h:27,
                 from ../src/main.c:10:
../../freertos10_xilinx_bsp_0/ps7_cortexa9_0/include/task.h:327:29: note: expected 'struct tskTaskControlBlock ** const' but argument is of type 'struct tskTaskControlBlock * volatile*'
        TaskHandle_t * const pxCreatedTask ) PRIVILEGED_FUNCTION;
        ~~~~~~~~~~~~~~~~~~~~~^~~~~~~~~~~~~
In file included from ../src/main.h:31,
                 from ../src/main.c:10:
../src/main.c: In function 'tcp_parse_task':
../../freertos10_xilinx_bsp_0/ps7_cortexa9_0/include/portmacro.h:62:23: warning: passing argument 4 of 'xStreamBufferReceiveFromISR' makes pointer from integer without a cast [-Wint-conversion]
 #define portMAX_DELAY ( TickType_t ) 0xffffffffUL
                       ^~~~~~~~~~~~~~~~~~~~~~~~~~~
../../freertos10_xilinx_bsp_0/ps7_cortexa9_0/include/message_buffer.h:596:213: note: in definition of macro 'xMessageBufferReceiveFromISR'
 #define xMessageBufferReceiveFromISR( xMessageBuffer, pvRxData, xBufferLengthBytes, pxHigherPriorityTaskWoken ) xStreamBufferReceiveFromISR( ( StreamBufferHandle_t ) xMessageBuffer, pvRxData, xBufferLengthBytes, pxHigherPriorityTaskWoken )
                                                                                                                                                                                                                     ^~~~~~~~~~~~~~~~~~~~~~~~~
../src/main.c:82:77: note: in expansion of macro 'portMAX_DELAY'
   size = xMessageBufferReceiveFromISR(xMsgBuffer, payload, sizeof(payload), portMAX_DELAY);
                                                                             ^~~~~~~~~~~~~
In file included from ../../freertos10_xilinx_bsp_0/ps7_cortexa9_0/include/message_buffer.h:66,
                 from ../src/main.h:31,
                 from ../src/main.c:10:
../../freertos10_xilinx_bsp_0/ps7_cortexa9_0/include/stream_buffer.h:587:29: note: expected 'BaseType_t * const' {aka 'long int * const'} but argument is of type 'long unsigned int'
          BaseType_t * const pxHigherPriorityTaskWoken ) PRIVILEGED_FUNCTION;
          ~~~~~~~~~~~~~~~~~~~^~~~~~~~~~~~~~~~~~~~~~~~~
../src/main.c: In function 'vTcpStatTask':
../src/main.c:118:29: warning: initialization of 'TickType_t' {aka 'const long unsigned int'} from 'TickType_t (*)(void)' {aka 'long unsigned int (*)(void)'} makes integer from pointer without a cast [-Wint-conversion]
  const TickType_t wike_up = xTaskGetTickCount;
                             ^~~~~~~~~~~~~~~~~
../src/main.c:119:19: warning: unused variable 'monitor_interval' [-Wunused-variable]
  const TickType_t monitor_interval = pdMS_TO_TICKS(3000);
                   ^~~~~~~~~~~~~~~~
../src/main.c:118:19: warning: unused variable 'wike_up' [-Wunused-variable]
  const TickType_t wike_up = xTaskGetTickCount;
                   ^~~~~~~
../src/main.c: In function 'x1emacif_input_thread':
../src/main.c:129:9: warning: implicit declaration of function 'xemacif_input'; did you mean 'netif_input'? [-Wimplicit-function-declaration]
         xemacif_input(netif);
         ^~~~~~~~~~~~~
         netif_input
'Finished building: ../src/main.c'
' '
'Building target: 123.elf'
'Invoking: ARM v7 gcc linker'
arm-none-eabi-gcc -mcpu=cortex-a9 -mfpu=vfpv3 -mfloat-abi=hard -Wl,-build-id=none -specs=Xilinx.spec -Wl,-T -Wl,../src/lscript.ld -L../../freertos10_xilinx_bsp_0/ps7_cortexa9_0/lib -o "123.elf"  ./src/IntQueueTimer.o ./src/cpu1_init.o ./src/lwip.o ./src/main.o ./src/platform.o ./src/tcp_stack.o ./src/udp_stack.o   -Wl,--start-group,-lxil,-lfreertos,-lgcc,-lc,--end-group -Wl,--start-group,-lxil,-llwip4,-lgcc,-lc,--end-group
'Finished building target: 123.elf'
' '
'Invoking: ARM v7 Print Size'
arm-none-eabi-size 123.elf  |tee "123.elf.size"
   text	   data	    bss	    dec	    hex	filename
 164300	  11700	2152752	2328752	 2388b0	123.elf
'Finished building: 123.elf.size'
' '
15:29:27 **** Incremental Build of configuration Debug for project 123 ****
make pre-build main-build 
a9-linaro-pre-build-step
' '
make: Nothing to be done for 'main-build'.
15:29:47 **** Incremental Build of configuration Debug for project 123 ****
make pre-build main-build 
a9-linaro-pre-build-step
' '
make: Nothing to be done for 'main-build'.
15:34:56 **** Auto Build of configuration Debug for project 123 ****
make pre-build main-build 
a9-linaro-pre-build-step
' '
'Building file: ../src/main.c'
'Invoking: ARM v7 gcc compiler'
arm-none-eabi-gcc -Wall -O0 -g3 -c -fmessage-length=0 -MT"src/main.o" -mcpu=cortex-a9 -mfpu=vfpv3 -mfloat-abi=hard -I../../freertos10_xilinx_bsp_0/ps7_cortexa9_0/include -MMD -MP -MF"src/main.d" -MT"src/main.o" -o "src/main.o" "../src/main.c"
../src/main.c: In function 'network_init_task':
../src/main.c:35:87: warning: passing argument 6 of 'xTaskCreate' discards 'volatile' qualifier from pointer target type [-Wdiscarded-qualifiers]
   xTaskCreate(udp_send_task, "UDP SEND Task", THREAD_STACKSIZE, NULL, UDP_TASK_PRIO,  &xIrqTaskHandle);
                                                                                       ^~~~~~~~~~~~~~~
In file included from ../src/main.h:27,
                 from ../src/main.c:10:
../../freertos10_xilinx_bsp_0/ps7_cortexa9_0/include/task.h:327:29: note: expected 'struct tskTaskControlBlock ** const' but argument is of type 'struct tskTaskControlBlock * volatile*'
        TaskHandle_t * const pxCreatedTask ) PRIVILEGED_FUNCTION;
        ~~~~~~~~~~~~~~~~~~~~~^~~~~~~~~~~~~
../src/main.c:39:90: warning: passing argument 6 of 'xTaskCreate' discards 'volatile' qualifier from pointer target type [-Wdiscarded-qualifiers]
   xTaskCreate(tcp_parse_task, "TCP PARSE Task", THREAD_STACKSIZE, NULL, TCP_PARSE_PRIO,  &xTcpParseTaskHandle);
                                                                                          ^~~~~~~~~~~~~~~~~~~~
In file included from ../src/main.h:27,
                 from ../src/main.c:10:
../../freertos10_xilinx_bsp_0/ps7_cortexa9_0/include/task.h:327:29: note: expected 'struct tskTaskControlBlock ** const' but argument is of type 'struct tskTaskControlBlock * volatile*'
        TaskHandle_t * const pxCreatedTask ) PRIVILEGED_FUNCTION;
        ~~~~~~~~~~~~~~~~~~~~~^~~~~~~~~~~~~
In file included from ../src/main.h:31,
                 from ../src/main.c:10:
../src/main.c: In function 'tcp_parse_task':
../../freertos10_xilinx_bsp_0/ps7_cortexa9_0/include/projdefs.h:41:37: warning: passing argument 4 of 'xStreamBufferReceiveFromISR' makes pointer from integer without a cast [-Wint-conversion]
  #define pdMS_TO_TICKS( xTimeInMs ) ( ( TickType_t ) ( ( ( TickType_t ) ( xTimeInMs ) * ( TickType_t ) configTICK_RATE_HZ ) / ( TickType_t ) 1000 ) )
                                     ^~~~~~~~~~~~~~~~~~~~~~~~~~~~~~~~~~~~~~~~~~~~~~~~~~~~~~~~~~~~~~~~~~~~~~~~~~~~~~~~~~~~~~~~~~~~~~~~~~~~~~~~~~~~~~~~~
../../freertos10_xilinx_bsp_0/ps7_cortexa9_0/include/message_buffer.h:596:213: note: in definition of macro 'xMessageBufferReceiveFromISR'
 #define xMessageBufferReceiveFromISR( xMessageBuffer, pvRxData, xBufferLengthBytes, pxHigherPriorityTaskWoken ) xStreamBufferReceiveFromISR( ( StreamBufferHandle_t ) xMessageBuffer, pvRxData, xBufferLengthBytes, pxHigherPriorityTaskWoken )
                                                                                                                                                                                                                     ^~~~~~~~~~~~~~~~~~~~~~~~~
../src/main.c:82:77: note: in expansion of macro 'pdMS_TO_TICKS'
   size = xMessageBufferReceiveFromISR(xMsgBuffer, payload, sizeof(payload), pdMS_TO_TICKS(20));
                                                                             ^~~~~~~~~~~~~
In file included from ../../freertos10_xilinx_bsp_0/ps7_cortexa9_0/include/message_buffer.h:66,
                 from ../src/main.h:31,
                 from ../src/main.c:10:
../../freertos10_xilinx_bsp_0/ps7_cortexa9_0/include/stream_buffer.h:587:29: note: expected 'BaseType_t * const' {aka 'long int * const'} but argument is of type 'long unsigned int'
          BaseType_t * const pxHigherPriorityTaskWoken ) PRIVILEGED_FUNCTION;
          ~~~~~~~~~~~~~~~~~~~^~~~~~~~~~~~~~~~~~~~~~~~~
../src/main.c: In function 'vTcpStatTask':
../src/main.c:119:29: warning: initialization of 'TickType_t' {aka 'const long unsigned int'} from 'TickType_t (*)(void)' {aka 'long unsigned int (*)(void)'} makes integer from pointer without a cast [-Wint-conversion]
  const TickType_t wike_up = xTaskGetTickCount;
                             ^~~~~~~~~~~~~~~~~
../src/main.c:120:19: warning: unused variable 'monitor_interval' [-Wunused-variable]
  const TickType_t monitor_interval = pdMS_TO_TICKS(3000);
                   ^~~~~~~~~~~~~~~~
../src/main.c:119:19: warning: unused variable 'wike_up' [-Wunused-variable]
  const TickType_t wike_up = xTaskGetTickCount;
                   ^~~~~~~
../src/main.c: In function 'x1emacif_input_thread':
../src/main.c:130:9: warning: implicit declaration of function 'xemacif_input'; did you mean 'netif_input'? [-Wimplicit-function-declaration]
         xemacif_input(netif);
         ^~~~~~~~~~~~~
         netif_input
'Finished building: ../src/main.c'
' '
'Building target: 123.elf'
'Invoking: ARM v7 gcc linker'
arm-none-eabi-gcc -mcpu=cortex-a9 -mfpu=vfpv3 -mfloat-abi=hard -Wl,-build-id=none -specs=Xilinx.spec -Wl,-T -Wl,../src/lscript.ld -L../../freertos10_xilinx_bsp_0/ps7_cortexa9_0/lib -o "123.elf"  ./src/IntQueueTimer.o ./src/cpu1_init.o ./src/lwip.o ./src/main.o ./src/platform.o ./src/tcp_stack.o ./src/udp_stack.o   -Wl,--start-group,-lxil,-lfreertos,-lgcc,-lc,--end-group -Wl,--start-group,-lxil,-llwip4,-lgcc,-lc,--end-group
'Finished building target: 123.elf'
' '
'Invoking: ARM v7 Print Size'
arm-none-eabi-size 123.elf  |tee "123.elf.size"
   text	   data	    bss	    dec	    hex	filename
 164300	  11700	2152752	2328752	 2388b0	123.elf
'Finished building: 123.elf.size'
' '
15:35:16 **** Incremental Build of configuration Debug for project 123 ****
make pre-build main-build 
a9-linaro-pre-build-step
' '
make: Nothing to be done for 'main-build'.
15:37:28 **** Auto Build of configuration Debug for project 123 ****
make pre-build main-build 
a9-linaro-pre-build-step
' '
'Building file: ../src/tcp_stack.c'
'Invoking: ARM v7 gcc compiler'
arm-none-eabi-gcc -Wall -O0 -g3 -c -fmessage-length=0 -MT"src/tcp_stack.o" -mcpu=cortex-a9 -mfpu=vfpv3 -mfloat-abi=hard -I../../freertos10_xilinx_bsp_0/ps7_cortexa9_0/include -MMD -MP -MF"src/tcp_stack.d" -MT"src/tcp_stack.o" -o "src/tcp_stack.o" "../src/tcp_stack.c"
../src/tcp_stack.c: In function 'create_tcp_monitor':
../src/tcp_stack.c:11:5: warning: implicit declaration of function 'memset' [-Wimplicit-function-declaration]
     memset(monitor, 0, sizeof(tcp_monitor_t));
     ^~~~~~
../src/tcp_stack.c:11:5: warning: incompatible implicit declaration of built-in function 'memset'
../src/tcp_stack.c:11:5: note: include '<string.h>' or provide a declaration of 'memset'
../src/tcp_stack.c:2:1:
+#include <string.h>
 
../src/tcp_stack.c:11:5:
     memset(monitor, 0, sizeof(tcp_monitor_t));
     ^~~~~~
../src/tcp_stack.c:14:30: warning: implicit declaration of function 'xTaskGetTickCount' [-Wimplicit-function-declaration]
     monitor->creation_time = xTaskGetTickCount();
                              ^~~~~~~~~~~~~~~~~
../src/tcp_stack.c:23:13: warning: implicit declaration of function 'strcpy' [-Wimplicit-function-declaration]
             strcpy(monitor->remote_ip_str, "0.0.0.0");
             ^~~~~~
../src/tcp_stack.c:23:13: warning: incompatible implicit declaration of built-in function 'strcpy'
../src/tcp_stack.c:23:13: note: include '<string.h>' or provide a declaration of 'strcpy'
../src/tcp_stack.c: In function 'update_monitor':
../src/tcp_stack.c:32:9: warning: 'return' with no value, in function returning non-void
         return;
         ^~~~~~
../src/tcp_stack.c:29:7: note: declared here
 err_t update_monitor(tcp_monitor_t *monitor){
       ^~~~~~~~~~~~~~
../src/tcp_stack.c: In function 'print_status':
../src/tcp_stack.c:44:9: warning: 'return' with no value, in function returning non-void
         return;
         ^~~~~~
../src/tcp_stack.c:42:7: note: declared here
 err_t print_status(tcp_monitor_t *monitor){
       ^~~~~~~~~~~~
../src/tcp_stack.c:46:5: warning: implicit declaration of function 'xil_printf'; did you mean 'viprintf'? [-Wimplicit-function-declaration]
     xil_printf("\n======== TCP Connection Monitor ========\n");
     ^~~~~~~~~~
     viprintf
'Finished building: ../src/tcp_stack.c'
' '
'Building target: 123.elf'
'Invoking: ARM v7 gcc linker'
arm-none-eabi-gcc -mcpu=cortex-a9 -mfpu=vfpv3 -mfloat-abi=hard -Wl,-build-id=none -specs=Xilinx.spec -Wl,-T -Wl,../src/lscript.ld -L../../freertos10_xilinx_bsp_0/ps7_cortexa9_0/lib -o "123.elf"  ./src/IntQueueTimer.o ./src/cpu1_init.o ./src/lwip.o ./src/main.o ./src/platform.o ./src/tcp_stack.o ./src/udp_stack.o   -Wl,--start-group,-lxil,-lfreertos,-lgcc,-lc,--end-group -Wl,--start-group,-lxil,-llwip4,-lgcc,-lc,--end-group
'Finished building target: 123.elf'
' '
'Invoking: ARM v7 Print Size'
arm-none-eabi-size 123.elf  |tee "123.elf.size"
   text	   data	    bss	    dec	    hex	filename
 164300	  11700	2152752	2328752	 2388b0	123.elf
'Finished building: 123.elf.size'
' '
15:37:31 **** Incremental Build of configuration Debug for project 123 ****
make pre-build main-build 
a9-linaro-pre-build-step
' '
make: Nothing to be done for 'main-build'.
15:38:34 **** Auto Build of configuration Debug for project 123 ****
make pre-build main-build 
a9-linaro-pre-build-step
' '
'Building file: ../src/lwip.c'
'Invoking: ARM v7 gcc compiler'
arm-none-eabi-gcc -Wall -O0 -g3 -c -fmessage-length=0 -MT"src/lwip.o" -mcpu=cortex-a9 -mfpu=vfpv3 -mfloat-abi=hard -I../../freertos10_xilinx_bsp_0/ps7_cortexa9_0/include -MMD -MP -MF"src/lwip.d" -MT"src/lwip.o" -o "src/lwip.o" "../src/lwip.c"
../src/lwip.c: In function 'lwip_network_setup':
../src/lwip.c:23:10: warning: implicit declaration of function 'xemac_add'; did you mean 'netif_add'? [-Wimplicit-function-declaration]
     if (!xemac_add(&server_netif, &ipaddr, &netmask, &gw, mac, XPAR_XEMACPS_0_BASEADDR))
          ^~~~~~~~~
          netif_add
../src/lwip.c: In function 'udp_package_send':
../src/lwip.c:57:8: warning: unused variable 'err' [-Wunused-variable]
  err_t err = send_udp_data(sender);
        ^~~
../src/lwip.c: In function 'parse_msg':
../src/lwip.c:150:11: warning: unused variable 'test_tetrada' [-Wunused-variable]
   uint8_t test_tetrada = 0x0F;
           ^~~~~~~~~~~~
../src/lwip.c: In function 'state_tcp_connection':
../src/lwip.c:94:1: warning: control reaches end of non-void function [-Wreturn-type]
 }
 ^
'Finished building: ../src/lwip.c'
' '
'Building target: 123.elf'
'Invoking: ARM v7 gcc linker'
arm-none-eabi-gcc -mcpu=cortex-a9 -mfpu=vfpv3 -mfloat-abi=hard -Wl,-build-id=none -specs=Xilinx.spec -Wl,-T -Wl,../src/lscript.ld -L../../freertos10_xilinx_bsp_0/ps7_cortexa9_0/lib -o "123.elf"  ./src/IntQueueTimer.o ./src/cpu1_init.o ./src/lwip.o ./src/main.o ./src/platform.o ./src/tcp_stack.o ./src/udp_stack.o   -Wl,--start-group,-lxil,-lfreertos,-lgcc,-lc,--end-group -Wl,--start-group,-lxil,-llwip4,-lgcc,-lc,--end-group
'Finished building target: 123.elf'
' '
'Invoking: ARM v7 Print Size'
arm-none-eabi-size 123.elf  |tee "123.elf.size"
   text	   data	    bss	    dec	    hex	filename
 164364	  11700	2152752	2328816	 2388f0	123.elf
'Finished building: 123.elf.size'
' '
15:38:38 **** Incremental Build of configuration Debug for project 123 ****
make pre-build main-build 
a9-linaro-pre-build-step
' '
make: Nothing to be done for 'main-build'.
15:39:23 **** Auto Build of configuration Debug for project 123 ****
make pre-build main-build 
a9-linaro-pre-build-step
' '
'Building file: ../src/lwip.c'
'Invoking: ARM v7 gcc compiler'
arm-none-eabi-gcc -Wall -O0 -g3 -c -fmessage-length=0 -MT"src/lwip.o" -mcpu=cortex-a9 -mfpu=vfpv3 -mfloat-abi=hard -I../../freertos10_xilinx_bsp_0/ps7_cortexa9_0/include -MMD -MP -MF"src/lwip.d" -MT"src/lwip.o" -o "src/lwip.o" "../src/lwip.c"
../src/lwip.c: In function 'lwip_network_setup':
../src/lwip.c:23:10: warning: implicit declaration of function 'xemac_add'; did you mean 'netif_add'? [-Wimplicit-function-declaration]
     if (!xemac_add(&server_netif, &ipaddr, &netmask, &gw, mac, XPAR_XEMACPS_0_BASEADDR))
          ^~~~~~~~~
          netif_add
../src/lwip.c: In function 'udp_package_send':
../src/lwip.c:57:8: warning: unused variable 'err' [-Wunused-variable]
  err_t err = send_udp_data(sender);
        ^~~
../src/lwip.c: In function 'parse_msg':
../src/lwip.c:150:11: warning: unused variable 'test_tetrada' [-Wunused-variable]
   uint8_t test_tetrada = 0x0F;
           ^~~~~~~~~~~~
../src/lwip.c: In function 'state_tcp_connection':
../src/lwip.c:94:1: warning: control reaches end of non-void function [-Wreturn-type]
 }
 ^
'Finished building: ../src/lwip.c'
' '
'Building target: 123.elf'
'Invoking: ARM v7 gcc linker'
arm-none-eabi-gcc -mcpu=cortex-a9 -mfpu=vfpv3 -mfloat-abi=hard -Wl,-build-id=none -specs=Xilinx.spec -Wl,-T -Wl,../src/lscript.ld -L../../freertos10_xilinx_bsp_0/ps7_cortexa9_0/lib -o "123.elf"  ./src/IntQueueTimer.o ./src/cpu1_init.o ./src/lwip.o ./src/main.o ./src/platform.o ./src/tcp_stack.o ./src/udp_stack.o   -Wl,--start-group,-lxil,-lfreertos,-lgcc,-lc,--end-group -Wl,--start-group,-lxil,-llwip4,-lgcc,-lc,--end-group
'Finished building target: 123.elf'
' '
'Invoking: ARM v7 Print Size'
arm-none-eabi-size 123.elf  |tee "123.elf.size"
   text	   data	    bss	    dec	    hex	filename
 164364	  11700	2152752	2328816	 2388f0	123.elf
'Finished building: 123.elf.size'
' '
15:39:29 **** Incremental Build of configuration Debug for project 123 ****
make pre-build main-build 
a9-linaro-pre-build-step
' '
make: Nothing to be done for 'main-build'.
15:41:26 **** Auto Build of configuration Debug for project 123 ****
make pre-build main-build 
a9-linaro-pre-build-step
' '
'Building file: ../src/main.c'
'Invoking: ARM v7 gcc compiler'
arm-none-eabi-gcc -Wall -O0 -g3 -c -fmessage-length=0 -MT"src/main.o" -mcpu=cortex-a9 -mfpu=vfpv3 -mfloat-abi=hard -I../../freertos10_xilinx_bsp_0/ps7_cortexa9_0/include -MMD -MP -MF"src/main.d" -MT"src/main.o" -o "src/main.o" "../src/main.c"
../src/main.c: In function 'network_init_task':
../src/main.c:35:87: warning: passing argument 6 of 'xTaskCreate' discards 'volatile' qualifier from pointer target type [-Wdiscarded-qualifiers]
   xTaskCreate(udp_send_task, "UDP SEND Task", THREAD_STACKSIZE, NULL, UDP_TASK_PRIO,  &xIrqTaskHandle);
                                                                                       ^~~~~~~~~~~~~~~
In file included from ../src/main.h:27,
                 from ../src/main.c:10:
../../freertos10_xilinx_bsp_0/ps7_cortexa9_0/include/task.h:327:29: note: expected 'struct tskTaskControlBlock ** const' but argument is of type 'struct tskTaskControlBlock * volatile*'
        TaskHandle_t * const pxCreatedTask ) PRIVILEGED_FUNCTION;
        ~~~~~~~~~~~~~~~~~~~~~^~~~~~~~~~~~~
../src/main.c:39:90: warning: passing argument 6 of 'xTaskCreate' discards 'volatile' qualifier from pointer target type [-Wdiscarded-qualifiers]
   xTaskCreate(tcp_parse_task, "TCP PARSE Task", THREAD_STACKSIZE, NULL, TCP_PARSE_PRIO,  &xTcpParseTaskHandle);
                                                                                          ^~~~~~~~~~~~~~~~~~~~
In file included from ../src/main.h:27,
                 from ../src/main.c:10:
../../freertos10_xilinx_bsp_0/ps7_cortexa9_0/include/task.h:327:29: note: expected 'struct tskTaskControlBlock ** const' but argument is of type 'struct tskTaskControlBlock * volatile*'
        TaskHandle_t * const pxCreatedTask ) PRIVILEGED_FUNCTION;
        ~~~~~~~~~~~~~~~~~~~~~^~~~~~~~~~~~~
In file included from ../src/main.h:31,
                 from ../src/main.c:10:
../src/main.c: In function 'tcp_parse_task':
../../freertos10_xilinx_bsp_0/ps7_cortexa9_0/include/projdefs.h:41:37: warning: passing argument 4 of 'xStreamBufferReceiveFromISR' makes pointer from integer without a cast [-Wint-conversion]
  #define pdMS_TO_TICKS( xTimeInMs ) ( ( TickType_t ) ( ( ( TickType_t ) ( xTimeInMs ) * ( TickType_t ) configTICK_RATE_HZ ) / ( TickType_t ) 1000 ) )
                                     ^~~~~~~~~~~~~~~~~~~~~~~~~~~~~~~~~~~~~~~~~~~~~~~~~~~~~~~~~~~~~~~~~~~~~~~~~~~~~~~~~~~~~~~~~~~~~~~~~~~~~~~~~~~~~~~~~
../../freertos10_xilinx_bsp_0/ps7_cortexa9_0/include/message_buffer.h:596:213: note: in definition of macro 'xMessageBufferReceiveFromISR'
 #define xMessageBufferReceiveFromISR( xMessageBuffer, pvRxData, xBufferLengthBytes, pxHigherPriorityTaskWoken ) xStreamBufferReceiveFromISR( ( StreamBufferHandle_t ) xMessageBuffer, pvRxData, xBufferLengthBytes, pxHigherPriorityTaskWoken )
                                                                                                                                                                                                                     ^~~~~~~~~~~~~~~~~~~~~~~~~
../src/main.c:82:77: note: in expansion of macro 'pdMS_TO_TICKS'
   size = xMessageBufferReceiveFromISR(xMsgBuffer, payload, sizeof(payload), pdMS_TO_TICKS(20));
                                                                             ^~~~~~~~~~~~~
In file included from ../../freertos10_xilinx_bsp_0/ps7_cortexa9_0/include/message_buffer.h:66,
                 from ../src/main.h:31,
                 from ../src/main.c:10:
../../freertos10_xilinx_bsp_0/ps7_cortexa9_0/include/stream_buffer.h:587:29: note: expected 'BaseType_t * const' {aka 'long int * const'} but argument is of type 'long unsigned int'
          BaseType_t * const pxHigherPriorityTaskWoken ) PRIVILEGED_FUNCTION;
          ~~~~~~~~~~~~~~~~~~~^~~~~~~~~~~~~~~~~~~~~~~~~
../src/main.c: In function 'vTcpStatTask':
../src/main.c:119:29: warning: initialization of 'TickType_t' {aka 'const long unsigned int'} from 'TickType_t (*)(void)' {aka 'long unsigned int (*)(void)'} makes integer from pointer without a cast [-Wint-conversion]
  const TickType_t wike_up = xTaskGetTickCount;
                             ^~~~~~~~~~~~~~~~~
../src/main.c:120:19: warning: unused variable 'monitor_interval' [-Wunused-variable]
  const TickType_t monitor_interval = pdMS_TO_TICKS(3000);
                   ^~~~~~~~~~~~~~~~
../src/main.c:119:19: warning: unused variable 'wike_up' [-Wunused-variable]
  const TickType_t wike_up = xTaskGetTickCount;
                   ^~~~~~~
../src/main.c: In function 'x1emacif_input_thread':
../src/main.c:134:9: warning: implicit declaration of function 'xemacif_input'; did you mean 'netif_input'? [-Wimplicit-function-declaration]
         xemacif_input(netif);
         ^~~~~~~~~~~~~
         netif_input
'Finished building: ../src/main.c'
' '
'Building target: 123.elf'
'Invoking: ARM v7 gcc linker'
arm-none-eabi-gcc -mcpu=cortex-a9 -mfpu=vfpv3 -mfloat-abi=hard -Wl,-build-id=none -specs=Xilinx.spec -Wl,-T -Wl,../src/lscript.ld -L../../freertos10_xilinx_bsp_0/ps7_cortexa9_0/lib -o "123.elf"  ./src/IntQueueTimer.o ./src/cpu1_init.o ./src/lwip.o ./src/main.o ./src/platform.o ./src/tcp_stack.o ./src/udp_stack.o   -Wl,--start-group,-lxil,-lfreertos,-lgcc,-lc,--end-group -Wl,--start-group,-lxil,-llwip4,-lgcc,-lc,--end-group
'Finished building target: 123.elf'
' '
'Invoking: ARM v7 Print Size'
arm-none-eabi-size 123.elf  |tee "123.elf.size"
   text	   data	    bss	    dec	    hex	filename
 164364	  11700	2152752	2328816	 2388f0	123.elf
'Finished building: 123.elf.size'
' '
15:41:30 **** Incremental Build of configuration Debug for project 123 ****
make pre-build main-build 
a9-linaro-pre-build-step
' '
make: Nothing to be done for 'main-build'.
15:47:01 **** Auto Build of configuration Debug for project 123 ****
make pre-build main-build 
a9-linaro-pre-build-step
' '
'Building file: ../src/main.c'
'Invoking: ARM v7 gcc compiler'
arm-none-eabi-gcc -Wall -O0 -g3 -c -fmessage-length=0 -MT"src/main.o" -mcpu=cortex-a9 -mfpu=vfpv3 -mfloat-abi=hard -I../../freertos10_xilinx_bsp_0/ps7_cortexa9_0/include -MMD -MP -MF"src/main.d" -MT"src/main.o" -o "src/main.o" "../src/main.c"
../src/main.c: In function 'network_init_task':
../src/main.c:35:87: warning: passing argument 6 of 'xTaskCreate' discards 'volatile' qualifier from pointer target type [-Wdiscarded-qualifiers]
   xTaskCreate(udp_send_task, "UDP SEND Task", THREAD_STACKSIZE, NULL, UDP_TASK_PRIO,  &xIrqTaskHandle);
                                                                                       ^~~~~~~~~~~~~~~
In file included from ../src/main.h:27,
                 from ../src/main.c:10:
../../freertos10_xilinx_bsp_0/ps7_cortexa9_0/include/task.h:327:29: note: expected 'struct tskTaskControlBlock ** const' but argument is of type 'struct tskTaskControlBlock * volatile*'
        TaskHandle_t * const pxCreatedTask ) PRIVILEGED_FUNCTION;
        ~~~~~~~~~~~~~~~~~~~~~^~~~~~~~~~~~~
../src/main.c:39:90: warning: passing argument 6 of 'xTaskCreate' discards 'volatile' qualifier from pointer target type [-Wdiscarded-qualifiers]
   xTaskCreate(tcp_parse_task, "TCP PARSE Task", THREAD_STACKSIZE, NULL, TCP_PARSE_PRIO,  &xTcpParseTaskHandle);
                                                                                          ^~~~~~~~~~~~~~~~~~~~
In file included from ../src/main.h:27,
                 from ../src/main.c:10:
../../freertos10_xilinx_bsp_0/ps7_cortexa9_0/include/task.h:327:29: note: expected 'struct tskTaskControlBlock ** const' but argument is of type 'struct tskTaskControlBlock * volatile*'
        TaskHandle_t * const pxCreatedTask ) PRIVILEGED_FUNCTION;
        ~~~~~~~~~~~~~~~~~~~~~^~~~~~~~~~~~~
In file included from ../src/main.h:31,
                 from ../src/main.c:10:
../src/main.c: In function 'tcp_parse_task':
../../freertos10_xilinx_bsp_0/ps7_cortexa9_0/include/projdefs.h:41:37: warning: passing argument 4 of 'xStreamBufferReceiveFromISR' makes pointer from integer without a cast [-Wint-conversion]
  #define pdMS_TO_TICKS( xTimeInMs ) ( ( TickType_t ) ( ( ( TickType_t ) ( xTimeInMs ) * ( TickType_t ) configTICK_RATE_HZ ) / ( TickType_t ) 1000 ) )
                                     ^~~~~~~~~~~~~~~~~~~~~~~~~~~~~~~~~~~~~~~~~~~~~~~~~~~~~~~~~~~~~~~~~~~~~~~~~~~~~~~~~~~~~~~~~~~~~~~~~~~~~~~~~~~~~~~~~
../../freertos10_xilinx_bsp_0/ps7_cortexa9_0/include/message_buffer.h:596:213: note: in definition of macro 'xMessageBufferReceiveFromISR'
 #define xMessageBufferReceiveFromISR( xMessageBuffer, pvRxData, xBufferLengthBytes, pxHigherPriorityTaskWoken ) xStreamBufferReceiveFromISR( ( StreamBufferHandle_t ) xMessageBuffer, pvRxData, xBufferLengthBytes, pxHigherPriorityTaskWoken )
                                                                                                                                                                                                                     ^~~~~~~~~~~~~~~~~~~~~~~~~
../src/main.c:82:77: note: in expansion of macro 'pdMS_TO_TICKS'
   size = xMessageBufferReceiveFromISR(xMsgBuffer, payload, sizeof(payload), pdMS_TO_TICKS(20));
                                                                             ^~~~~~~~~~~~~
In file included from ../../freertos10_xilinx_bsp_0/ps7_cortexa9_0/include/message_buffer.h:66,
                 from ../src/main.h:31,
                 from ../src/main.c:10:
../../freertos10_xilinx_bsp_0/ps7_cortexa9_0/include/stream_buffer.h:587:29: note: expected 'BaseType_t * const' {aka 'long int * const'} but argument is of type 'long unsigned int'
          BaseType_t * const pxHigherPriorityTaskWoken ) PRIVILEGED_FUNCTION;
          ~~~~~~~~~~~~~~~~~~~^~~~~~~~~~~~~~~~~~~~~~~~~
../src/main.c: In function 'vTcpStatTask':
../src/main.c:119:29: warning: initialization of 'TickType_t' {aka 'const long unsigned int'} from 'TickType_t (*)(void)' {aka 'long unsigned int (*)(void)'} makes integer from pointer without a cast [-Wint-conversion]
  const TickType_t wike_up = xTaskGetTickCount;
                             ^~~~~~~~~~~~~~~~~
../src/main.c:120:19: warning: unused variable 'monitor_interval' [-Wunused-variable]
  const TickType_t monitor_interval = pdMS_TO_TICKS(3000);
                   ^~~~~~~~~~~~~~~~
../src/main.c:119:19: warning: unused variable 'wike_up' [-Wunused-variable]
  const TickType_t wike_up = xTaskGetTickCount;
                   ^~~~~~~
../src/main.c: In function 'x1emacif_input_thread':
../src/main.c:134:9: warning: implicit declaration of function 'xemacif_input'; did you mean 'netif_input'? [-Wimplicit-function-declaration]
         xemacif_input(netif);
         ^~~~~~~~~~~~~
         netif_input
'Finished building: ../src/main.c'
' '
'Building target: 123.elf'
'Invoking: ARM v7 gcc linker'
arm-none-eabi-gcc -mcpu=cortex-a9 -mfpu=vfpv3 -mfloat-abi=hard -Wl,-build-id=none -specs=Xilinx.spec -Wl,-T -Wl,../src/lscript.ld -L../../freertos10_xilinx_bsp_0/ps7_cortexa9_0/lib -o "123.elf"  ./src/IntQueueTimer.o ./src/cpu1_init.o ./src/lwip.o ./src/main.o ./src/platform.o ./src/tcp_stack.o ./src/udp_stack.o   -Wl,--start-group,-lxil,-lfreertos,-lgcc,-lc,--end-group -Wl,--start-group,-lxil,-llwip4,-lgcc,-lc,--end-group
'Finished building target: 123.elf'
' '
'Invoking: ARM v7 Print Size'
arm-none-eabi-size 123.elf  |tee "123.elf.size"
   text	   data	    bss	    dec	    hex	filename
 164300	  11700	2152752	2328752	 2388b0	123.elf
'Finished building: 123.elf.size'
' '
15:47:04 **** Incremental Build of configuration Debug for project 123 ****
make pre-build main-build 
a9-linaro-pre-build-step
' '
make: Nothing to be done for 'main-build'.
15:51:04 **** Auto Build of configuration Debug for project 123 ****
make pre-build main-build 
a9-linaro-pre-build-step
' '
'Building file: ../src/main.c'
'Invoking: ARM v7 gcc compiler'
arm-none-eabi-gcc -Wall -O0 -g3 -c -fmessage-length=0 -MT"src/main.o" -mcpu=cortex-a9 -mfpu=vfpv3 -mfloat-abi=hard -I../../freertos10_xilinx_bsp_0/ps7_cortexa9_0/include -MMD -MP -MF"src/main.d" -MT"src/main.o" -o "src/main.o" "../src/main.c"
../src/main.c: In function 'network_init_task':
../src/main.c:36:87: warning: passing argument 6 of 'xTaskCreate' discards 'volatile' qualifier from pointer target type [-Wdiscarded-qualifiers]
   xTaskCreate(udp_send_task, "UDP SEND Task", THREAD_STACKSIZE, NULL, UDP_TASK_PRIO,  &xIrqTaskHandle);
                                                                                       ^~~~~~~~~~~~~~~
In file included from ../src/main.h:27,
                 from ../src/main.c:10:
../../freertos10_xilinx_bsp_0/ps7_cortexa9_0/include/task.h:327:29: note: expected 'struct tskTaskControlBlock ** const' but argument is of type 'struct tskTaskControlBlock * volatile*'
        TaskHandle_t * const pxCreatedTask ) PRIVILEGED_FUNCTION;
        ~~~~~~~~~~~~~~~~~~~~~^~~~~~~~~~~~~
../src/main.c:39:90: warning: passing argument 6 of 'xTaskCreate' discards 'volatile' qualifier from pointer target type [-Wdiscarded-qualifiers]
   xTaskCreate(tcp_parse_task, "TCP PARSE Task", THREAD_STACKSIZE, NULL, TCP_PARSE_PRIO,  &xTcpParseTaskHandle);
                                                                                          ^~~~~~~~~~~~~~~~~~~~
In file included from ../src/main.h:27,
                 from ../src/main.c:10:
../../freertos10_xilinx_bsp_0/ps7_cortexa9_0/include/task.h:327:29: note: expected 'struct tskTaskControlBlock ** const' but argument is of type 'struct tskTaskControlBlock * volatile*'
        TaskHandle_t * const pxCreatedTask ) PRIVILEGED_FUNCTION;
        ~~~~~~~~~~~~~~~~~~~~~^~~~~~~~~~~~~
In file included from ../src/main.h:31,
                 from ../src/main.c:10:
../src/main.c: In function 'tcp_parse_task':
../../freertos10_xilinx_bsp_0/ps7_cortexa9_0/include/projdefs.h:41:37: warning: passing argument 4 of 'xStreamBufferReceiveFromISR' makes pointer from integer without a cast [-Wint-conversion]
  #define pdMS_TO_TICKS( xTimeInMs ) ( ( TickType_t ) ( ( ( TickType_t ) ( xTimeInMs ) * ( TickType_t ) configTICK_RATE_HZ ) / ( TickType_t ) 1000 ) )
                                     ^~~~~~~~~~~~~~~~~~~~~~~~~~~~~~~~~~~~~~~~~~~~~~~~~~~~~~~~~~~~~~~~~~~~~~~~~~~~~~~~~~~~~~~~~~~~~~~~~~~~~~~~~~~~~~~~~
../../freertos10_xilinx_bsp_0/ps7_cortexa9_0/include/message_buffer.h:596:213: note: in definition of macro 'xMessageBufferReceiveFromISR'
 #define xMessageBufferReceiveFromISR( xMessageBuffer, pvRxData, xBufferLengthBytes, pxHigherPriorityTaskWoken ) xStreamBufferReceiveFromISR( ( StreamBufferHandle_t ) xMessageBuffer, pvRxData, xBufferLengthBytes, pxHigherPriorityTaskWoken )
                                                                                                                                                                                                                     ^~~~~~~~~~~~~~~~~~~~~~~~~
../src/main.c:82:77: note: in expansion of macro 'pdMS_TO_TICKS'
   size = xMessageBufferReceiveFromISR(xMsgBuffer, payload, sizeof(payload), pdMS_TO_TICKS(20));
                                                                             ^~~~~~~~~~~~~
In file included from ../../freertos10_xilinx_bsp_0/ps7_cortexa9_0/include/message_buffer.h:66,
                 from ../src/main.h:31,
                 from ../src/main.c:10:
../../freertos10_xilinx_bsp_0/ps7_cortexa9_0/include/stream_buffer.h:587:29: note: expected 'BaseType_t * const' {aka 'long int * const'} but argument is of type 'long unsigned int'
          BaseType_t * const pxHigherPriorityTaskWoken ) PRIVILEGED_FUNCTION;
          ~~~~~~~~~~~~~~~~~~~^~~~~~~~~~~~~~~~~~~~~~~~~
../src/main.c: In function 'vTcpStatTask':
../src/main.c:119:29: warning: initialization of 'TickType_t' {aka 'const long unsigned int'} from 'TickType_t (*)(void)' {aka 'long unsigned int (*)(void)'} makes integer from pointer without a cast [-Wint-conversion]
  const TickType_t wike_up = xTaskGetTickCount;
                             ^~~~~~~~~~~~~~~~~
../src/main.c:120:19: warning: unused variable 'monitor_interval' [-Wunused-variable]
  const TickType_t monitor_interval = pdMS_TO_TICKS(3000);
                   ^~~~~~~~~~~~~~~~
../src/main.c:119:19: warning: unused variable 'wike_up' [-Wunused-variable]
  const TickType_t wike_up = xTaskGetTickCount;
                   ^~~~~~~
../src/main.c: In function 'x1emacif_input_thread':
../src/main.c:134:9: warning: implicit declaration of function 'xemacif_input'; did you mean 'netif_input'? [-Wimplicit-function-declaration]
         xemacif_input(netif);
         ^~~~~~~~~~~~~
         netif_input
'Finished building: ../src/main.c'
' '
'Building target: 123.elf'
'Invoking: ARM v7 gcc linker'
arm-none-eabi-gcc -mcpu=cortex-a9 -mfpu=vfpv3 -mfloat-abi=hard -Wl,-build-id=none -specs=Xilinx.spec -Wl,-T -Wl,../src/lscript.ld -L../../freertos10_xilinx_bsp_0/ps7_cortexa9_0/lib -o "123.elf"  ./src/IntQueueTimer.o ./src/cpu1_init.o ./src/lwip.o ./src/main.o ./src/platform.o ./src/tcp_stack.o ./src/udp_stack.o   -Wl,--start-group,-lxil,-lfreertos,-lgcc,-lc,--end-group -Wl,--start-group,-lxil,-llwip4,-lgcc,-lc,--end-group
'Finished building target: 123.elf'
' '
'Invoking: ARM v7 Print Size'
arm-none-eabi-size 123.elf  |tee "123.elf.size"
   text	   data	    bss	    dec	    hex	filename
 164300	  11700	2152752	2328752	 2388b0	123.elf
'Finished building: 123.elf.size'
' '
15:51:19 **** Incremental Build of configuration Debug for project 123 ****
make pre-build main-build 
a9-linaro-pre-build-step
' '
make: Nothing to be done for 'main-build'.
15:52:49 **** Auto Build of configuration Debug for project 123 ****
make pre-build main-build 
a9-linaro-pre-build-step
' '
'Building file: ../src/main.c'
'Invoking: ARM v7 gcc compiler'
arm-none-eabi-gcc -Wall -O0 -g3 -c -fmessage-length=0 -MT"src/main.o" -mcpu=cortex-a9 -mfpu=vfpv3 -mfloat-abi=hard -I../../freertos10_xilinx_bsp_0/ps7_cortexa9_0/include -MMD -MP -MF"src/main.d" -MT"src/main.o" -o "src/main.o" "../src/main.c"
../src/main.c: In function 'network_init_task':
../src/main.c:36:87: warning: passing argument 6 of 'xTaskCreate' discards 'volatile' qualifier from pointer target type [-Wdiscarded-qualifiers]
   xTaskCreate(udp_send_task, "UDP SEND Task", THREAD_STACKSIZE, NULL, UDP_TASK_PRIO,  &xIrqTaskHandle);
                                                                                       ^~~~~~~~~~~~~~~
In file included from ../src/main.h:27,
                 from ../src/main.c:10:
../../freertos10_xilinx_bsp_0/ps7_cortexa9_0/include/task.h:327:29: note: expected 'struct tskTaskControlBlock ** const' but argument is of type 'struct tskTaskControlBlock * volatile*'
        TaskHandle_t * const pxCreatedTask ) PRIVILEGED_FUNCTION;
        ~~~~~~~~~~~~~~~~~~~~~^~~~~~~~~~~~~
../src/main.c:39:90: warning: passing argument 6 of 'xTaskCreate' discards 'volatile' qualifier from pointer target type [-Wdiscarded-qualifiers]
   xTaskCreate(tcp_parse_task, "TCP PARSE Task", THREAD_STACKSIZE, NULL, TCP_PARSE_PRIO,  &xTcpParseTaskHandle);
                                                                                          ^~~~~~~~~~~~~~~~~~~~
In file included from ../src/main.h:27,
                 from ../src/main.c:10:
../../freertos10_xilinx_bsp_0/ps7_cortexa9_0/include/task.h:327:29: note: expected 'struct tskTaskControlBlock ** const' but argument is of type 'struct tskTaskControlBlock * volatile*'
        TaskHandle_t * const pxCreatedTask ) PRIVILEGED_FUNCTION;
        ~~~~~~~~~~~~~~~~~~~~~^~~~~~~~~~~~~
In file included from ../src/main.h:31,
                 from ../src/main.c:10:
../src/main.c: In function 'tcp_parse_task':
../../freertos10_xilinx_bsp_0/ps7_cortexa9_0/include/projdefs.h:41:37: warning: passing argument 4 of 'xStreamBufferReceiveFromISR' makes pointer from integer without a cast [-Wint-conversion]
  #define pdMS_TO_TICKS( xTimeInMs ) ( ( TickType_t ) ( ( ( TickType_t ) ( xTimeInMs ) * ( TickType_t ) configTICK_RATE_HZ ) / ( TickType_t ) 1000 ) )
                                     ^~~~~~~~~~~~~~~~~~~~~~~~~~~~~~~~~~~~~~~~~~~~~~~~~~~~~~~~~~~~~~~~~~~~~~~~~~~~~~~~~~~~~~~~~~~~~~~~~~~~~~~~~~~~~~~~~
../../freertos10_xilinx_bsp_0/ps7_cortexa9_0/include/message_buffer.h:596:213: note: in definition of macro 'xMessageBufferReceiveFromISR'
 #define xMessageBufferReceiveFromISR( xMessageBuffer, pvRxData, xBufferLengthBytes, pxHigherPriorityTaskWoken ) xStreamBufferReceiveFromISR( ( StreamBufferHandle_t ) xMessageBuffer, pvRxData, xBufferLengthBytes, pxHigherPriorityTaskWoken )
                                                                                                                                                                                                                     ^~~~~~~~~~~~~~~~~~~~~~~~~
../src/main.c:82:77: note: in expansion of macro 'pdMS_TO_TICKS'
   size = xMessageBufferReceiveFromISR(xMsgBuffer, payload, sizeof(payload), pdMS_TO_TICKS(20));
                                                                             ^~~~~~~~~~~~~
In file included from ../../freertos10_xilinx_bsp_0/ps7_cortexa9_0/include/message_buffer.h:66,
                 from ../src/main.h:31,
                 from ../src/main.c:10:
../../freertos10_xilinx_bsp_0/ps7_cortexa9_0/include/stream_buffer.h:587:29: note: expected 'BaseType_t * const' {aka 'long int * const'} but argument is of type 'long unsigned int'
          BaseType_t * const pxHigherPriorityTaskWoken ) PRIVILEGED_FUNCTION;
          ~~~~~~~~~~~~~~~~~~~^~~~~~~~~~~~~~~~~~~~~~~~~
../src/main.c: In function 'vTcpStatTask':
../src/main.c:119:29: warning: initialization of 'TickType_t' {aka 'const long unsigned int'} from 'TickType_t (*)(void)' {aka 'long unsigned int (*)(void)'} makes integer from pointer without a cast [-Wint-conversion]
  const TickType_t wike_up = xTaskGetTickCount;
                             ^~~~~~~~~~~~~~~~~
../src/main.c:119:19: warning: unused variable 'wike_up' [-Wunused-variable]
  const TickType_t wike_up = xTaskGetTickCount;
                   ^~~~~~~
../src/main.c: In function 'x1emacif_input_thread':
../src/main.c:134:9: warning: implicit declaration of function 'xemacif_input'; did you mean 'netif_input'? [-Wimplicit-function-declaration]
         xemacif_input(netif);
         ^~~~~~~~~~~~~
         netif_input
'Finished building: ../src/main.c'
' '
'Building target: 123.elf'
'Invoking: ARM v7 gcc linker'
arm-none-eabi-gcc -mcpu=cortex-a9 -mfpu=vfpv3 -mfloat-abi=hard -Wl,-build-id=none -specs=Xilinx.spec -Wl,-T -Wl,../src/lscript.ld -L../../freertos10_xilinx_bsp_0/ps7_cortexa9_0/lib -o "123.elf"  ./src/IntQueueTimer.o ./src/cpu1_init.o ./src/lwip.o ./src/main.o ./src/platform.o ./src/tcp_stack.o ./src/udp_stack.o   -Wl,--start-group,-lxil,-lfreertos,-lgcc,-lc,--end-group -Wl,--start-group,-lxil,-llwip4,-lgcc,-lc,--end-group
'Finished building target: 123.elf'
' '
'Invoking: ARM v7 Print Size'
arm-none-eabi-size 123.elf  |tee "123.elf.size"
   text	   data	    bss	    dec	    hex	filename
 164300	  11700	2152752	2328752	 2388b0	123.elf
'Finished building: 123.elf.size'
' '
15:52:54 **** Incremental Build of configuration Debug for project 123 ****
make pre-build main-build 
a9-linaro-pre-build-step
' '
make: Nothing to be done for 'main-build'.
15:53:26 **** Auto Build of configuration Debug for project 123 ****
make pre-build main-build 
a9-linaro-pre-build-step
' '
'Building file: ../src/main.c'
'Invoking: ARM v7 gcc compiler'
arm-none-eabi-gcc -Wall -O0 -g3 -c -fmessage-length=0 -MT"src/main.o" -mcpu=cortex-a9 -mfpu=vfpv3 -mfloat-abi=hard -I../../freertos10_xilinx_bsp_0/ps7_cortexa9_0/include -MMD -MP -MF"src/main.d" -MT"src/main.o" -o "src/main.o" "../src/main.c"
../src/main.c: In function 'network_init_task':
../src/main.c:36:87: warning: passing argument 6 of 'xTaskCreate' discards 'volatile' qualifier from pointer target type [-Wdiscarded-qualifiers]
   xTaskCreate(udp_send_task, "UDP SEND Task", THREAD_STACKSIZE, NULL, UDP_TASK_PRIO,  &xIrqTaskHandle);
                                                                                       ^~~~~~~~~~~~~~~
In file included from ../src/main.h:27,
                 from ../src/main.c:10:
../../freertos10_xilinx_bsp_0/ps7_cortexa9_0/include/task.h:327:29: note: expected 'struct tskTaskControlBlock ** const' but argument is of type 'struct tskTaskControlBlock * volatile*'
        TaskHandle_t * const pxCreatedTask ) PRIVILEGED_FUNCTION;
        ~~~~~~~~~~~~~~~~~~~~~^~~~~~~~~~~~~
../src/main.c:39:90: warning: passing argument 6 of 'xTaskCreate' discards 'volatile' qualifier from pointer target type [-Wdiscarded-qualifiers]
   xTaskCreate(tcp_parse_task, "TCP PARSE Task", THREAD_STACKSIZE, NULL, TCP_PARSE_PRIO,  &xTcpParseTaskHandle);
                                                                                          ^~~~~~~~~~~~~~~~~~~~
In file included from ../src/main.h:27,
                 from ../src/main.c:10:
../../freertos10_xilinx_bsp_0/ps7_cortexa9_0/include/task.h:327:29: note: expected 'struct tskTaskControlBlock ** const' but argument is of type 'struct tskTaskControlBlock * volatile*'
        TaskHandle_t * const pxCreatedTask ) PRIVILEGED_FUNCTION;
        ~~~~~~~~~~~~~~~~~~~~~^~~~~~~~~~~~~
In file included from ../src/main.h:31,
                 from ../src/main.c:10:
../src/main.c: In function 'tcp_parse_task':
../../freertos10_xilinx_bsp_0/ps7_cortexa9_0/include/projdefs.h:41:37: warning: passing argument 4 of 'xStreamBufferReceiveFromISR' makes pointer from integer without a cast [-Wint-conversion]
  #define pdMS_TO_TICKS( xTimeInMs ) ( ( TickType_t ) ( ( ( TickType_t ) ( xTimeInMs ) * ( TickType_t ) configTICK_RATE_HZ ) / ( TickType_t ) 1000 ) )
                                     ^~~~~~~~~~~~~~~~~~~~~~~~~~~~~~~~~~~~~~~~~~~~~~~~~~~~~~~~~~~~~~~~~~~~~~~~~~~~~~~~~~~~~~~~~~~~~~~~~~~~~~~~~~~~~~~~~
../../freertos10_xilinx_bsp_0/ps7_cortexa9_0/include/message_buffer.h:596:213: note: in definition of macro 'xMessageBufferReceiveFromISR'
 #define xMessageBufferReceiveFromISR( xMessageBuffer, pvRxData, xBufferLengthBytes, pxHigherPriorityTaskWoken ) xStreamBufferReceiveFromISR( ( StreamBufferHandle_t ) xMessageBuffer, pvRxData, xBufferLengthBytes, pxHigherPriorityTaskWoken )
                                                                                                                                                                                                                     ^~~~~~~~~~~~~~~~~~~~~~~~~
../src/main.c:82:77: note: in expansion of macro 'pdMS_TO_TICKS'
   size = xMessageBufferReceiveFromISR(xMsgBuffer, payload, sizeof(payload), pdMS_TO_TICKS(20));
                                                                             ^~~~~~~~~~~~~
In file included from ../../freertos10_xilinx_bsp_0/ps7_cortexa9_0/include/message_buffer.h:66,
                 from ../src/main.h:31,
                 from ../src/main.c:10:
../../freertos10_xilinx_bsp_0/ps7_cortexa9_0/include/stream_buffer.h:587:29: note: expected 'BaseType_t * const' {aka 'long int * const'} but argument is of type 'long unsigned int'
          BaseType_t * const pxHigherPriorityTaskWoken ) PRIVILEGED_FUNCTION;
          ~~~~~~~~~~~~~~~~~~~^~~~~~~~~~~~~~~~~~~~~~~~~
../src/main.c: In function 'vTcpStatTask':
../src/main.c:119:29: warning: initialization of 'TickType_t' {aka 'const long unsigned int'} from 'TickType_t (*)(void)' {aka 'long unsigned int (*)(void)'} makes integer from pointer without a cast [-Wint-conversion]
  const TickType_t wike_up = xTaskGetTickCount;
                             ^~~~~~~~~~~~~~~~~
../src/main.c:119:19: warning: unused variable 'wike_up' [-Wunused-variable]
  const TickType_t wike_up = xTaskGetTickCount;
                   ^~~~~~~
../src/main.c: In function 'x1emacif_input_thread':
../src/main.c:134:9: warning: implicit declaration of function 'xemacif_input'; did you mean 'netif_input'? [-Wimplicit-function-declaration]
         xemacif_input(netif);
         ^~~~~~~~~~~~~
         netif_input
'Finished building: ../src/main.c'
' '
'Building target: 123.elf'
'Invoking: ARM v7 gcc linker'
arm-none-eabi-gcc -mcpu=cortex-a9 -mfpu=vfpv3 -mfloat-abi=hard -Wl,-build-id=none -specs=Xilinx.spec -Wl,-T -Wl,../src/lscript.ld -L../../freertos10_xilinx_bsp_0/ps7_cortexa9_0/lib -o "123.elf"  ./src/IntQueueTimer.o ./src/cpu1_init.o ./src/lwip.o ./src/main.o ./src/platform.o ./src/tcp_stack.o ./src/udp_stack.o   -Wl,--start-group,-lxil,-lfreertos,-lgcc,-lc,--end-group -Wl,--start-group,-lxil,-llwip4,-lgcc,-lc,--end-group
'Finished building target: 123.elf'
' '
'Invoking: ARM v7 Print Size'
arm-none-eabi-size 123.elf  |tee "123.elf.size"
   text	   data	    bss	    dec	    hex	filename
 164364	  11700	2152752	2328816	 2388f0	123.elf
'Finished building: 123.elf.size'
' '
15:53:31 **** Incremental Build of configuration Debug for project 123 ****
make pre-build main-build 
a9-linaro-pre-build-step
' '
make: Nothing to be done for 'main-build'.
16:08:00 **** Auto Build of configuration Debug for project 123 ****
make pre-build main-build 
a9-linaro-pre-build-step
' '
'Building file: ../src/main.c'
'Invoking: ARM v7 gcc compiler'
arm-none-eabi-gcc -Wall -O0 -g3 -c -fmessage-length=0 -MT"src/main.o" -mcpu=cortex-a9 -mfpu=vfpv3 -mfloat-abi=hard -I../../freertos10_xilinx_bsp_0/ps7_cortexa9_0/include -MMD -MP -MF"src/main.d" -MT"src/main.o" -o "src/main.o" "../src/main.c"
../src/main.c: In function 'network_init_task':
../src/main.c:36:87: warning: passing argument 6 of 'xTaskCreate' discards 'volatile' qualifier from pointer target type [-Wdiscarded-qualifiers]
   xTaskCreate(udp_send_task, "UDP SEND Task", THREAD_STACKSIZE, NULL, UDP_TASK_PRIO,  &xIrqTaskHandle);
                                                                                       ^~~~~~~~~~~~~~~
In file included from ../src/main.h:27,
                 from ../src/main.c:10:
../../freertos10_xilinx_bsp_0/ps7_cortexa9_0/include/task.h:327:29: note: expected 'struct tskTaskControlBlock ** const' but argument is of type 'struct tskTaskControlBlock * volatile*'
        TaskHandle_t * const pxCreatedTask ) PRIVILEGED_FUNCTION;
        ~~~~~~~~~~~~~~~~~~~~~^~~~~~~~~~~~~
../src/main.c:39:90: warning: passing argument 6 of 'xTaskCreate' discards 'volatile' qualifier from pointer target type [-Wdiscarded-qualifiers]
   xTaskCreate(tcp_parse_task, "TCP PARSE Task", THREAD_STACKSIZE, NULL, TCP_PARSE_PRIO,  &xTcpParseTaskHandle);
                                                                                          ^~~~~~~~~~~~~~~~~~~~
In file included from ../src/main.h:27,
                 from ../src/main.c:10:
../../freertos10_xilinx_bsp_0/ps7_cortexa9_0/include/task.h:327:29: note: expected 'struct tskTaskControlBlock ** const' but argument is of type 'struct tskTaskControlBlock * volatile*'
        TaskHandle_t * const pxCreatedTask ) PRIVILEGED_FUNCTION;
        ~~~~~~~~~~~~~~~~~~~~~^~~~~~~~~~~~~
In file included from ../src/main.h:31,
                 from ../src/main.c:10:
../src/main.c: In function 'tcp_parse_task':
../../freertos10_xilinx_bsp_0/ps7_cortexa9_0/include/projdefs.h:41:37: warning: passing argument 4 of 'xStreamBufferReceiveFromISR' makes pointer from integer without a cast [-Wint-conversion]
  #define pdMS_TO_TICKS( xTimeInMs ) ( ( TickType_t ) ( ( ( TickType_t ) ( xTimeInMs ) * ( TickType_t ) configTICK_RATE_HZ ) / ( TickType_t ) 1000 ) )
                                     ^~~~~~~~~~~~~~~~~~~~~~~~~~~~~~~~~~~~~~~~~~~~~~~~~~~~~~~~~~~~~~~~~~~~~~~~~~~~~~~~~~~~~~~~~~~~~~~~~~~~~~~~~~~~~~~~~
../../freertos10_xilinx_bsp_0/ps7_cortexa9_0/include/message_buffer.h:596:213: note: in definition of macro 'xMessageBufferReceiveFromISR'
 #define xMessageBufferReceiveFromISR( xMessageBuffer, pvRxData, xBufferLengthBytes, pxHigherPriorityTaskWoken ) xStreamBufferReceiveFromISR( ( StreamBufferHandle_t ) xMessageBuffer, pvRxData, xBufferLengthBytes, pxHigherPriorityTaskWoken )
                                                                                                                                                                                                                     ^~~~~~~~~~~~~~~~~~~~~~~~~
../src/main.c:82:77: note: in expansion of macro 'pdMS_TO_TICKS'
   size = xMessageBufferReceiveFromISR(xMsgBuffer, payload, sizeof(payload), pdMS_TO_TICKS(20));
                                                                             ^~~~~~~~~~~~~
In file included from ../../freertos10_xilinx_bsp_0/ps7_cortexa9_0/include/message_buffer.h:66,
                 from ../src/main.h:31,
                 from ../src/main.c:10:
../../freertos10_xilinx_bsp_0/ps7_cortexa9_0/include/stream_buffer.h:587:29: note: expected 'BaseType_t * const' {aka 'long int * const'} but argument is of type 'long unsigned int'
          BaseType_t * const pxHigherPriorityTaskWoken ) PRIVILEGED_FUNCTION;
          ~~~~~~~~~~~~~~~~~~~^~~~~~~~~~~~~~~~~~~~~~~~~
../src/main.c: In function 'vTcpStatTask':
../src/main.c:119:29: warning: initialization of 'TickType_t' {aka 'const long unsigned int'} from 'TickType_t (*)(void)' {aka 'long unsigned int (*)(void)'} makes integer from pointer without a cast [-Wint-conversion]
  const TickType_t wike_up = xTaskGetTickCount;
                             ^~~~~~~~~~~~~~~~~
../src/main.c:119:19: warning: unused variable 'wike_up' [-Wunused-variable]
  const TickType_t wike_up = xTaskGetTickCount;
                   ^~~~~~~
../src/main.c: In function 'x1emacif_input_thread':
../src/main.c:134:9: warning: implicit declaration of function 'xemacif_input'; did you mean 'netif_input'? [-Wimplicit-function-declaration]
         xemacif_input(netif);
         ^~~~~~~~~~~~~
         netif_input
'Finished building: ../src/main.c'
' '
'Building target: 123.elf'
'Invoking: ARM v7 gcc linker'
arm-none-eabi-gcc -mcpu=cortex-a9 -mfpu=vfpv3 -mfloat-abi=hard -Wl,-build-id=none -specs=Xilinx.spec -Wl,-T -Wl,../src/lscript.ld -L../../freertos10_xilinx_bsp_0/ps7_cortexa9_0/lib -o "123.elf"  ./src/IntQueueTimer.o ./src/cpu1_init.o ./src/lwip.o ./src/main.o ./src/platform.o ./src/tcp_stack.o ./src/udp_stack.o   -Wl,--start-group,-lxil,-lfreertos,-lgcc,-lc,--end-group -Wl,--start-group,-lxil,-llwip4,-lgcc,-lc,--end-group
'Finished building target: 123.elf'
' '
'Invoking: ARM v7 Print Size'
arm-none-eabi-size 123.elf  |tee "123.elf.size"
   text	   data	    bss	    dec	    hex	filename
 164364	  11700	2152752	2328816	 2388f0	123.elf
'Finished building: 123.elf.size'
' '
16:08:23 **** Incremental Build of configuration Debug for project 123 ****
make pre-build main-build 
a9-linaro-pre-build-step
' '
make: Nothing to be done for 'main-build'.
16:09:16 **** Auto Build of configuration Debug for project 123 ****
make pre-build main-build 
a9-linaro-pre-build-step
' '
'Building file: ../src/lwip.c'
'Invoking: ARM v7 gcc compiler'
arm-none-eabi-gcc -Wall -O0 -g3 -c -fmessage-length=0 -MT"src/lwip.o" -mcpu=cortex-a9 -mfpu=vfpv3 -mfloat-abi=hard -I../../freertos10_xilinx_bsp_0/ps7_cortexa9_0/include -MMD -MP -MF"src/lwip.d" -MT"src/lwip.o" -o "src/lwip.o" "../src/lwip.c"
../src/lwip.c: In function 'lwip_network_setup':
../src/lwip.c:23:10: warning: implicit declaration of function 'xemac_add'; did you mean 'netif_add'? [-Wimplicit-function-declaration]
     if (!xemac_add(&server_netif, &ipaddr, &netmask, &gw, mac, XPAR_XEMACPS_0_BASEADDR))
          ^~~~~~~~~
          netif_add
../src/lwip.c: In function 'udp_package_send':
../src/lwip.c:57:8: warning: unused variable 'err' [-Wunused-variable]
  err_t err = send_udp_data(sender);
        ^~~
../src/lwip.c: In function 'parse_msg':
../src/lwip.c:144:11: warning: unused variable 'test_tetrada' [-Wunused-variable]
   uint8_t test_tetrada = 0x0F;
           ^~~~~~~~~~~~
'Finished building: ../src/lwip.c'
' '
'Building target: 123.elf'
'Invoking: ARM v7 gcc linker'
arm-none-eabi-gcc -mcpu=cortex-a9 -mfpu=vfpv3 -mfloat-abi=hard -Wl,-build-id=none -specs=Xilinx.spec -Wl,-T -Wl,../src/lscript.ld -L../../freertos10_xilinx_bsp_0/ps7_cortexa9_0/lib -o "123.elf"  ./src/IntQueueTimer.o ./src/cpu1_init.o ./src/lwip.o ./src/main.o ./src/platform.o ./src/tcp_stack.o ./src/udp_stack.o   -Wl,--start-group,-lxil,-lfreertos,-lgcc,-lc,--end-group -Wl,--start-group,-lxil,-llwip4,-lgcc,-lc,--end-group
'Finished building target: 123.elf'
' '
'Invoking: ARM v7 Print Size'
arm-none-eabi-size 123.elf  |tee "123.elf.size"
   text	   data	    bss	    dec	    hex	filename
 164300	  11700	2152752	2328752	 2388b0	123.elf
'Finished building: 123.elf.size'
' '
16:09:23 **** Incremental Build of configuration Debug for project 123 ****
make pre-build main-build 
a9-linaro-pre-build-step
' '
make: Nothing to be done for 'main-build'.
16:10:08 **** Auto Build of configuration Debug for project 123 ****
make pre-build main-build 
a9-linaro-pre-build-step
' '
'Building file: ../src/lwip.c'
'Invoking: ARM v7 gcc compiler'
arm-none-eabi-gcc -Wall -O0 -g3 -c -fmessage-length=0 -MT"src/lwip.o" -mcpu=cortex-a9 -mfpu=vfpv3 -mfloat-abi=hard -I../../freertos10_xilinx_bsp_0/ps7_cortexa9_0/include -MMD -MP -MF"src/lwip.d" -MT"src/lwip.o" -o "src/lwip.o" "../src/lwip.c"
../src/lwip.c: In function 'lwip_network_setup':
../src/lwip.c:23:10: warning: implicit declaration of function 'xemac_add'; did you mean 'netif_add'? [-Wimplicit-function-declaration]
     if (!xemac_add(&server_netif, &ipaddr, &netmask, &gw, mac, XPAR_XEMACPS_0_BASEADDR))
          ^~~~~~~~~
          netif_add
../src/lwip.c: In function 'udp_package_send':
../src/lwip.c:57:8: warning: unused variable 'err' [-Wunused-variable]
  err_t err = send_udp_data(sender);
        ^~~
../src/lwip.c: In function 'parse_msg':
../src/lwip.c:144:11: warning: unused variable 'test_tetrada' [-Wunused-variable]
   uint8_t test_tetrada = 0x0F;
           ^~~~~~~~~~~~
'Finished building: ../src/lwip.c'
' '
'Building target: 123.elf'
'Invoking: ARM v7 gcc linker'
arm-none-eabi-gcc -mcpu=cortex-a9 -mfpu=vfpv3 -mfloat-abi=hard -Wl,-build-id=none -specs=Xilinx.spec -Wl,-T -Wl,../src/lscript.ld -L../../freertos10_xilinx_bsp_0/ps7_cortexa9_0/lib -o "123.elf"  ./src/IntQueueTimer.o ./src/cpu1_init.o ./src/lwip.o ./src/main.o ./src/platform.o ./src/tcp_stack.o ./src/udp_stack.o   -Wl,--start-group,-lxil,-lfreertos,-lgcc,-lc,--end-group -Wl,--start-group,-lxil,-llwip4,-lgcc,-lc,--end-group
'Finished building target: 123.elf'
' '
'Invoking: ARM v7 Print Size'
arm-none-eabi-size 123.elf  |tee "123.elf.size"
   text	   data	    bss	    dec	    hex	filename
 164300	  11700	2152752	2328752	 2388b0	123.elf
'Finished building: 123.elf.size'
' '
16:10:13 **** Incremental Build of configuration Debug for project 123 ****
make pre-build main-build 
a9-linaro-pre-build-step
' '
make: Nothing to be done for 'main-build'.
16:12:43 **** Auto Build of configuration Debug for project 123 ****
make pre-build main-build 
a9-linaro-pre-build-step
' '
'Building file: ../src/lwip.c'
'Invoking: ARM v7 gcc compiler'
arm-none-eabi-gcc -Wall -O0 -g3 -c -fmessage-length=0 -MT"src/lwip.o" -mcpu=cortex-a9 -mfpu=vfpv3 -mfloat-abi=hard -I../../freertos10_xilinx_bsp_0/ps7_cortexa9_0/include -MMD -MP -MF"src/lwip.d" -MT"src/lwip.o" -o "src/lwip.o" "../src/lwip.c"
../src/lwip.c: In function 'lwip_network_setup':
../src/lwip.c:23:10: warning: implicit declaration of function 'xemac_add'; did you mean 'netif_add'? [-Wimplicit-function-declaration]
     if (!xemac_add(&server_netif, &ipaddr, &netmask, &gw, mac, XPAR_XEMACPS_0_BASEADDR))
          ^~~~~~~~~
          netif_add
../src/lwip.c: In function 'udp_package_send':
../src/lwip.c:57:8: warning: unused variable 'err' [-Wunused-variable]
  err_t err = send_udp_data(sender);
        ^~~
../src/lwip.c: In function 'parse_msg':
../src/lwip.c:144:11: warning: unused variable 'test_tetrada' [-Wunused-variable]
   uint8_t test_tetrada = 0x0F;
           ^~~~~~~~~~~~
'Finished building: ../src/lwip.c'
' '
'Building target: 123.elf'
'Invoking: ARM v7 gcc linker'
arm-none-eabi-gcc -mcpu=cortex-a9 -mfpu=vfpv3 -mfloat-abi=hard -Wl,-build-id=none -specs=Xilinx.spec -Wl,-T -Wl,../src/lscript.ld -L../../freertos10_xilinx_bsp_0/ps7_cortexa9_0/lib -o "123.elf"  ./src/IntQueueTimer.o ./src/cpu1_init.o ./src/lwip.o ./src/main.o ./src/platform.o ./src/tcp_stack.o ./src/udp_stack.o   -Wl,--start-group,-lxil,-lfreertos,-lgcc,-lc,--end-group -Wl,--start-group,-lxil,-llwip4,-lgcc,-lc,--end-group
'Finished building target: 123.elf'
' '
'Invoking: ARM v7 Print Size'
arm-none-eabi-size 123.elf  |tee "123.elf.size"
   text	   data	    bss	    dec	    hex	filename
 164300	  11700	2152752	2328752	 2388b0	123.elf
'Finished building: 123.elf.size'
' '
16:12:47 **** Incremental Build of configuration Debug for project 123 ****
make pre-build main-build 
a9-linaro-pre-build-step
' '
make: Nothing to be done for 'main-build'.
16:13:13 **** Incremental Build of configuration Debug for project 123 ****
make pre-build main-build 
a9-linaro-pre-build-step
' '
make: Nothing to be done for 'main-build'.
16:13:51 **** Auto Build of configuration Debug for project 123 ****
make pre-build main-build 
a9-linaro-pre-build-step
' '
'Building file: ../src/lwip.c'
'Invoking: ARM v7 gcc compiler'
arm-none-eabi-gcc -Wall -O0 -g3 -c -fmessage-length=0 -MT"src/lwip.o" -mcpu=cortex-a9 -mfpu=vfpv3 -mfloat-abi=hard -I../../freertos10_xilinx_bsp_0/ps7_cortexa9_0/include -MMD -MP -MF"src/lwip.d" -MT"src/lwip.o" -o "src/lwip.o" "../src/lwip.c"
../src/lwip.c: In function 'lwip_network_setup':
../src/lwip.c:23:10: warning: implicit declaration of function 'xemac_add'; did you mean 'netif_add'? [-Wimplicit-function-declaration]
     if (!xemac_add(&server_netif, &ipaddr, &netmask, &gw, mac, XPAR_XEMACPS_0_BASEADDR))
          ^~~~~~~~~
          netif_add
../src/lwip.c: In function 'udp_package_send':
../src/lwip.c:57:8: warning: unused variable 'err' [-Wunused-variable]
  err_t err = send_udp_data(sender);
        ^~~
../src/lwip.c: In function 'parse_msg':
../src/lwip.c:144:11: warning: unused variable 'test_tetrada' [-Wunused-variable]
   uint8_t test_tetrada = 0x0F;
           ^~~~~~~~~~~~
'Finished building: ../src/lwip.c'
' '
'Building target: 123.elf'
'Invoking: ARM v7 gcc linker'
arm-none-eabi-gcc -mcpu=cortex-a9 -mfpu=vfpv3 -mfloat-abi=hard -Wl,-build-id=none -specs=Xilinx.spec -Wl,-T -Wl,../src/lscript.ld -L../../freertos10_xilinx_bsp_0/ps7_cortexa9_0/lib -o "123.elf"  ./src/IntQueueTimer.o ./src/cpu1_init.o ./src/lwip.o ./src/main.o ./src/platform.o ./src/tcp_stack.o ./src/udp_stack.o   -Wl,--start-group,-lxil,-lfreertos,-lgcc,-lc,--end-group -Wl,--start-group,-lxil,-llwip4,-lgcc,-lc,--end-group
'Finished building target: 123.elf'
' '
'Invoking: ARM v7 Print Size'
arm-none-eabi-size 123.elf  |tee "123.elf.size"
   text	   data	    bss	    dec	    hex	filename
 164300	  11700	2152752	2328752	 2388b0	123.elf
'Finished building: 123.elf.size'
' '
16:13:53 **** Incremental Build of configuration Debug for project 123 ****
make pre-build main-build 
a9-linaro-pre-build-step
' '
make: Nothing to be done for 'main-build'.
16:18:04 **** Auto Build of configuration Debug for project 123 ****
make pre-build main-build 
a9-linaro-pre-build-step
' '
'Building file: ../src/main.c'
'Invoking: ARM v7 gcc compiler'
arm-none-eabi-gcc -Wall -O0 -g3 -c -fmessage-length=0 -MT"src/main.o" -mcpu=cortex-a9 -mfpu=vfpv3 -mfloat-abi=hard -I../../freertos10_xilinx_bsp_0/ps7_cortexa9_0/include -MMD -MP -MF"src/main.d" -MT"src/main.o" -o "src/main.o" "../src/main.c"
../src/main.c: In function 'network_init_task':
../src/main.c:36:87: warning: passing argument 6 of 'xTaskCreate' discards 'volatile' qualifier from pointer target type [-Wdiscarded-qualifiers]
   xTaskCreate(udp_send_task, "UDP SEND Task", THREAD_STACKSIZE, NULL, UDP_TASK_PRIO,  &xIrqTaskHandle);
                                                                                       ^~~~~~~~~~~~~~~
In file included from ../src/main.h:27,
                 from ../src/main.c:10:
../../freertos10_xilinx_bsp_0/ps7_cortexa9_0/include/task.h:327:29: note: expected 'struct tskTaskControlBlock ** const' but argument is of type 'struct tskTaskControlBlock * volatile*'
        TaskHandle_t * const pxCreatedTask ) PRIVILEGED_FUNCTION;
        ~~~~~~~~~~~~~~~~~~~~~^~~~~~~~~~~~~
../src/main.c:39:90: warning: passing argument 6 of 'xTaskCreate' discards 'volatile' qualifier from pointer target type [-Wdiscarded-qualifiers]
   xTaskCreate(tcp_parse_task, "TCP PARSE Task", THREAD_STACKSIZE, NULL, TCP_PARSE_PRIO,  &xTcpParseTaskHandle);
                                                                                          ^~~~~~~~~~~~~~~~~~~~
In file included from ../src/main.h:27,
                 from ../src/main.c:10:
../../freertos10_xilinx_bsp_0/ps7_cortexa9_0/include/task.h:327:29: note: expected 'struct tskTaskControlBlock ** const' but argument is of type 'struct tskTaskControlBlock * volatile*'
        TaskHandle_t * const pxCreatedTask ) PRIVILEGED_FUNCTION;
        ~~~~~~~~~~~~~~~~~~~~~^~~~~~~~~~~~~
In file included from ../src/main.h:31,
                 from ../src/main.c:10:
../src/main.c: In function 'tcp_parse_task':
../../freertos10_xilinx_bsp_0/ps7_cortexa9_0/include/projdefs.h:41:37: warning: passing argument 4 of 'xStreamBufferReceiveFromISR' makes pointer from integer without a cast [-Wint-conversion]
  #define pdMS_TO_TICKS( xTimeInMs ) ( ( TickType_t ) ( ( ( TickType_t ) ( xTimeInMs ) * ( TickType_t ) configTICK_RATE_HZ ) / ( TickType_t ) 1000 ) )
                                     ^~~~~~~~~~~~~~~~~~~~~~~~~~~~~~~~~~~~~~~~~~~~~~~~~~~~~~~~~~~~~~~~~~~~~~~~~~~~~~~~~~~~~~~~~~~~~~~~~~~~~~~~~~~~~~~~~
../../freertos10_xilinx_bsp_0/ps7_cortexa9_0/include/message_buffer.h:596:213: note: in definition of macro 'xMessageBufferReceiveFromISR'
 #define xMessageBufferReceiveFromISR( xMessageBuffer, pvRxData, xBufferLengthBytes, pxHigherPriorityTaskWoken ) xStreamBufferReceiveFromISR( ( StreamBufferHandle_t ) xMessageBuffer, pvRxData, xBufferLengthBytes, pxHigherPriorityTaskWoken )
                                                                                                                                                                                                                     ^~~~~~~~~~~~~~~~~~~~~~~~~
../src/main.c:82:77: note: in expansion of macro 'pdMS_TO_TICKS'
   size = xMessageBufferReceiveFromISR(xMsgBuffer, payload, sizeof(payload), pdMS_TO_TICKS(20));
                                                                             ^~~~~~~~~~~~~
In file included from ../../freertos10_xilinx_bsp_0/ps7_cortexa9_0/include/message_buffer.h:66,
                 from ../src/main.h:31,
                 from ../src/main.c:10:
../../freertos10_xilinx_bsp_0/ps7_cortexa9_0/include/stream_buffer.h:587:29: note: expected 'BaseType_t * const' {aka 'long int * const'} but argument is of type 'long unsigned int'
          BaseType_t * const pxHigherPriorityTaskWoken ) PRIVILEGED_FUNCTION;
          ~~~~~~~~~~~~~~~~~~~^~~~~~~~~~~~~~~~~~~~~~~~~
../src/main.c: In function 'vTcpStatTask':
../src/main.c:119:29: warning: initialization of 'TickType_t' {aka 'const long unsigned int'} from 'TickType_t (*)(void)' {aka 'long unsigned int (*)(void)'} makes integer from pointer without a cast [-Wint-conversion]
  const TickType_t wike_up = xTaskGetTickCount;
                             ^~~~~~~~~~~~~~~~~
../src/main.c:119:19: warning: unused variable 'wike_up' [-Wunused-variable]
  const TickType_t wike_up = xTaskGetTickCount;
                   ^~~~~~~
../src/main.c: In function 'x1emacif_input_thread':
../src/main.c:135:9: warning: implicit declaration of function 'xemacif_input'; did you mean 'netif_input'? [-Wimplicit-function-declaration]
         xemacif_input(netif);
         ^~~~~~~~~~~~~
         netif_input
'Finished building: ../src/main.c'
' '
'Building file: ../src/tcp_stack.c'
'Invoking: ARM v7 gcc compiler'
arm-none-eabi-gcc -Wall -O0 -g3 -c -fmessage-length=0 -MT"src/tcp_stack.o" -mcpu=cortex-a9 -mfpu=vfpv3 -mfloat-abi=hard -I../../freertos10_xilinx_bsp_0/ps7_cortexa9_0/include -MMD -MP -MF"src/tcp_stack.d" -MT"src/tcp_stack.o" -o "src/tcp_stack.o" "../src/tcp_stack.c"
../src/tcp_stack.c: In function 'create_tcp_monitor':
../src/tcp_stack.c:11:5: warning: implicit declaration of function 'memset' [-Wimplicit-function-declaration]
     memset(monitor, 0, sizeof(tcp_monitor_t));
     ^~~~~~
../src/tcp_stack.c:11:5: warning: incompatible implicit declaration of built-in function 'memset'
../src/tcp_stack.c:11:5: note: include '<string.h>' or provide a declaration of 'memset'
../src/tcp_stack.c:2:1:
+#include <string.h>
 
../src/tcp_stack.c:11:5:
     memset(monitor, 0, sizeof(tcp_monitor_t));
     ^~~~~~
../src/tcp_stack.c:14:30: warning: implicit declaration of function 'xTaskGetTickCount' [-Wimplicit-function-declaration]
     monitor->creation_time = xTaskGetTickCount();
                              ^~~~~~~~~~~~~~~~~
../src/tcp_stack.c:23:13: warning: implicit declaration of function 'strcpy' [-Wimplicit-function-declaration]
             strcpy(monitor->remote_ip_str, "0.0.0.0");
             ^~~~~~
../src/tcp_stack.c:23:13: warning: incompatible implicit declaration of built-in function 'strcpy'
../src/tcp_stack.c:23:13: note: include '<string.h>' or provide a declaration of 'strcpy'
../src/tcp_stack.c: In function 'update_monitor':
../src/tcp_stack.c:32:9: warning: 'return' with no value, in function returning non-void
         return;
         ^~~~~~
../src/tcp_stack.c:29:7: note: declared here
 err_t update_monitor(tcp_monitor_t *monitor){
       ^~~~~~~~~~~~~~
../src/tcp_stack.c: In function 'print_status':
../src/tcp_stack.c:46:9: warning: 'return' with no value, in function returning non-void
         return;
         ^~~~~~
../src/tcp_stack.c:44:7: note: declared here
 err_t print_status(tcp_monitor_t *monitor){
       ^~~~~~~~~~~~
../src/tcp_stack.c:48:5: warning: implicit declaration of function 'xil_printf'; did you mean 'viprintf'? [-Wimplicit-function-declaration]
     xil_printf("\n======== TCP Connection Monitor ========\n");
     ^~~~~~~~~~
     viprintf
'Finished building: ../src/tcp_stack.c'
' '
'Building target: 123.elf'
'Invoking: ARM v7 gcc linker'
arm-none-eabi-gcc -mcpu=cortex-a9 -mfpu=vfpv3 -mfloat-abi=hard -Wl,-build-id=none -specs=Xilinx.spec -Wl,-T -Wl,../src/lscript.ld -L../../freertos10_xilinx_bsp_0/ps7_cortexa9_0/lib -o "123.elf"  ./src/IntQueueTimer.o ./src/cpu1_init.o ./src/lwip.o ./src/main.o ./src/platform.o ./src/tcp_stack.o ./src/udp_stack.o   -Wl,--start-group,-lxil,-lfreertos,-lgcc,-lc,--end-group -Wl,--start-group,-lxil,-llwip4,-lgcc,-lc,--end-group
'Finished building target: 123.elf'
' '
'Invoking: ARM v7 Print Size'
arm-none-eabi-size 123.elf  |tee "123.elf.size"
   text	   data	    bss	    dec	    hex	filename
 164364	  11700	2152752	2328816	 2388f0	123.elf
'Finished building: 123.elf.size'
' '
16:18:07 **** Incremental Build of configuration Debug for project 123 ****
make pre-build main-build 
a9-linaro-pre-build-step
' '
make: Nothing to be done for 'main-build'.
